<html>
<body>
<pre>
<h1>µVision Build Log</h1>
<h2>Tool Versions:</h2>
IDE-Version: ¦ÌVision V5.42.0.0
Copyright (C) 2025 ARM Ltd and ARM Germany GmbH. All rights reserved.
License Information: lang ïüº£Õý, A, LIC=PE7DL-08DDS-KPBZY-IVF13-D2AWP-6BLZ5
 
Tool Versions:
Toolchain:       MDK-ARM Plus  Version: 5.42.0.0
Toolchain Path:  E:\soft\Keil5\ARM\ARMCC\Bin
C Compiler:      Armcc.exe V5.06 update 5 (build 528)
Assembler:       Armasm.exe V5.06 update 5 (build 528)
Linker/Locator:  ArmLink.exe V5.06 update 5 (build 528)
Library Manager: ArmAr.exe V5.06 update 5 (build 528)
Hex Converter:   FromElf.exe V5.06 update 5 (build 528)
CPU DLL:         SARMCM3.DLL V5.42.0.0
Dialog DLL:      DCM.DLL V1.17.5.0
Target DLL:      STLink\ST-LINKIII-KEIL_SWO.dll V3.3.0.0
Dialog DLL:      TCM.DLL V1.56.6.0
 
<h2>Project:</h2>
C:\Users\Lang\Desktop\code\gd32\GD32F103C8T6\Project\project.uvprojx
Project File Date:  03/12/2026

<h2>Output:</h2>
*** Using Compiler 'V5.06 update 5 (build 528)', folder: 'E:\soft\Keil5\ARM\ARMCC\Bin'
Rebuild target 'GD32F103C8T6'
assembling startup_gd32f10x_md.s...
compiling delay.c...
compiling systick.c...
compiling gd32f10x_dbg.c...
compiling gd32f10x_bkp.c...
compiling system_gd32f10x.c...
compiling gd32f10x_it.c...
compiling gd32f10x_crc.c...
compiling gd32f10x_dac.c...
compiling main.c...
compiling gd32f10x_adc.c...
compiling gd32f10x_dma.c...
compiling gd32f10x_can.c...
compiling gd32f10x_enet.c...
compiling gd32f10x_exmc.c...
compiling gd32f10x_exti.c...
compiling gd32f10x_fwdgt.c...
compiling gd32f10x_fmc.c...
compiling gd32f10x_gpio.c...
compiling gd32f10x_misc.c...
compiling gd32f10x_i2c.c...
compiling gd32f10x_pmu.c...
compiling gd32f10x_rtc.c...
compiling gd32f10x_rcu.c...
compiling gd32f10x_sdio.c...
compiling OLED_Data.c...
compiling gd32f10x_spi.c...
compiling gd32f10x_usart.c...
compiling gd32f10x_timer.c...
compiling gd32f10x_wwdgt.c...
compiling driver_usart.c...
compiling driver_i2c.c...
compiling driver_encoder.c...
compiling iic_light.c...
compiling driver_light.c...
compiling driver_bluetooth.c...
compiling driver_oled.c...
compiling driver_led.c...
compiling driver_timer.c...
compiling driver_soil.c...
compiling driver_rain.c...
compiling driver_adc.c...
compiling driver_aht20.c...
compiling driver_bmp280.c...
linking...
Program Size: Code=16370 RO-data=2662 RW-data=48 ZI-data=9496  
FromELF: creating hex file...
"..\Output\project.axf" - 0 Error(s), 0 Warning(s).

<h2>Software Packages used:</h2>

Package Vendor: GigaDevice
                https://gd32mcu.com/data/documents/pack/GigaDevice.GD32F10x_DFP.2.3.0.pack
                GigaDevice::GD32F10x_DFP@2.3.0
                GigaDevice GD32F10x Series Device Support and Examples

<h2>Collection of Component include folders:</h2>
  E:/soft/Keil5/ARM/PACK/GigaDevice/GD32F10x_DFP/2.3.0/Device/Include

<h2>Collection of Component Files used:</h2>
Build Time Elapsed:  00:00:03
</pre>
</body>
</html>
