Component: ARM Compiler 5.06 update 5 (build 528) Tool: armlink [4d35e2]

==============================================================================

Section Cross References

    main.o(i.main) refers to gd32f10x_misc.o(i.nvic_priority_group_set) for nvic_priority_group_set
    main.o(i.main) refers to driver_led.o(i.led_init) for led_init
    main.o(i.main) refers to delay.o(i.DelayInit) for DelayInit
    main.o(i.main) refers to driver_usart.o(i.usart_config) for usart_config
    main.o(i.main) refers to driver_bluetooth.o(i.blt_config) for blt_config
    main.o(i.main) refers to driver_timer.o(i.timer2_config) for timer2_config
    main.o(i.main) refers to driver_oled.o(i.OLED_Init) for OLED_Init
    main.o(i.main) refers to driver_encoder.o(i.Encoder_Init) for Encoder_Init
    main.o(i.main) refers to iic_light.o(i.IIC_Light_Init) for IIC_Light_Init
    main.o(i.main) refers to driver_aht20.o(i.AHT20_Init) for AHT20_Init
    main.o(i.main) refers to driver_bmp280.o(i.BMP280_Init) for BMP280_Init
    main.o(i.main) refers to driver_key.o(i.Key_Init) for Key_Init
    main.o(i.main) refers to driver_w25q64.o(i.W25Q64_Init) for W25Q64_Init
    main.o(i.main) refers to driver_buzzer.o(i.Buzzer_PWM_Init) for Buzzer_PWM_Init
    main.o(i.main) refers to driver_adc.o(i.ADC_DMA_MultiChannel_Init) for ADC_DMA_MultiChannel_Init
    main.o(i.main) refers to driver_oled.o(i.OLED_ShowString) for OLED_ShowString
    main.o(i.main) refers to driver_oled.o(i.OLED_Update) for OLED_Update
    main.o(i.main) refers to driver_key.o(i.Key_Scan) for Key_Scan
    main.o(i.main) refers to printfa.o(i.__0printf) for __2printf
    main.o(i.main) refers to driver_led.o(i.led_toggle) for led_toggle
    main.o(i.main) refers to delay.o(i.DelayNms) for DelayNms
    delay.o(i.DelayNms) refers to delay.o(i.DelayNus) for DelayNus
    delay.o(i.DelayNus) refers to gd32f10x_rcu.o(i.rcu_clock_freq_get) for rcu_clock_freq_get
    gd32f10x_it.o(i.SysTick_Handler) refers to systick.o(i.delay_decrement) for delay_decrement
    systick.o(i.delay_1ms) refers to systick.o(.data) for delay
    systick.o(i.delay_decrement) refers to systick.o(.data) for delay
    systick.o(i.systick_config) refers to systick.o(i.NVIC_SetPriority) for NVIC_SetPriority
    systick.o(i.systick_config) refers to system_gd32f10x.o(.data) for SystemCoreClock
    system_gd32f10x.o(i.SystemCoreClockUpdate) refers to system_gd32f10x.o(.data) for SystemCoreClock
    system_gd32f10x.o(i.SystemInit) refers to system_gd32f10x.o(i.system_clock_config) for system_clock_config
    system_gd32f10x.o(i.SystemInit) refers to gd32f10x_misc.o(i.nvic_vector_table_set) for nvic_vector_table_set
    system_gd32f10x.o(i.system_clock_config) refers to system_gd32f10x.o(i.system_clock_108m_hxtal) for system_clock_108m_hxtal
    startup_gd32f10x_md.o(RESET) refers to startup_gd32f10x_md.o(STACK) for __initial_sp
    startup_gd32f10x_md.o(RESET) refers to startup_gd32f10x_md.o(.text) for Reset_Handler
    startup_gd32f10x_md.o(RESET) refers to gd32f10x_it.o(i.NMI_Handler) for NMI_Handler
    startup_gd32f10x_md.o(RESET) refers to gd32f10x_it.o(i.HardFault_Handler) for HardFault_Handler
    startup_gd32f10x_md.o(RESET) refers to gd32f10x_it.o(i.MemManage_Handler) for MemManage_Handler
    startup_gd32f10x_md.o(RESET) refers to gd32f10x_it.o(i.BusFault_Handler) for BusFault_Handler
    startup_gd32f10x_md.o(RESET) refers to gd32f10x_it.o(i.UsageFault_Handler) for UsageFault_Handler
    startup_gd32f10x_md.o(RESET) refers to gd32f10x_it.o(i.SVC_Handler) for SVC_Handler
    startup_gd32f10x_md.o(RESET) refers to gd32f10x_it.o(i.DebugMon_Handler) for DebugMon_Handler
    startup_gd32f10x_md.o(RESET) refers to gd32f10x_it.o(i.PendSV_Handler) for PendSV_Handler
    startup_gd32f10x_md.o(RESET) refers to gd32f10x_it.o(i.SysTick_Handler) for SysTick_Handler
    startup_gd32f10x_md.o(RESET) refers to driver_encoder.o(i.EXTI0_IRQHandler) for EXTI0_IRQHandler
    startup_gd32f10x_md.o(RESET) refers to driver_encoder.o(i.EXTI1_IRQHandler) for EXTI1_IRQHandler
    startup_gd32f10x_md.o(RESET) refers to driver_timer.o(i.TIMER2_IRQHandler) for TIMER2_IRQHandler
    startup_gd32f10x_md.o(RESET) refers to driver_usart.o(i.USART0_IRQHandler) for USART0_IRQHandler
    startup_gd32f10x_md.o(RESET) refers to driver_bluetooth.o(i.USART1_IRQHandler) for USART1_IRQHandler
    startup_gd32f10x_md.o(.text) refers to system_gd32f10x.o(i.SystemInit) for SystemInit
    startup_gd32f10x_md.o(.text) refers to entry.o(.ARM.Collect$$$$00000000) for __main
    gd32f10x_adc.o(i.adc_deinit) refers to gd32f10x_rcu.o(i.rcu_periph_reset_enable) for rcu_periph_reset_enable
    gd32f10x_adc.o(i.adc_deinit) refers to gd32f10x_rcu.o(i.rcu_periph_reset_disable) for rcu_periph_reset_disable
    gd32f10x_bkp.o(i.bkp_deinit) refers to gd32f10x_rcu.o(i.rcu_bkp_reset_enable) for rcu_bkp_reset_enable
    gd32f10x_bkp.o(i.bkp_deinit) refers to gd32f10x_rcu.o(i.rcu_bkp_reset_disable) for rcu_bkp_reset_disable
    gd32f10x_can.o(i.can_debug_freeze_disable) refers to gd32f10x_dbg.o(i.dbg_periph_enable) for dbg_periph_enable
    gd32f10x_can.o(i.can_debug_freeze_enable) refers to gd32f10x_dbg.o(i.dbg_periph_enable) for dbg_periph_enable
    gd32f10x_can.o(i.can_deinit) refers to gd32f10x_rcu.o(i.rcu_periph_reset_enable) for rcu_periph_reset_enable
    gd32f10x_can.o(i.can_deinit) refers to gd32f10x_rcu.o(i.rcu_periph_reset_disable) for rcu_periph_reset_disable
    gd32f10x_can.o(i.can_interrupt_flag_get) refers to gd32f10x_can.o(i.can_receive_message_length_get) for can_receive_message_length_get
    gd32f10x_can.o(i.can_interrupt_flag_get) refers to gd32f10x_can.o(i.can_error_get) for can_error_get
    gd32f10x_dac.o(i.dac_deinit) refers to gd32f10x_rcu.o(i.rcu_periph_reset_enable) for rcu_periph_reset_enable
    gd32f10x_dac.o(i.dac_deinit) refers to gd32f10x_rcu.o(i.rcu_periph_reset_disable) for rcu_periph_reset_disable
    gd32f10x_dma.o(i.dma_channel_disable) refers to gd32f10x_dma.o(i.dma_periph_and_channel_check) for dma_periph_and_channel_check
    gd32f10x_dma.o(i.dma_channel_enable) refers to gd32f10x_dma.o(i.dma_periph_and_channel_check) for dma_periph_and_channel_check
    gd32f10x_dma.o(i.dma_circulation_disable) refers to gd32f10x_dma.o(i.dma_periph_and_channel_check) for dma_periph_and_channel_check
    gd32f10x_dma.o(i.dma_circulation_enable) refers to gd32f10x_dma.o(i.dma_periph_and_channel_check) for dma_periph_and_channel_check
    gd32f10x_dma.o(i.dma_deinit) refers to gd32f10x_dma.o(i.dma_periph_and_channel_check) for dma_periph_and_channel_check
    gd32f10x_dma.o(i.dma_init) refers to gd32f10x_dma.o(i.dma_periph_and_channel_check) for dma_periph_and_channel_check
    gd32f10x_dma.o(i.dma_interrupt_disable) refers to gd32f10x_dma.o(i.dma_periph_and_channel_check) for dma_periph_and_channel_check
    gd32f10x_dma.o(i.dma_interrupt_enable) refers to gd32f10x_dma.o(i.dma_periph_and_channel_check) for dma_periph_and_channel_check
    gd32f10x_dma.o(i.dma_memory_address_config) refers to gd32f10x_dma.o(i.dma_periph_and_channel_check) for dma_periph_and_channel_check
    gd32f10x_dma.o(i.dma_memory_increase_disable) refers to gd32f10x_dma.o(i.dma_periph_and_channel_check) for dma_periph_and_channel_check
    gd32f10x_dma.o(i.dma_memory_increase_enable) refers to gd32f10x_dma.o(i.dma_periph_and_channel_check) for dma_periph_and_channel_check
    gd32f10x_dma.o(i.dma_memory_to_memory_disable) refers to gd32f10x_dma.o(i.dma_periph_and_channel_check) for dma_periph_and_channel_check
    gd32f10x_dma.o(i.dma_memory_to_memory_enable) refers to gd32f10x_dma.o(i.dma_periph_and_channel_check) for dma_periph_and_channel_check
    gd32f10x_dma.o(i.dma_memory_width_config) refers to gd32f10x_dma.o(i.dma_periph_and_channel_check) for dma_periph_and_channel_check
    gd32f10x_dma.o(i.dma_periph_address_config) refers to gd32f10x_dma.o(i.dma_periph_and_channel_check) for dma_periph_and_channel_check
    gd32f10x_dma.o(i.dma_periph_increase_disable) refers to gd32f10x_dma.o(i.dma_periph_and_channel_check) for dma_periph_and_channel_check
    gd32f10x_dma.o(i.dma_periph_increase_enable) refers to gd32f10x_dma.o(i.dma_periph_and_channel_check) for dma_periph_and_channel_check
    gd32f10x_dma.o(i.dma_periph_width_config) refers to gd32f10x_dma.o(i.dma_periph_and_channel_check) for dma_periph_and_channel_check
    gd32f10x_dma.o(i.dma_priority_config) refers to gd32f10x_dma.o(i.dma_periph_and_channel_check) for dma_periph_and_channel_check
    gd32f10x_dma.o(i.dma_transfer_direction_config) refers to gd32f10x_dma.o(i.dma_periph_and_channel_check) for dma_periph_and_channel_check
    gd32f10x_dma.o(i.dma_transfer_number_config) refers to gd32f10x_dma.o(i.dma_periph_and_channel_check) for dma_periph_and_channel_check
    gd32f10x_dma.o(i.dma_transfer_number_get) refers to gd32f10x_dma.o(i.dma_periph_and_channel_check) for dma_periph_and_channel_check
    gd32f10x_fmc.o(i.fmc_bank0_erase) refers to gd32f10x_fmc.o(i.fmc_bank0_ready_wait) for fmc_bank0_ready_wait
    gd32f10x_fmc.o(i.fmc_bank0_ready_wait) refers to gd32f10x_fmc.o(i.fmc_bank0_state_get) for fmc_bank0_state_get
    gd32f10x_fmc.o(i.fmc_bank1_erase) refers to gd32f10x_fmc.o(i.fmc_bank1_ready_wait) for fmc_bank1_ready_wait
    gd32f10x_fmc.o(i.fmc_bank1_ready_wait) refers to gd32f10x_fmc.o(i.fmc_bank1_state_get) for fmc_bank1_state_get
    gd32f10x_fmc.o(i.fmc_halfword_program) refers to gd32f10x_fmc.o(i.fmc_bank0_ready_wait) for fmc_bank0_ready_wait
    gd32f10x_fmc.o(i.fmc_halfword_program) refers to gd32f10x_fmc.o(i.fmc_bank1_ready_wait) for fmc_bank1_ready_wait
    gd32f10x_fmc.o(i.fmc_mass_erase) refers to gd32f10x_fmc.o(i.fmc_bank0_ready_wait) for fmc_bank0_ready_wait
    gd32f10x_fmc.o(i.fmc_mass_erase) refers to gd32f10x_fmc.o(i.fmc_bank1_ready_wait) for fmc_bank1_ready_wait
    gd32f10x_fmc.o(i.fmc_page_erase) refers to gd32f10x_fmc.o(i.fmc_bank0_ready_wait) for fmc_bank0_ready_wait
    gd32f10x_fmc.o(i.fmc_page_erase) refers to gd32f10x_fmc.o(i.fmc_bank1_ready_wait) for fmc_bank1_ready_wait
    gd32f10x_fmc.o(i.fmc_word_program) refers to gd32f10x_fmc.o(i.fmc_bank0_ready_wait) for fmc_bank0_ready_wait
    gd32f10x_fmc.o(i.fmc_word_program) refers to gd32f10x_fmc.o(i.fmc_bank1_ready_wait) for fmc_bank1_ready_wait
    gd32f10x_fmc.o(i.ob_data_program) refers to gd32f10x_fmc.o(i.fmc_bank0_ready_wait) for fmc_bank0_ready_wait
    gd32f10x_fmc.o(i.ob_erase) refers to gd32f10x_fmc.o(i.fmc_bank0_ready_wait) for fmc_bank0_ready_wait
    gd32f10x_fmc.o(i.ob_erase) refers to gd32f10x_fmc.o(i.ob_spc_get) for ob_spc_get
    gd32f10x_fmc.o(i.ob_security_protection_config) refers to gd32f10x_fmc.o(i.fmc_bank0_ready_wait) for fmc_bank0_ready_wait
    gd32f10x_fmc.o(i.ob_user_write) refers to gd32f10x_fmc.o(i.fmc_bank0_ready_wait) for fmc_bank0_ready_wait
    gd32f10x_fmc.o(i.ob_write_protection_enable) refers to gd32f10x_fmc.o(i.fmc_bank0_ready_wait) for fmc_bank0_ready_wait
    gd32f10x_gpio.o(i.gpio_afio_deinit) refers to gd32f10x_rcu.o(i.rcu_periph_reset_enable) for rcu_periph_reset_enable
    gd32f10x_gpio.o(i.gpio_afio_deinit) refers to gd32f10x_rcu.o(i.rcu_periph_reset_disable) for rcu_periph_reset_disable
    gd32f10x_gpio.o(i.gpio_deinit) refers to gd32f10x_rcu.o(i.rcu_periph_reset_enable) for rcu_periph_reset_enable
    gd32f10x_gpio.o(i.gpio_deinit) refers to gd32f10x_rcu.o(i.rcu_periph_reset_disable) for rcu_periph_reset_disable
    gd32f10x_i2c.o(i.i2c_clock_config) refers to gd32f10x_rcu.o(i.rcu_clock_freq_get) for rcu_clock_freq_get
    gd32f10x_i2c.o(i.i2c_deinit) refers to gd32f10x_rcu.o(i.rcu_periph_reset_enable) for rcu_periph_reset_enable
    gd32f10x_i2c.o(i.i2c_deinit) refers to gd32f10x_rcu.o(i.rcu_periph_reset_disable) for rcu_periph_reset_disable
    gd32f10x_misc.o(i.nvic_irq_enable) refers to gd32f10x_misc.o(i.nvic_priority_group_set) for nvic_priority_group_set
    gd32f10x_pmu.o(i.pmu_deinit) refers to gd32f10x_rcu.o(i.rcu_periph_reset_enable) for rcu_periph_reset_enable
    gd32f10x_pmu.o(i.pmu_deinit) refers to gd32f10x_rcu.o(i.rcu_periph_reset_disable) for rcu_periph_reset_disable
    gd32f10x_pmu.o(i.pmu_to_deepsleepmode) refers to gd32f10x_pmu.o(.bss) for reg_snap
    gd32f10x_rcu.o(i.rcu_deinit) refers to gd32f10x_rcu.o(i.rcu_osci_stab_wait) for rcu_osci_stab_wait
    gd32f10x_rcu.o(i.rcu_osci_stab_wait) refers to gd32f10x_rcu.o(i.rcu_flag_get) for rcu_flag_get
    gd32f10x_rtc.o(i.rtc_alarm_config) refers to gd32f10x_rtc.o(i.rtc_configuration_mode_enter) for rtc_configuration_mode_enter
    gd32f10x_rtc.o(i.rtc_alarm_config) refers to gd32f10x_rtc.o(i.rtc_configuration_mode_exit) for rtc_configuration_mode_exit
    gd32f10x_rtc.o(i.rtc_counter_set) refers to gd32f10x_rtc.o(i.rtc_configuration_mode_enter) for rtc_configuration_mode_enter
    gd32f10x_rtc.o(i.rtc_counter_set) refers to gd32f10x_rtc.o(i.rtc_configuration_mode_exit) for rtc_configuration_mode_exit
    gd32f10x_rtc.o(i.rtc_prescaler_set) refers to gd32f10x_rtc.o(i.rtc_configuration_mode_enter) for rtc_configuration_mode_enter
    gd32f10x_rtc.o(i.rtc_prescaler_set) refers to gd32f10x_rtc.o(i.rtc_configuration_mode_exit) for rtc_configuration_mode_exit
    gd32f10x_spi.o(i.i2s_psc_config) refers to gd32f10x_rcu.o(i.rcu_clock_freq_get) for rcu_clock_freq_get
    gd32f10x_spi.o(i.spi_i2s_deinit) refers to gd32f10x_rcu.o(i.rcu_periph_reset_enable) for rcu_periph_reset_enable
    gd32f10x_spi.o(i.spi_i2s_deinit) refers to gd32f10x_rcu.o(i.rcu_periph_reset_disable) for rcu_periph_reset_disable
    gd32f10x_timer.o(i.timer_deinit) refers to gd32f10x_rcu.o(i.rcu_periph_reset_enable) for rcu_periph_reset_enable
    gd32f10x_timer.o(i.timer_deinit) refers to gd32f10x_rcu.o(i.rcu_periph_reset_disable) for rcu_periph_reset_disable
    gd32f10x_timer.o(i.timer_external_clock_mode0_config) refers to gd32f10x_timer.o(i.timer_external_trigger_config) for timer_external_trigger_config
    gd32f10x_timer.o(i.timer_external_clock_mode1_config) refers to gd32f10x_timer.o(i.timer_external_trigger_config) for timer_external_trigger_config
    gd32f10x_timer.o(i.timer_external_trigger_as_external_clock_config) refers to gd32f10x_timer.o(i.timer_input_trigger_source_select) for timer_input_trigger_source_select
    gd32f10x_timer.o(i.timer_input_capture_config) refers to gd32f10x_timer.o(i.timer_channel_input_capture_prescaler_config) for timer_channel_input_capture_prescaler_config
    gd32f10x_timer.o(i.timer_input_pwm_capture_config) refers to gd32f10x_timer.o(i.timer_channel_input_capture_prescaler_config) for timer_channel_input_capture_prescaler_config
    gd32f10x_timer.o(i.timer_internal_trigger_as_external_clock_config) refers to gd32f10x_timer.o(i.timer_input_trigger_source_select) for timer_input_trigger_source_select
    gd32f10x_usart.o(i.usart_baudrate_set) refers to gd32f10x_rcu.o(i.rcu_clock_freq_get) for rcu_clock_freq_get
    gd32f10x_usart.o(i.usart_deinit) refers to gd32f10x_rcu.o(i.rcu_periph_reset_enable) for rcu_periph_reset_enable
    gd32f10x_usart.o(i.usart_deinit) refers to gd32f10x_rcu.o(i.rcu_periph_reset_disable) for rcu_periph_reset_disable
    gd32f10x_wwdgt.o(i.wwdgt_deinit) refers to gd32f10x_rcu.o(i.rcu_periph_reset_enable) for rcu_periph_reset_enable
    gd32f10x_wwdgt.o(i.wwdgt_deinit) refers to gd32f10x_rcu.o(i.rcu_periph_reset_disable) for rcu_periph_reset_disable
    driver_usart.o(i.USART0_IRQHandler) refers to gd32f10x_usart.o(i.usart_interrupt_flag_get) for usart_interrupt_flag_get
    driver_usart.o(i.USART0_IRQHandler) refers to gd32f10x_usart.o(i.usart_data_receive) for usart_data_receive
    driver_usart.o(i.USART0_IRQHandler) refers to driver_usart.o(.data) for usart0_rx_count
    driver_usart.o(i.USART0_IRQHandler) refers to driver_usart.o(.bss) for usart0_rx_buffer
    driver_usart.o(i.fputc) refers to gd32f10x_usart.o(i.usart_data_transmit) for usart_data_transmit
    driver_usart.o(i.fputc) refers to gd32f10x_usart.o(i.usart_flag_get) for usart_flag_get
    driver_usart.o(i.uart_send_string) refers to gd32f10x_usart.o(i.usart_data_transmit) for usart_data_transmit
    driver_usart.o(i.uart_send_string) refers to gd32f10x_usart.o(i.usart_flag_get) for usart_flag_get
    driver_usart.o(i.usart_config) refers to gd32f10x_rcu.o(i.rcu_periph_clock_enable) for rcu_periph_clock_enable
    driver_usart.o(i.usart_config) refers to gd32f10x_gpio.o(i.gpio_init) for gpio_init
    driver_usart.o(i.usart_config) refers to gd32f10x_usart.o(i.usart_deinit) for usart_deinit
    driver_usart.o(i.usart_config) refers to gd32f10x_usart.o(i.usart_baudrate_set) for usart_baudrate_set
    driver_usart.o(i.usart_config) refers to gd32f10x_usart.o(i.usart_word_length_set) for usart_word_length_set
    driver_usart.o(i.usart_config) refers to gd32f10x_usart.o(i.usart_stop_bit_set) for usart_stop_bit_set
    driver_usart.o(i.usart_config) refers to gd32f10x_usart.o(i.usart_parity_config) for usart_parity_config
    driver_usart.o(i.usart_config) refers to gd32f10x_usart.o(i.usart_hardware_flow_rts_config) for usart_hardware_flow_rts_config
    driver_usart.o(i.usart_config) refers to gd32f10x_usart.o(i.usart_hardware_flow_cts_config) for usart_hardware_flow_cts_config
    driver_usart.o(i.usart_config) refers to gd32f10x_usart.o(i.usart_receive_config) for usart_receive_config
    driver_usart.o(i.usart_config) refers to gd32f10x_usart.o(i.usart_transmit_config) for usart_transmit_config
    driver_usart.o(i.usart_config) refers to gd32f10x_misc.o(i.nvic_irq_enable) for nvic_irq_enable
    driver_usart.o(i.usart_config) refers to gd32f10x_usart.o(i.usart_interrupt_enable) for usart_interrupt_enable
    driver_usart.o(i.usart_config) refers to gd32f10x_usart.o(i.usart_enable) for usart_enable
    driver_i2c.o(i.IIC_GpioInit) refers to gd32f10x_rcu.o(i.rcu_periph_clock_enable) for rcu_periph_clock_enable
    driver_i2c.o(i.IIC_GpioInit) refers to gd32f10x_gpio.o(i.gpio_init) for gpio_init
    driver_i2c.o(i.IIC_GpioInit) refers to gd32f10x_gpio.o(i.gpio_bit_set) for gpio_bit_set
    driver_i2c.o(i.IIC_Init) refers to driver_i2c.o(i.IIC_GpioInit) for IIC_GpioInit
    driver_i2c.o(i.IIC_ReadByte) refers to gd32f10x_gpio.o(i.gpio_bit_set) for gpio_bit_set
    driver_i2c.o(i.IIC_ReadByte) refers to delay.o(i.DelayNus) for DelayNus
    driver_i2c.o(i.IIC_ReadByte) refers to gd32f10x_gpio.o(i.gpio_input_bit_get) for gpio_input_bit_get
    driver_i2c.o(i.IIC_ReadByte) refers to gd32f10x_gpio.o(i.gpio_bit_reset) for gpio_bit_reset
    driver_i2c.o(i.IIC_SendAck) refers to gd32f10x_gpio.o(i.gpio_bit_reset) for gpio_bit_reset
    driver_i2c.o(i.IIC_SendAck) refers to delay.o(i.DelayNus) for DelayNus
    driver_i2c.o(i.IIC_SendAck) refers to gd32f10x_gpio.o(i.gpio_bit_set) for gpio_bit_set
    driver_i2c.o(i.IIC_SendByte) refers to gd32f10x_gpio.o(i.gpio_bit_set) for gpio_bit_set
    driver_i2c.o(i.IIC_SendByte) refers to gd32f10x_gpio.o(i.gpio_bit_reset) for gpio_bit_reset
    driver_i2c.o(i.IIC_SendByte) refers to delay.o(i.DelayNus) for DelayNus
    driver_i2c.o(i.IIC_SendNack) refers to gd32f10x_gpio.o(i.gpio_bit_set) for gpio_bit_set
    driver_i2c.o(i.IIC_SendNack) refers to delay.o(i.DelayNus) for DelayNus
    driver_i2c.o(i.IIC_SendNack) refers to gd32f10x_gpio.o(i.gpio_bit_reset) for gpio_bit_reset
    driver_i2c.o(i.IIC_Start) refers to gd32f10x_gpio.o(i.gpio_bit_set) for gpio_bit_set
    driver_i2c.o(i.IIC_Start) refers to delay.o(i.DelayNus) for DelayNus
    driver_i2c.o(i.IIC_Start) refers to gd32f10x_gpio.o(i.gpio_bit_reset) for gpio_bit_reset
    driver_i2c.o(i.IIC_Stop) refers to gd32f10x_gpio.o(i.gpio_bit_reset) for gpio_bit_reset
    driver_i2c.o(i.IIC_Stop) refers to delay.o(i.DelayNus) for DelayNus
    driver_i2c.o(i.IIC_Stop) refers to gd32f10x_gpio.o(i.gpio_bit_set) for gpio_bit_set
    driver_i2c.o(i.IIC_WaitAck) refers to gd32f10x_gpio.o(i.gpio_bit_set) for gpio_bit_set
    driver_i2c.o(i.IIC_WaitAck) refers to delay.o(i.DelayNus) for DelayNus
    driver_i2c.o(i.IIC_WaitAck) refers to driver_i2c.o(i.IIC_Stop) for IIC_Stop
    driver_i2c.o(i.IIC_WaitAck) refers to gd32f10x_gpio.o(i.gpio_input_bit_get) for gpio_input_bit_get
    driver_i2c.o(i.IIC_WaitAck) refers to gd32f10x_gpio.o(i.gpio_bit_reset) for gpio_bit_reset
    driver_oled.o(i.OLED_Clear) refers to driver_oled.o(.bss) for OLED_DisplayBuf
    driver_oled.o(i.OLED_ClearArea) refers to driver_oled.o(.bss) for OLED_DisplayBuf
    driver_oled.o(i.OLED_DrawArc) refers to driver_oled.o(i.OLED_IsInAngle) for OLED_IsInAngle
    driver_oled.o(i.OLED_DrawArc) refers to driver_oled.o(i.OLED_DrawPoint) for OLED_DrawPoint
    driver_oled.o(i.OLED_DrawCircle) refers to driver_oled.o(i.OLED_DrawPoint) for OLED_DrawPoint
    driver_oled.o(i.OLED_DrawEllipse) refers to dflti.o(.text) for __aeabi_i2d
    driver_oled.o(i.OLED_DrawEllipse) refers to dadd.o(.text) for __aeabi_dadd
    driver_oled.o(i.OLED_DrawEllipse) refers to dmul.o(.text) for __aeabi_dmul
    driver_oled.o(i.OLED_DrawEllipse) refers to d2f.o(.text) for __aeabi_d2f
    driver_oled.o(i.OLED_DrawEllipse) refers to driver_oled.o(i.OLED_DrawPoint) for OLED_DrawPoint
    driver_oled.o(i.OLED_DrawEllipse) refers to cfcmple.o(.text) for __aeabi_cfcmple
    driver_oled.o(i.OLED_DrawEllipse) refers to fflti.o(.text) for __aeabi_i2f
    driver_oled.o(i.OLED_DrawEllipse) refers to fadd.o(.text) for __aeabi_fadd
    driver_oled.o(i.OLED_DrawEllipse) refers to cdcmple.o(.text) for __aeabi_cdcmple
    driver_oled.o(i.OLED_DrawLine) refers to driver_oled.o(i.OLED_DrawPoint) for OLED_DrawPoint
    driver_oled.o(i.OLED_DrawPoint) refers to driver_oled.o(.bss) for OLED_DisplayBuf
    driver_oled.o(i.OLED_DrawRectangle) refers to driver_oled.o(i.OLED_DrawPoint) for OLED_DrawPoint
    driver_oled.o(i.OLED_DrawTriangle) refers to driver_oled.o(i.OLED_DrawLine) for OLED_DrawLine
    driver_oled.o(i.OLED_DrawTriangle) refers to driver_oled.o(i.OLED_pnpoly) for OLED_pnpoly
    driver_oled.o(i.OLED_DrawTriangle) refers to driver_oled.o(i.OLED_DrawPoint) for OLED_DrawPoint
    driver_oled.o(i.OLED_GetPoint) refers to driver_oled.o(.bss) for OLED_DisplayBuf
    driver_oled.o(i.OLED_I2C_SendByte) refers to gd32f10x_gpio.o(i.gpio_bit_reset) for gpio_bit_reset
    driver_oled.o(i.OLED_I2C_SendByte) refers to delay.o(i.DelayNus) for DelayNus
    driver_oled.o(i.OLED_I2C_SendByte) refers to gd32f10x_gpio.o(i.gpio_bit_set) for gpio_bit_set
    driver_oled.o(i.OLED_Init) refers to driver_i2c.o(i.IIC_Init) for IIC_Init
    driver_oled.o(i.OLED_Init) refers to driver_oled.o(i.OLED_WriteCommand) for OLED_WriteCommand
    driver_oled.o(i.OLED_Init) refers to driver_oled.o(i.OLED_Clear) for OLED_Clear
    driver_oled.o(i.OLED_Init) refers to driver_oled.o(i.OLED_Update) for OLED_Update
    driver_oled.o(i.OLED_IsInAngle) refers to dflti.o(.text) for __aeabi_i2d
    driver_oled.o(i.OLED_IsInAngle) refers to atan2.o(i.atan2) for atan2
    driver_oled.o(i.OLED_IsInAngle) refers to ddiv.o(.text) for __aeabi_ddiv
    driver_oled.o(i.OLED_IsInAngle) refers to dmul.o(.text) for __aeabi_dmul
    driver_oled.o(i.OLED_IsInAngle) refers to dfixi.o(.text) for __aeabi_d2iz
    driver_oled.o(i.OLED_Printf) refers to printfa.o(i.__0vsprintf) for vsprintf
    driver_oled.o(i.OLED_Printf) refers to driver_oled.o(i.OLED_ShowString) for OLED_ShowString
    driver_oled.o(i.OLED_Reverse) refers to driver_oled.o(.bss) for OLED_DisplayBuf
    driver_oled.o(i.OLED_ReverseArea) refers to driver_oled.o(.bss) for OLED_DisplayBuf
    driver_oled.o(i.OLED_SetCursor) refers to driver_oled.o(i.OLED_WriteCommand) for OLED_WriteCommand
    driver_oled.o(i.OLED_ShowBinNum) refers to driver_oled.o(i.OLED_Pow) for OLED_Pow
    driver_oled.o(i.OLED_ShowBinNum) refers to driver_oled.o(i.OLED_ShowChar) for OLED_ShowChar
    driver_oled.o(i.OLED_ShowChar) refers to driver_oled.o(i.OLED_ShowImage) for OLED_ShowImage
    driver_oled.o(i.OLED_ShowChar) refers to oled_data.o(.constdata) for OLED_F8x16
    driver_oled.o(i.OLED_ShowFloatNum) refers to cdrcmple.o(.text) for __aeabi_cdrcmple
    driver_oled.o(i.OLED_ShowFloatNum) refers to driver_oled.o(i.OLED_ShowChar) for OLED_ShowChar
    driver_oled.o(i.OLED_ShowFloatNum) refers to dfixui.o(.text) for __aeabi_d2uiz
    driver_oled.o(i.OLED_ShowFloatNum) refers to dfltui.o(.text) for __aeabi_ui2d
    driver_oled.o(i.OLED_ShowFloatNum) refers to dadd.o(.text) for __aeabi_drsub
    driver_oled.o(i.OLED_ShowFloatNum) refers to driver_oled.o(i.OLED_Pow) for OLED_Pow
    driver_oled.o(i.OLED_ShowFloatNum) refers to dmul.o(.text) for __aeabi_dmul
    driver_oled.o(i.OLED_ShowFloatNum) refers to round.o(i.round) for round
    driver_oled.o(i.OLED_ShowFloatNum) refers to driver_oled.o(i.OLED_ShowNum) for OLED_ShowNum
    driver_oled.o(i.OLED_ShowHexNum) refers to driver_oled.o(i.OLED_Pow) for OLED_Pow
    driver_oled.o(i.OLED_ShowHexNum) refers to driver_oled.o(i.OLED_ShowChar) for OLED_ShowChar
    driver_oled.o(i.OLED_ShowImage) refers to driver_oled.o(i.OLED_ClearArea) for OLED_ClearArea
    driver_oled.o(i.OLED_ShowImage) refers to driver_oled.o(.bss) for OLED_DisplayBuf
    driver_oled.o(i.OLED_ShowNum) refers to driver_oled.o(i.OLED_Pow) for OLED_Pow
    driver_oled.o(i.OLED_ShowNum) refers to driver_oled.o(i.OLED_ShowChar) for OLED_ShowChar
    driver_oled.o(i.OLED_ShowSignedNum) refers to driver_oled.o(i.OLED_ShowChar) for OLED_ShowChar
    driver_oled.o(i.OLED_ShowSignedNum) refers to driver_oled.o(i.OLED_Pow) for OLED_Pow
    driver_oled.o(i.OLED_ShowString) refers to driver_oled.o(i.OLED_ShowChar) for OLED_ShowChar
    driver_oled.o(i.OLED_ShowString) refers to strcmp.o(.text) for strcmp
    driver_oled.o(i.OLED_ShowString) refers to driver_oled.o(i.OLED_ShowImage) for OLED_ShowImage
    driver_oled.o(i.OLED_ShowString) refers to oled_data.o(.constdata) for OLED_CF16x16
    driver_oled.o(i.OLED_Update) refers to driver_oled.o(i.OLED_SetCursor) for OLED_SetCursor
    driver_oled.o(i.OLED_Update) refers to driver_oled.o(i.OLED_WriteData) for OLED_WriteData
    driver_oled.o(i.OLED_Update) refers to driver_oled.o(.bss) for OLED_DisplayBuf
    driver_oled.o(i.OLED_UpdateArea) refers to driver_oled.o(i.OLED_SetCursor) for OLED_SetCursor
    driver_oled.o(i.OLED_UpdateArea) refers to driver_oled.o(i.OLED_WriteData) for OLED_WriteData
    driver_oled.o(i.OLED_UpdateArea) refers to driver_oled.o(.bss) for OLED_DisplayBuf
    driver_oled.o(i.OLED_WriteCommand) refers to driver_i2c.o(i.IIC_Start) for IIC_Start
    driver_oled.o(i.OLED_WriteCommand) refers to driver_oled.o(i.OLED_I2C_SendByte) for OLED_I2C_SendByte
    driver_oled.o(i.OLED_WriteCommand) refers to driver_i2c.o(i.IIC_Stop) for IIC_Stop
    driver_oled.o(i.OLED_WriteData) refers to driver_i2c.o(i.IIC_Start) for IIC_Start
    driver_oled.o(i.OLED_WriteData) refers to driver_oled.o(i.OLED_I2C_SendByte) for OLED_I2C_SendByte
    driver_oled.o(i.OLED_WriteData) refers to driver_i2c.o(i.IIC_Stop) for IIC_Stop
    driver_encoder.o(i.EXTI0_IRQHandler) refers to gd32f10x_exti.o(i.exti_interrupt_flag_get) for exti_interrupt_flag_get
    driver_encoder.o(i.EXTI0_IRQHandler) refers to gd32f10x_gpio.o(i.gpio_input_bit_get) for gpio_input_bit_get
    driver_encoder.o(i.EXTI0_IRQHandler) refers to gd32f10x_exti.o(i.exti_interrupt_flag_clear) for exti_interrupt_flag_clear
    driver_encoder.o(i.EXTI0_IRQHandler) refers to driver_encoder.o(.data) for Encoder_Count
    driver_encoder.o(i.EXTI1_IRQHandler) refers to gd32f10x_exti.o(i.exti_interrupt_flag_get) for exti_interrupt_flag_get
    driver_encoder.o(i.EXTI1_IRQHandler) refers to gd32f10x_gpio.o(i.gpio_input_bit_get) for gpio_input_bit_get
    driver_encoder.o(i.EXTI1_IRQHandler) refers to gd32f10x_exti.o(i.exti_interrupt_flag_clear) for exti_interrupt_flag_clear
    driver_encoder.o(i.EXTI1_IRQHandler) refers to driver_encoder.o(.data) for Encoder_Count
    driver_encoder.o(i.Encoder_Get) refers to driver_encoder.o(.data) for Encoder_Count
    driver_encoder.o(i.Encoder_Init) refers to gd32f10x_rcu.o(i.rcu_periph_clock_enable) for rcu_periph_clock_enable
    driver_encoder.o(i.Encoder_Init) refers to gd32f10x_gpio.o(i.gpio_init) for gpio_init
    driver_encoder.o(i.Encoder_Init) refers to gd32f10x_gpio.o(i.gpio_exti_source_select) for gpio_exti_source_select
    driver_encoder.o(i.Encoder_Init) refers to gd32f10x_exti.o(i.exti_init) for exti_init
    driver_encoder.o(i.Encoder_Init) refers to gd32f10x_exti.o(i.exti_interrupt_flag_clear) for exti_interrupt_flag_clear
    driver_encoder.o(i.Encoder_Init) refers to gd32f10x_misc.o(i.nvic_irq_enable) for nvic_irq_enable
    driver_light.o(i.Light_Get) refers to iic_light.o(i.IIC_Light_Start) for IIC_Light_Start
    driver_light.o(i.Light_Get) refers to iic_light.o(i.IIC_Light_SendByte) for IIC_Light_SendByte
    driver_light.o(i.Light_Get) refers to iic_light.o(i.IIC_Light_WaitAck) for IIC_Light_WaitAck
    driver_light.o(i.Light_Get) refers to iic_light.o(i.IIC_Light_Stop) for IIC_Light_Stop
    driver_light.o(i.Light_Get) refers to delay.o(i.DelayNms) for DelayNms
    driver_light.o(i.Light_Get) refers to iic_light.o(i.IIC_Light_ReadByte) for IIC_Light_ReadByte
    driver_light.o(i.Light_Get) refers to iic_light.o(i.IIC_Light_SendAck) for IIC_Light_SendAck
    driver_light.o(i.Light_Get) refers to iic_light.o(i.IIC_Light_SendNack) for IIC_Light_SendNack
    driver_light.o(i.Light_Get) refers to ffltui.o(.text) for __aeabi_ui2f
    driver_light.o(i.Light_Get) refers to fdiv.o(.text) for __aeabi_fdiv
    driver_light.o(i.Light_Get) refers to ffixui.o(.text) for __aeabi_f2uiz
    iic_light.o(i.IIC_Light_GpioInit) refers to gd32f10x_rcu.o(i.rcu_periph_clock_enable) for rcu_periph_clock_enable
    iic_light.o(i.IIC_Light_GpioInit) refers to gd32f10x_gpio.o(i.gpio_init) for gpio_init
    iic_light.o(i.IIC_Light_GpioInit) refers to gd32f10x_gpio.o(i.gpio_bit_set) for gpio_bit_set
    iic_light.o(i.IIC_Light_Init) refers to iic_light.o(i.IIC_Light_GpioInit) for IIC_Light_GpioInit
    iic_light.o(i.IIC_Light_ReadByte) refers to gd32f10x_gpio.o(i.gpio_bit_set) for gpio_bit_set
    iic_light.o(i.IIC_Light_ReadByte) refers to delay.o(i.DelayNus) for DelayNus
    iic_light.o(i.IIC_Light_ReadByte) refers to gd32f10x_gpio.o(i.gpio_input_bit_get) for gpio_input_bit_get
    iic_light.o(i.IIC_Light_ReadByte) refers to gd32f10x_gpio.o(i.gpio_bit_reset) for gpio_bit_reset
    iic_light.o(i.IIC_Light_ReadData) refers to iic_light.o(i.IIC_Light_Start) for IIC_Light_Start
    iic_light.o(i.IIC_Light_ReadData) refers to iic_light.o(i.IIC_Light_SendByte) for IIC_Light_SendByte
    iic_light.o(i.IIC_Light_ReadData) refers to iic_light.o(i.IIC_Light_WaitAck) for IIC_Light_WaitAck
    iic_light.o(i.IIC_Light_ReadData) refers to iic_light.o(i.IIC_Light_Stop) for IIC_Light_Stop
    iic_light.o(i.IIC_Light_ReadData) refers to iic_light.o(i.IIC_Light_ReadByte) for IIC_Light_ReadByte
    iic_light.o(i.IIC_Light_ReadData) refers to iic_light.o(i.IIC_Light_SendNack) for IIC_Light_SendNack
    iic_light.o(i.IIC_Light_ReadData) refers to iic_light.o(i.IIC_Light_SendAck) for IIC_Light_SendAck
    iic_light.o(i.IIC_Light_SendAck) refers to gd32f10x_gpio.o(i.gpio_bit_reset) for gpio_bit_reset
    iic_light.o(i.IIC_Light_SendAck) refers to delay.o(i.DelayNus) for DelayNus
    iic_light.o(i.IIC_Light_SendAck) refers to gd32f10x_gpio.o(i.gpio_bit_set) for gpio_bit_set
    iic_light.o(i.IIC_Light_SendByte) refers to gd32f10x_gpio.o(i.gpio_bit_set) for gpio_bit_set
    iic_light.o(i.IIC_Light_SendByte) refers to gd32f10x_gpio.o(i.gpio_bit_reset) for gpio_bit_reset
    iic_light.o(i.IIC_Light_SendByte) refers to delay.o(i.DelayNus) for DelayNus
    iic_light.o(i.IIC_Light_SendNack) refers to gd32f10x_gpio.o(i.gpio_bit_set) for gpio_bit_set
    iic_light.o(i.IIC_Light_SendNack) refers to delay.o(i.DelayNus) for DelayNus
    iic_light.o(i.IIC_Light_SendNack) refers to gd32f10x_gpio.o(i.gpio_bit_reset) for gpio_bit_reset
    iic_light.o(i.IIC_Light_Start) refers to gd32f10x_gpio.o(i.gpio_bit_set) for gpio_bit_set
    iic_light.o(i.IIC_Light_Start) refers to delay.o(i.DelayNus) for DelayNus
    iic_light.o(i.IIC_Light_Start) refers to gd32f10x_gpio.o(i.gpio_bit_reset) for gpio_bit_reset
    iic_light.o(i.IIC_Light_Stop) refers to gd32f10x_gpio.o(i.gpio_bit_reset) for gpio_bit_reset
    iic_light.o(i.IIC_Light_Stop) refers to delay.o(i.DelayNus) for DelayNus
    iic_light.o(i.IIC_Light_Stop) refers to gd32f10x_gpio.o(i.gpio_bit_set) for gpio_bit_set
    iic_light.o(i.IIC_Light_WaitAck) refers to gd32f10x_gpio.o(i.gpio_bit_set) for gpio_bit_set
    iic_light.o(i.IIC_Light_WaitAck) refers to delay.o(i.DelayNus) for DelayNus
    iic_light.o(i.IIC_Light_WaitAck) refers to iic_light.o(i.IIC_Light_Stop) for IIC_Light_Stop
    iic_light.o(i.IIC_Light_WaitAck) refers to gd32f10x_gpio.o(i.gpio_input_bit_get) for gpio_input_bit_get
    iic_light.o(i.IIC_Light_WaitAck) refers to gd32f10x_gpio.o(i.gpio_bit_reset) for gpio_bit_reset
    iic_light.o(i.IIC_Light_WriteData) refers to iic_light.o(i.IIC_Light_Start) for IIC_Light_Start
    iic_light.o(i.IIC_Light_WriteData) refers to iic_light.o(i.IIC_Light_SendByte) for IIC_Light_SendByte
    iic_light.o(i.IIC_Light_WriteData) refers to iic_light.o(i.IIC_Light_WaitAck) for IIC_Light_WaitAck
    iic_light.o(i.IIC_Light_WriteData) refers to iic_light.o(i.IIC_Light_Stop) for IIC_Light_Stop
    driver_bluetooth.o(i.USART1_IRQHandler) refers to gd32f10x_usart.o(i.usart_interrupt_flag_get) for usart_interrupt_flag_get
    driver_bluetooth.o(i.USART1_IRQHandler) refers to gd32f10x_usart.o(i.usart_data_receive) for usart_data_receive
    driver_bluetooth.o(i.USART1_IRQHandler) refers to driver_bluetooth.o(.data) for blt_rx_count
    driver_bluetooth.o(i.USART1_IRQHandler) refers to driver_bluetooth.o(.bss) for blt_rx_buffer
    driver_bluetooth.o(i.blt_config) refers to gd32f10x_rcu.o(i.rcu_periph_clock_enable) for rcu_periph_clock_enable
    driver_bluetooth.o(i.blt_config) refers to gd32f10x_gpio.o(i.gpio_init) for gpio_init
    driver_bluetooth.o(i.blt_config) refers to gd32f10x_usart.o(i.usart_deinit) for usart_deinit
    driver_bluetooth.o(i.blt_config) refers to gd32f10x_usart.o(i.usart_baudrate_set) for usart_baudrate_set
    driver_bluetooth.o(i.blt_config) refers to gd32f10x_usart.o(i.usart_word_length_set) for usart_word_length_set
    driver_bluetooth.o(i.blt_config) refers to gd32f10x_usart.o(i.usart_stop_bit_set) for usart_stop_bit_set
    driver_bluetooth.o(i.blt_config) refers to gd32f10x_usart.o(i.usart_parity_config) for usart_parity_config
    driver_bluetooth.o(i.blt_config) refers to gd32f10x_usart.o(i.usart_hardware_flow_rts_config) for usart_hardware_flow_rts_config
    driver_bluetooth.o(i.blt_config) refers to gd32f10x_usart.o(i.usart_hardware_flow_cts_config) for usart_hardware_flow_cts_config
    driver_bluetooth.o(i.blt_config) refers to gd32f10x_usart.o(i.usart_receive_config) for usart_receive_config
    driver_bluetooth.o(i.blt_config) refers to gd32f10x_usart.o(i.usart_transmit_config) for usart_transmit_config
    driver_bluetooth.o(i.blt_config) refers to gd32f10x_misc.o(i.nvic_irq_enable) for nvic_irq_enable
    driver_bluetooth.o(i.blt_config) refers to gd32f10x_usart.o(i.usart_interrupt_enable) for usart_interrupt_enable
    driver_bluetooth.o(i.blt_config) refers to gd32f10x_usart.o(i.usart_enable) for usart_enable
    driver_bluetooth.o(i.blt_forward_from_pc) refers to driver_usart.o(i.uart_send_string) for uart_send_string
    driver_bluetooth.o(i.blt_forward_from_pc) refers to printfa.o(i.__0printf) for __2printf
    driver_bluetooth.o(i.blt_forward_from_pc) refers to delay.o(i.DelayNms) for DelayNms
    driver_bluetooth.o(i.blt_forward_from_pc) refers to memseta.o(.text) for __aeabi_memclr
    driver_bluetooth.o(i.blt_forward_from_pc) refers to driver_usart.o(.data) for usart0_rx_flag
    driver_bluetooth.o(i.blt_forward_from_pc) refers to driver_usart.o(.bss) for usart0_rx_buffer
    driver_bluetooth.o(i.blt_forward_to_pc) refers to driver_usart.o(i.uart_send_string) for uart_send_string
    driver_bluetooth.o(i.blt_forward_to_pc) refers to driver_bluetooth.o(i.blt_led_control) for blt_led_control
    driver_bluetooth.o(i.blt_forward_to_pc) refers to driver_bluetooth.o(.data) for blt_rx_complete_flag
    driver_bluetooth.o(i.blt_forward_to_pc) refers to driver_bluetooth.o(.bss) for blt_rx_buffer
    driver_bluetooth.o(i.blt_led_control) refers to strstr.o(.text) for strstr
    driver_bluetooth.o(i.blt_led_control) refers to gd32f10x_gpio.o(i.gpio_bit_set) for gpio_bit_set
    driver_bluetooth.o(i.blt_led_control) refers to driver_usart.o(i.uart_send_string) for uart_send_string
    driver_bluetooth.o(i.blt_led_control) refers to driver_bluetooth.o(i.blt_send_string) for blt_send_string
    driver_bluetooth.o(i.blt_led_control) refers to gd32f10x_gpio.o(i.gpio_bit_reset) for gpio_bit_reset
    driver_bluetooth.o(i.blt_send_byte) refers to gd32f10x_usart.o(i.usart_data_transmit) for usart_data_transmit
    driver_bluetooth.o(i.blt_send_byte) refers to gd32f10x_usart.o(i.usart_flag_get) for usart_flag_get
    driver_bluetooth.o(i.blt_send_string) refers to driver_bluetooth.o(i.blt_send_byte) for blt_send_byte
    driver_bluetooth.o(i.blt_send_string) refers to gd32f10x_usart.o(i.usart_flag_get) for usart_flag_get
    driver_led.o(i.led_blink) refers to driver_led.o(i.ledstate_set) for ledstate_set
    driver_led.o(i.led_blink) refers to delay.o(i.DelayNms) for DelayNms
    driver_led.o(i.led_init) refers to gd32f10x_rcu.o(i.rcu_periph_clock_enable) for rcu_periph_clock_enable
    driver_led.o(i.led_init) refers to gd32f10x_gpio.o(i.gpio_bit_set) for gpio_bit_set
    driver_led.o(i.led_init) refers to gd32f10x_gpio.o(i.gpio_init) for gpio_init
    driver_led.o(i.led_toggle) refers to gd32f10x_gpio.o(i.gpio_input_bit_get) for gpio_input_bit_get
    driver_led.o(i.led_toggle) refers to gd32f10x_gpio.o(i.gpio_bit_write) for gpio_bit_write
    driver_led.o(i.ledstate_set) refers to gd32f10x_gpio.o(i.gpio_bit_reset) for gpio_bit_reset
    driver_led.o(i.ledstate_set) refers to gd32f10x_gpio.o(i.gpio_bit_set) for gpio_bit_set
    driver_timer.o(i.TIMER2_IRQHandler) refers to gd32f10x_timer.o(i.timer_interrupt_flag_get) for timer_interrupt_flag_get
    driver_timer.o(i.TIMER2_IRQHandler) refers to gd32f10x_timer.o(i.timer_interrupt_flag_clear) for timer_interrupt_flag_clear
    driver_timer.o(i.TIMER2_IRQHandler) refers to driver_led.o(i.led_toggle) for led_toggle
    driver_timer.o(i.TIMER2_IRQHandler) refers to driver_led.o(.data) for led_blink_mode
    driver_timer.o(i.timer2_config) refers to gd32f10x_rcu.o(i.rcu_periph_clock_enable) for rcu_periph_clock_enable
    driver_timer.o(i.timer2_config) refers to gd32f10x_misc.o(i.nvic_irq_enable) for nvic_irq_enable
    driver_timer.o(i.timer2_config) refers to gd32f10x_timer.o(i.timer_deinit) for timer_deinit
    driver_timer.o(i.timer2_config) refers to gd32f10x_timer.o(i.timer_init) for timer_init
    driver_timer.o(i.timer2_config) refers to gd32f10x_timer.o(i.timer_interrupt_enable) for timer_interrupt_enable
    driver_timer.o(i.timer2_config) refers to gd32f10x_timer.o(i.timer_enable) for timer_enable
    driver_soil.o(i.Get_Soil_Raw) refers to driver_adc.o(.data) for adc_buffer
    driver_soil.o(i.Get_Soil_humidity) refers to driver_soil.o(i.Get_Soil_Raw) for Get_Soil_Raw
    driver_rain.o(i.Get_Rain_Raw) refers to driver_adc.o(.data) for adc_buffer
    driver_rain.o(i.Get_Rain_size) refers to driver_rain.o(i.Get_Rain_Raw) for Get_Rain_Raw
    driver_adc.o(i.ADC_DMA_MultiChannel_Init) refers to gd32f10x_rcu.o(i.rcu_periph_clock_enable) for rcu_periph_clock_enable
    driver_adc.o(i.ADC_DMA_MultiChannel_Init) refers to gd32f10x_rcu.o(i.rcu_adc_clock_config) for rcu_adc_clock_config
    driver_adc.o(i.ADC_DMA_MultiChannel_Init) refers to gd32f10x_gpio.o(i.gpio_init) for gpio_init
    driver_adc.o(i.ADC_DMA_MultiChannel_Init) refers to gd32f10x_dma.o(i.dma_deinit) for dma_deinit
    driver_adc.o(i.ADC_DMA_MultiChannel_Init) refers to gd32f10x_dma.o(i.dma_init) for dma_init
    driver_adc.o(i.ADC_DMA_MultiChannel_Init) refers to gd32f10x_dma.o(i.dma_circulation_enable) for dma_circulation_enable
    driver_adc.o(i.ADC_DMA_MultiChannel_Init) refers to gd32f10x_dma.o(i.dma_channel_enable) for dma_channel_enable
    driver_adc.o(i.ADC_DMA_MultiChannel_Init) refers to gd32f10x_adc.o(i.adc_deinit) for adc_deinit
    driver_adc.o(i.ADC_DMA_MultiChannel_Init) refers to gd32f10x_adc.o(i.adc_mode_config) for adc_mode_config
    driver_adc.o(i.ADC_DMA_MultiChannel_Init) refers to gd32f10x_adc.o(i.adc_special_function_config) for adc_special_function_config
    driver_adc.o(i.ADC_DMA_MultiChannel_Init) refers to gd32f10x_adc.o(i.adc_external_trigger_source_config) for adc_external_trigger_source_config
    driver_adc.o(i.ADC_DMA_MultiChannel_Init) refers to gd32f10x_adc.o(i.adc_external_trigger_config) for adc_external_trigger_config
    driver_adc.o(i.ADC_DMA_MultiChannel_Init) refers to gd32f10x_adc.o(i.adc_data_alignment_config) for adc_data_alignment_config
    driver_adc.o(i.ADC_DMA_MultiChannel_Init) refers to gd32f10x_adc.o(i.adc_channel_length_config) for adc_channel_length_config
    driver_adc.o(i.ADC_DMA_MultiChannel_Init) refers to gd32f10x_adc.o(i.adc_regular_channel_config) for adc_regular_channel_config
    driver_adc.o(i.ADC_DMA_MultiChannel_Init) refers to gd32f10x_adc.o(i.adc_enable) for adc_enable
    driver_adc.o(i.ADC_DMA_MultiChannel_Init) refers to delay.o(i.DelayNms) for DelayNms
    driver_adc.o(i.ADC_DMA_MultiChannel_Init) refers to gd32f10x_adc.o(i.adc_calibration_enable) for adc_calibration_enable
    driver_adc.o(i.ADC_DMA_MultiChannel_Init) refers to gd32f10x_adc.o(i.adc_dma_mode_enable) for adc_dma_mode_enable
    driver_adc.o(i.ADC_DMA_MultiChannel_Init) refers to gd32f10x_adc.o(i.adc_software_trigger_enable) for adc_software_trigger_enable
    driver_adc.o(i.ADC_DMA_MultiChannel_Init) refers to driver_adc.o(.data) for adc_buffer
    driver_aht20.o(i.AHT20_IIC_Init) refers to driver_aht20.o(i.IIC_GpioInit) for IIC_GpioInit
    driver_aht20.o(i.AHT20_IIC_ReadByte) refers to gd32f10x_gpio.o(i.gpio_bit_set) for gpio_bit_set
    driver_aht20.o(i.AHT20_IIC_ReadByte) refers to delay.o(i.DelayNus) for DelayNus
    driver_aht20.o(i.AHT20_IIC_ReadByte) refers to gd32f10x_gpio.o(i.gpio_input_bit_get) for gpio_input_bit_get
    driver_aht20.o(i.AHT20_IIC_ReadByte) refers to gd32f10x_gpio.o(i.gpio_bit_reset) for gpio_bit_reset
    driver_aht20.o(i.AHT20_IIC_SendAck) refers to gd32f10x_gpio.o(i.gpio_bit_reset) for gpio_bit_reset
    driver_aht20.o(i.AHT20_IIC_SendAck) refers to delay.o(i.DelayNus) for DelayNus
    driver_aht20.o(i.AHT20_IIC_SendAck) refers to gd32f10x_gpio.o(i.gpio_bit_set) for gpio_bit_set
    driver_aht20.o(i.AHT20_IIC_SendByte) refers to gd32f10x_gpio.o(i.gpio_bit_set) for gpio_bit_set
    driver_aht20.o(i.AHT20_IIC_SendByte) refers to gd32f10x_gpio.o(i.gpio_bit_reset) for gpio_bit_reset
    driver_aht20.o(i.AHT20_IIC_SendByte) refers to delay.o(i.DelayNus) for DelayNus
    driver_aht20.o(i.AHT20_IIC_SendNack) refers to gd32f10x_gpio.o(i.gpio_bit_set) for gpio_bit_set
    driver_aht20.o(i.AHT20_IIC_SendNack) refers to delay.o(i.DelayNus) for DelayNus
    driver_aht20.o(i.AHT20_IIC_SendNack) refers to gd32f10x_gpio.o(i.gpio_bit_reset) for gpio_bit_reset
    driver_aht20.o(i.AHT20_IIC_Start) refers to gd32f10x_gpio.o(i.gpio_bit_set) for gpio_bit_set
    driver_aht20.o(i.AHT20_IIC_Start) refers to delay.o(i.DelayNus) for DelayNus
    driver_aht20.o(i.AHT20_IIC_Start) refers to gd32f10x_gpio.o(i.gpio_bit_reset) for gpio_bit_reset
    driver_aht20.o(i.AHT20_IIC_Stop) refers to gd32f10x_gpio.o(i.gpio_bit_reset) for gpio_bit_reset
    driver_aht20.o(i.AHT20_IIC_Stop) refers to delay.o(i.DelayNus) for DelayNus
    driver_aht20.o(i.AHT20_IIC_Stop) refers to gd32f10x_gpio.o(i.gpio_bit_set) for gpio_bit_set
    driver_aht20.o(i.AHT20_IIC_WaitAck) refers to gd32f10x_gpio.o(i.gpio_bit_set) for gpio_bit_set
    driver_aht20.o(i.AHT20_IIC_WaitAck) refers to delay.o(i.DelayNus) for DelayNus
    driver_aht20.o(i.AHT20_IIC_WaitAck) refers to driver_aht20.o(i.AHT20_IIC_Stop) for AHT20_IIC_Stop
    driver_aht20.o(i.AHT20_IIC_WaitAck) refers to gd32f10x_gpio.o(i.gpio_input_bit_get) for gpio_input_bit_get
    driver_aht20.o(i.AHT20_IIC_WaitAck) refers to gd32f10x_gpio.o(i.gpio_bit_reset) for gpio_bit_reset
    driver_aht20.o(i.AHT20_Init) refers to driver_aht20.o(i.AHT20_IIC_Init) for AHT20_IIC_Init
    driver_aht20.o(i.AHT20_Init) refers to delay.o(i.DelayNus) for DelayNus
    driver_aht20.o(i.AHT20_Init) refers to driver_aht20.o(i.AHT20_IIC_Start) for AHT20_IIC_Start
    driver_aht20.o(i.AHT20_Init) refers to driver_aht20.o(i.AHT20_IIC_SendByte) for AHT20_IIC_SendByte
    driver_aht20.o(i.AHT20_Init) refers to driver_aht20.o(i.AHT20_IIC_WaitAck) for AHT20_IIC_WaitAck
    driver_aht20.o(i.AHT20_Init) refers to driver_aht20.o(i.AHT20_IIC_Stop) for AHT20_IIC_Stop
    driver_aht20.o(i.AHT20_Init) refers to driver_aht20.o(i.AHT20_IIC_ReadByte) for AHT20_IIC_ReadByte
    driver_aht20.o(i.AHT20_Init) refers to driver_aht20.o(i.AHT20_IIC_SendNack) for AHT20_IIC_SendNack
    driver_aht20.o(i.AHT20_Read_Temp_Humi) refers to driver_aht20.o(i.AHT20_IIC_Start) for AHT20_IIC_Start
    driver_aht20.o(i.AHT20_Read_Temp_Humi) refers to driver_aht20.o(i.AHT20_IIC_SendByte) for AHT20_IIC_SendByte
    driver_aht20.o(i.AHT20_Read_Temp_Humi) refers to driver_aht20.o(i.AHT20_IIC_WaitAck) for AHT20_IIC_WaitAck
    driver_aht20.o(i.AHT20_Read_Temp_Humi) refers to driver_aht20.o(i.AHT20_IIC_Stop) for AHT20_IIC_Stop
    driver_aht20.o(i.AHT20_Read_Temp_Humi) refers to delay.o(i.DelayNms) for DelayNms
    driver_aht20.o(i.AHT20_Read_Temp_Humi) refers to driver_aht20.o(i.AHT20_IIC_ReadByte) for AHT20_IIC_ReadByte
    driver_aht20.o(i.AHT20_Read_Temp_Humi) refers to driver_aht20.o(i.AHT20_IIC_SendNack) for AHT20_IIC_SendNack
    driver_aht20.o(i.AHT20_Read_Temp_Humi) refers to driver_aht20.o(i.AHT20_IIC_SendAck) for AHT20_IIC_SendAck
    driver_aht20.o(i.AHT20_Read_Temp_Humi) refers to ffltui.o(.text) for __aeabi_ui2f
    driver_aht20.o(i.AHT20_Read_Temp_Humi) refers to fdiv.o(.text) for __aeabi_fdiv
    driver_aht20.o(i.AHT20_Read_Temp_Humi) refers to fmul.o(.text) for __aeabi_fmul
    driver_aht20.o(i.AHT20_Read_Temp_Humi) refers to fadd.o(.text) for __aeabi_fsub
    driver_aht20.o(i.IIC_GpioInit) refers to gd32f10x_rcu.o(i.rcu_periph_clock_enable) for rcu_periph_clock_enable
    driver_aht20.o(i.IIC_GpioInit) refers to gd32f10x_gpio.o(i.gpio_init) for gpio_init
    driver_aht20.o(i.IIC_GpioInit) refers to gd32f10x_gpio.o(i.gpio_bit_set) for gpio_bit_set
    driver_bmp280.o(i.BMP280_IIC_Init) refers to driver_bmp280.o(i.IIC_GpioInit) for IIC_GpioInit
    driver_bmp280.o(i.BMP280_IIC_ReadByte) refers to gd32f10x_gpio.o(i.gpio_bit_set) for gpio_bit_set
    driver_bmp280.o(i.BMP280_IIC_ReadByte) refers to delay.o(i.DelayNms) for DelayNms
    driver_bmp280.o(i.BMP280_IIC_ReadByte) refers to gd32f10x_gpio.o(i.gpio_input_bit_get) for gpio_input_bit_get
    driver_bmp280.o(i.BMP280_IIC_ReadByte) refers to gd32f10x_gpio.o(i.gpio_bit_reset) for gpio_bit_reset
    driver_bmp280.o(i.BMP280_IIC_SendAck) refers to gd32f10x_gpio.o(i.gpio_bit_reset) for gpio_bit_reset
    driver_bmp280.o(i.BMP280_IIC_SendAck) refers to delay.o(i.DelayNms) for DelayNms
    driver_bmp280.o(i.BMP280_IIC_SendAck) refers to gd32f10x_gpio.o(i.gpio_bit_set) for gpio_bit_set
    driver_bmp280.o(i.BMP280_IIC_SendByte) refers to gd32f10x_gpio.o(i.gpio_bit_set) for gpio_bit_set
    driver_bmp280.o(i.BMP280_IIC_SendByte) refers to gd32f10x_gpio.o(i.gpio_bit_reset) for gpio_bit_reset
    driver_bmp280.o(i.BMP280_IIC_SendByte) refers to delay.o(i.DelayNms) for DelayNms
    driver_bmp280.o(i.BMP280_IIC_SendNack) refers to gd32f10x_gpio.o(i.gpio_bit_set) for gpio_bit_set
    driver_bmp280.o(i.BMP280_IIC_SendNack) refers to delay.o(i.DelayNms) for DelayNms
    driver_bmp280.o(i.BMP280_IIC_SendNack) refers to gd32f10x_gpio.o(i.gpio_bit_reset) for gpio_bit_reset
    driver_bmp280.o(i.BMP280_IIC_Start) refers to gd32f10x_gpio.o(i.gpio_bit_set) for gpio_bit_set
    driver_bmp280.o(i.BMP280_IIC_Start) refers to delay.o(i.DelayNms) for DelayNms
    driver_bmp280.o(i.BMP280_IIC_Start) refers to gd32f10x_gpio.o(i.gpio_bit_reset) for gpio_bit_reset
    driver_bmp280.o(i.BMP280_IIC_Stop) refers to gd32f10x_gpio.o(i.gpio_bit_reset) for gpio_bit_reset
    driver_bmp280.o(i.BMP280_IIC_Stop) refers to delay.o(i.DelayNms) for DelayNms
    driver_bmp280.o(i.BMP280_IIC_Stop) refers to gd32f10x_gpio.o(i.gpio_bit_set) for gpio_bit_set
    driver_bmp280.o(i.BMP280_IIC_WaitAck) refers to gd32f10x_gpio.o(i.gpio_bit_set) for gpio_bit_set
    driver_bmp280.o(i.BMP280_IIC_WaitAck) refers to delay.o(i.DelayNms) for DelayNms
    driver_bmp280.o(i.BMP280_IIC_WaitAck) refers to driver_bmp280.o(i.BMP280_IIC_Stop) for BMP280_IIC_Stop
    driver_bmp280.o(i.BMP280_IIC_WaitAck) refers to gd32f10x_gpio.o(i.gpio_input_bit_get) for gpio_input_bit_get
    driver_bmp280.o(i.BMP280_IIC_WaitAck) refers to gd32f10x_gpio.o(i.gpio_bit_reset) for gpio_bit_reset
    driver_bmp280.o(i.BMP280_Init) refers to driver_bmp280.o(i.BMP280_IIC_Init) for BMP280_IIC_Init
    driver_bmp280.o(i.BMP280_Init) refers to driver_bmp280.o(i.BMP280_ReadRegs) for BMP280_ReadRegs
    driver_bmp280.o(i.BMP280_Init) refers to driver_bmp280.o(i.BMP280_WriteReg) for BMP280_WriteReg
    driver_bmp280.o(i.BMP280_Init) refers to driver_bmp280.o(.bss) for bmp280_cal
    driver_bmp280.o(i.BMP280_ReadRegs) refers to driver_bmp280.o(i.BMP280_IIC_Start) for BMP280_IIC_Start
    driver_bmp280.o(i.BMP280_ReadRegs) refers to driver_bmp280.o(i.BMP280_IIC_SendByte) for BMP280_IIC_SendByte
    driver_bmp280.o(i.BMP280_ReadRegs) refers to driver_bmp280.o(i.BMP280_IIC_WaitAck) for BMP280_IIC_WaitAck
    driver_bmp280.o(i.BMP280_ReadRegs) refers to driver_bmp280.o(i.BMP280_IIC_ReadByte) for BMP280_IIC_ReadByte
    driver_bmp280.o(i.BMP280_ReadRegs) refers to driver_bmp280.o(i.BMP280_IIC_SendNack) for BMP280_IIC_SendNack
    driver_bmp280.o(i.BMP280_ReadRegs) refers to driver_bmp280.o(i.BMP280_IIC_SendAck) for BMP280_IIC_SendAck
    driver_bmp280.o(i.BMP280_ReadRegs) refers to driver_bmp280.o(i.BMP280_IIC_Stop) for BMP280_IIC_Stop
    driver_bmp280.o(i.BMP280_Read_Temp_Press) refers to driver_bmp280.o(i.BMP280_ReadRegs) for BMP280_ReadRegs
    driver_bmp280.o(i.BMP280_Read_Temp_Press) refers to fflti.o(.text) for __aeabi_i2f
    driver_bmp280.o(i.BMP280_Read_Temp_Press) refers to fdiv.o(.text) for __aeabi_fdiv
    driver_bmp280.o(i.BMP280_Read_Temp_Press) refers to ffltui.o(.text) for __aeabi_ui2f
    driver_bmp280.o(i.BMP280_Read_Temp_Press) refers to driver_bmp280.o(.bss) for bmp280_cal
    driver_bmp280.o(i.BMP280_Read_Temp_Press) refers to driver_bmp280.o(.data) for t_fine
    driver_bmp280.o(i.BMP280_WriteReg) refers to driver_bmp280.o(i.BMP280_IIC_Start) for BMP280_IIC_Start
    driver_bmp280.o(i.BMP280_WriteReg) refers to driver_bmp280.o(i.BMP280_IIC_SendByte) for BMP280_IIC_SendByte
    driver_bmp280.o(i.BMP280_WriteReg) refers to driver_bmp280.o(i.BMP280_IIC_WaitAck) for BMP280_IIC_WaitAck
    driver_bmp280.o(i.BMP280_WriteReg) refers to driver_bmp280.o(i.BMP280_IIC_Stop) for BMP280_IIC_Stop
    driver_bmp280.o(i.IIC_GpioInit) refers to gd32f10x_rcu.o(i.rcu_periph_clock_enable) for rcu_periph_clock_enable
    driver_bmp280.o(i.IIC_GpioInit) refers to gd32f10x_gpio.o(i.gpio_init) for gpio_init
    driver_bmp280.o(i.IIC_GpioInit) refers to gd32f10x_gpio.o(i.gpio_bit_set) for gpio_bit_set
    driver_key.o(i.Key_Init) refers to gd32f10x_rcu.o(i.rcu_periph_clock_enable) for rcu_periph_clock_enable
    driver_key.o(i.Key_Init) refers to gd32f10x_gpio.o(i.gpio_init) for gpio_init
    driver_key.o(i.Key_Init) refers to delay.o(i.DelayNms) for DelayNms
    driver_key.o(i.Key_Init) refers to gd32f10x_gpio.o(i.gpio_input_bit_get) for gpio_input_bit_get
    driver_key.o(i.Key_Init) refers to printfa.o(i.__0printf) for __2printf
    driver_key.o(i.Key_Scan) refers to gd32f10x_gpio.o(i.gpio_input_bit_get) for gpio_input_bit_get
    driver_key.o(i.Key_Scan) refers to delay.o(i.DelayNms) for DelayNms
    driver_key.o(i.Key_Scan) refers to driver_key.o(.data) for key_up
    driver_buzzer.o(i.Buzzer_Off) refers to driver_buzzer.o(i.Buzzer_SetSound) for Buzzer_SetSound
    driver_buzzer.o(i.Buzzer_On) refers to driver_buzzer.o(i.Buzzer_SetSound) for Buzzer_SetSound
    driver_buzzer.o(i.Buzzer_PWM_Init) refers to gd32f10x_rcu.o(i.rcu_periph_clock_enable) for rcu_periph_clock_enable
    driver_buzzer.o(i.Buzzer_PWM_Init) refers to gd32f10x_gpio.o(i.gpio_init) for gpio_init
    driver_buzzer.o(i.Buzzer_PWM_Init) refers to gd32f10x_timer.o(i.timer_deinit) for timer_deinit
    driver_buzzer.o(i.Buzzer_PWM_Init) refers to gd32f10x_timer.o(i.timer_init) for timer_init
    driver_buzzer.o(i.Buzzer_PWM_Init) refers to gd32f10x_timer.o(i.timer_channel_output_struct_para_init) for timer_channel_output_struct_para_init
    driver_buzzer.o(i.Buzzer_PWM_Init) refers to gd32f10x_timer.o(i.timer_channel_output_config) for timer_channel_output_config
    driver_buzzer.o(i.Buzzer_PWM_Init) refers to gd32f10x_timer.o(i.timer_channel_output_pulse_value_config) for timer_channel_output_pulse_value_config
    driver_buzzer.o(i.Buzzer_PWM_Init) refers to gd32f10x_timer.o(i.timer_channel_output_mode_config) for timer_channel_output_mode_config
    driver_buzzer.o(i.Buzzer_PWM_Init) refers to gd32f10x_timer.o(i.timer_channel_output_shadow_config) for timer_channel_output_shadow_config
    driver_buzzer.o(i.Buzzer_PWM_Init) refers to gd32f10x_timer.o(i.timer_enable) for timer_enable
    driver_buzzer.o(i.Buzzer_SetSound) refers to gd32f10x_timer.o(i.timer_channel_output_pulse_value_config) for timer_channel_output_pulse_value_config
    driver_buzzer.o(i.Buzzer_SetSound) refers to gd32f10x_timer.o(i.timer_autoreload_value_config) for timer_autoreload_value_config
    driver_w25q64.o(i.SPI_SwapByte) refers to gd32f10x_gpio.o(i.gpio_bit_set) for gpio_bit_set
    driver_w25q64.o(i.SPI_SwapByte) refers to gd32f10x_gpio.o(i.gpio_bit_reset) for gpio_bit_reset
    driver_w25q64.o(i.SPI_SwapByte) refers to gd32f10x_gpio.o(i.gpio_input_bit_get) for gpio_input_bit_get
    driver_w25q64.o(i.W25Q64_EraseSector) refers to driver_w25q64.o(i.W25Q64_WriteEnable) for W25Q64_WriteEnable
    driver_w25q64.o(i.W25Q64_EraseSector) refers to driver_w25q64.o(i.W25Q64_WaitBusy) for W25Q64_WaitBusy
    driver_w25q64.o(i.W25Q64_EraseSector) refers to gd32f10x_gpio.o(i.gpio_bit_reset) for gpio_bit_reset
    driver_w25q64.o(i.W25Q64_EraseSector) refers to driver_w25q64.o(i.SPI_SwapByte) for SPI_SwapByte
    driver_w25q64.o(i.W25Q64_EraseSector) refers to gd32f10x_gpio.o(i.gpio_bit_set) for gpio_bit_set
    driver_w25q64.o(i.W25Q64_Init) refers to gd32f10x_rcu.o(i.rcu_periph_clock_enable) for rcu_periph_clock_enable
    driver_w25q64.o(i.W25Q64_Init) refers to gd32f10x_gpio.o(i.gpio_init) for gpio_init
    driver_w25q64.o(i.W25Q64_Init) refers to gd32f10x_gpio.o(i.gpio_bit_set) for gpio_bit_set
    driver_w25q64.o(i.W25Q64_Init) refers to gd32f10x_gpio.o(i.gpio_bit_reset) for gpio_bit_reset
    driver_w25q64.o(i.W25Q64_PageProgram) refers to driver_w25q64.o(i.W25Q64_WriteEnable) for W25Q64_WriteEnable
    driver_w25q64.o(i.W25Q64_PageProgram) refers to driver_w25q64.o(i.W25Q64_WaitBusy) for W25Q64_WaitBusy
    driver_w25q64.o(i.W25Q64_PageProgram) refers to gd32f10x_gpio.o(i.gpio_bit_reset) for gpio_bit_reset
    driver_w25q64.o(i.W25Q64_PageProgram) refers to driver_w25q64.o(i.SPI_SwapByte) for SPI_SwapByte
    driver_w25q64.o(i.W25Q64_PageProgram) refers to gd32f10x_gpio.o(i.gpio_bit_set) for gpio_bit_set
    driver_w25q64.o(i.W25Q64_ReadData) refers to driver_w25q64.o(i.W25Q64_WaitBusy) for W25Q64_WaitBusy
    driver_w25q64.o(i.W25Q64_ReadData) refers to gd32f10x_gpio.o(i.gpio_bit_reset) for gpio_bit_reset
    driver_w25q64.o(i.W25Q64_ReadData) refers to driver_w25q64.o(i.SPI_SwapByte) for SPI_SwapByte
    driver_w25q64.o(i.W25Q64_ReadData) refers to gd32f10x_gpio.o(i.gpio_bit_set) for gpio_bit_set
    driver_w25q64.o(i.W25Q64_ReadID) refers to gd32f10x_gpio.o(i.gpio_bit_reset) for gpio_bit_reset
    driver_w25q64.o(i.W25Q64_ReadID) refers to driver_w25q64.o(i.SPI_SwapByte) for SPI_SwapByte
    driver_w25q64.o(i.W25Q64_ReadID) refers to gd32f10x_gpio.o(i.gpio_bit_set) for gpio_bit_set
    driver_w25q64.o(i.W25Q64_Test) refers to driver_w25q64.o(i.W25Q64_Init) for W25Q64_Init
    driver_w25q64.o(i.W25Q64_Test) refers to printfa.o(i.__0printf) for __2printf
    driver_w25q64.o(i.W25Q64_Test) refers to driver_w25q64.o(i.W25Q64_ReadID) for W25Q64_ReadID
    driver_w25q64.o(i.W25Q64_Test) refers to driver_w25q64.o(i.W25Q64_EraseSector) for W25Q64_EraseSector
    driver_w25q64.o(i.W25Q64_Test) refers to driver_w25q64.o(i.W25Q64_PageProgram) for W25Q64_PageProgram
    driver_w25q64.o(i.W25Q64_Test) refers to driver_w25q64.o(i.W25Q64_ReadData) for W25Q64_ReadData
    driver_w25q64.o(i.W25Q64_Test) refers to strcmp.o(.text) for strcmp
    driver_w25q64.o(i.W25Q64_Test) refers to main.o(.data) for WriteBuffer
    driver_w25q64.o(i.W25Q64_Test) refers to driver_w25q64.o(.data) for WriteBuffer
    driver_w25q64.o(i.W25Q64_Test) refers to main.o(.bss) for ReadBuffer
    driver_w25q64.o(i.W25Q64_Test) refers to driver_w25q64.o(.bss) for ReadBuffer
    driver_w25q64.o(i.W25Q64_WaitBusy) refers to gd32f10x_gpio.o(i.gpio_bit_reset) for gpio_bit_reset
    driver_w25q64.o(i.W25Q64_WaitBusy) refers to driver_w25q64.o(i.SPI_SwapByte) for SPI_SwapByte
    driver_w25q64.o(i.W25Q64_WaitBusy) refers to gd32f10x_gpio.o(i.gpio_bit_set) for gpio_bit_set
    driver_w25q64.o(i.W25Q64_WriteEnable) refers to gd32f10x_gpio.o(i.gpio_bit_reset) for gpio_bit_reset
    driver_w25q64.o(i.W25Q64_WriteEnable) refers to driver_w25q64.o(i.SPI_SwapByte) for SPI_SwapByte
    driver_w25q64.o(i.W25Q64_WriteEnable) refers to gd32f10x_gpio.o(i.gpio_bit_set) for gpio_bit_set
    atan2.o(i.__softfp_atan2) refers (Special) to iusefp.o(.text) for __I$use$fp
    atan2.o(i.__softfp_atan2) refers to atan2.o(i.atan2) for atan2
    atan2.o(i.atan2) refers (Special) to iusefp.o(.text) for __I$use$fp
    atan2.o(i.atan2) refers to dunder.o(i.__mathlib_dbl_infnan2) for __mathlib_dbl_infnan2
    atan2.o(i.atan2) refers to atan.o(i.atan) for atan
    atan2.o(i.atan2) refers to ddiv.o(.text) for __aeabi_ddiv
    atan2.o(i.atan2) refers to dadd.o(.text) for __aeabi_dsub
    atan2.o(i.atan2) refers to qnan.o(.constdata) for __mathlib_zero
    atan2_x.o(i.____softfp_atan2$lsc) refers (Special) to iusefp.o(.text) for __I$use$fp
    atan2_x.o(i.____softfp_atan2$lsc) refers to atan2_x.o(i.__atan2$lsc) for __atan2$lsc
    atan2_x.o(i.__atan2$lsc) refers (Special) to iusefp.o(.text) for __I$use$fp
    atan2_x.o(i.__atan2$lsc) refers to dunder.o(i.__mathlib_dbl_infnan2) for __mathlib_dbl_infnan2
    atan2_x.o(i.__atan2$lsc) refers to atan.o(i.atan) for atan
    atan2_x.o(i.__atan2$lsc) refers to errno.o(i.__set_errno) for __set_errno
    atan2_x.o(i.__atan2$lsc) refers to ddiv.o(.text) for __aeabi_ddiv
    atan2_x.o(i.__atan2$lsc) refers to dadd.o(.text) for __aeabi_dsub
    atan2_x.o(i.__atan2$lsc) refers to qnan.o(.constdata) for __mathlib_zero
    round.o(i.round) refers (Special) to iusefp.o(.text) for __I$use$fp
    round.o(i.round) refers to drnd.o(.text) for _drnd
    round.o(i.round) refers to dadd.o(.text) for __aeabi_drsub
    round.o(i.round) refers to cdcmple.o(.text) for __aeabi_cdcmple
    round.o(i.round) refers to cdrcmple.o(.text) for __aeabi_cdrcmple
    entry.o(.ARM.Collect$$$$00000000) refers (Special) to entry10a.o(.ARM.Collect$$$$0000000D) for __rt_final_cpp
    entry.o(.ARM.Collect$$$$00000000) refers (Special) to entry11a.o(.ARM.Collect$$$$0000000F) for __rt_final_exit
    entry.o(.ARM.Collect$$$$00000000) refers (Special) to entry7b.o(.ARM.Collect$$$$00000008) for _main_clock
    entry.o(.ARM.Collect$$$$00000000) refers (Special) to entry8b.o(.ARM.Collect$$$$0000000A) for _main_cpp_init
    entry.o(.ARM.Collect$$$$00000000) refers (Special) to entry9a.o(.ARM.Collect$$$$0000000B) for _main_init
    entry.o(.ARM.Collect$$$$00000000) refers (Special) to entry5.o(.ARM.Collect$$$$00000004) for _main_scatterload
    entry.o(.ARM.Collect$$$$00000000) refers (Special) to entry2.o(.ARM.Collect$$$$00000001) for _main_stk
    printfb.o(i.__0fprintf$bare) refers to printfb.o(i._printf_core) for _printf_core
    printfb.o(i.__0fprintf$bare) refers to driver_usart.o(i.fputc) for fputc
    printfb.o(i.__0printf$bare) refers to printfb.o(i._printf_core) for _printf_core
    printfb.o(i.__0printf$bare) refers to driver_usart.o(i.fputc) for fputc
    printfb.o(i.__0printf$bare) refers to stdout.o(.data) for __stdout
    printfb.o(i.__0snprintf$bare) refers to printfb.o(i._printf_core) for _printf_core
    printfb.o(i.__0snprintf$bare) refers to printfb.o(i._snputc) for _snputc
    printfb.o(i.__0sprintf$bare) refers to printfb.o(i._printf_core) for _printf_core
    printfb.o(i.__0sprintf$bare) refers to printfb.o(i._sputc) for _sputc
    printfb.o(i.__0vfprintf$bare) refers to printfb.o(i._printf_core) for _printf_core
    printfb.o(i.__0vfprintf$bare) refers to driver_usart.o(i.fputc) for fputc
    printfb.o(i.__0vprintf$bare) refers to printfb.o(i._printf_core) for _printf_core
    printfb.o(i.__0vprintf$bare) refers to driver_usart.o(i.fputc) for fputc
    printfb.o(i.__0vprintf$bare) refers to stdout.o(.data) for __stdout
    printfb.o(i.__0vsnprintf$bare) refers to printfb.o(i._printf_core) for _printf_core
    printfb.o(i.__0vsnprintf$bare) refers to printfb.o(i._snputc) for _snputc
    printfb.o(i.__0vsprintf$bare) refers to printfb.o(i._printf_core) for _printf_core
    printfb.o(i.__0vsprintf$bare) refers to printfb.o(i._sputc) for _sputc
    printf0.o(i.__0fprintf$0) refers to printf0.o(i._printf_core) for _printf_core
    printf0.o(i.__0fprintf$0) refers to driver_usart.o(i.fputc) for fputc
    printf0.o(i.__0printf$0) refers to printf0.o(i._printf_core) for _printf_core
    printf0.o(i.__0printf$0) refers to driver_usart.o(i.fputc) for fputc
    printf0.o(i.__0printf$0) refers to stdout.o(.data) for __stdout
    printf0.o(i.__0snprintf$0) refers to printf0.o(i._printf_core) for _printf_core
    printf0.o(i.__0snprintf$0) refers to printf0.o(i._snputc) for _snputc
    printf0.o(i.__0sprintf$0) refers to printf0.o(i._printf_core) for _printf_core
    printf0.o(i.__0sprintf$0) refers to printf0.o(i._sputc) for _sputc
    printf0.o(i.__0vfprintf$0) refers to printf0.o(i._printf_core) for _printf_core
    printf0.o(i.__0vfprintf$0) refers to driver_usart.o(i.fputc) for fputc
    printf0.o(i.__0vprintf$0) refers to printf0.o(i._printf_core) for _printf_core
    printf0.o(i.__0vprintf$0) refers to driver_usart.o(i.fputc) for fputc
    printf0.o(i.__0vprintf$0) refers to stdout.o(.data) for __stdout
    printf0.o(i.__0vsnprintf$0) refers to printf0.o(i._printf_core) for _printf_core
    printf0.o(i.__0vsnprintf$0) refers to printf0.o(i._snputc) for _snputc
    printf0.o(i.__0vsprintf$0) refers to printf0.o(i._printf_core) for _printf_core
    printf0.o(i.__0vsprintf$0) refers to printf0.o(i._sputc) for _sputc
    printf1.o(i.__0fprintf$1) refers to printf1.o(i._printf_core) for _printf_core
    printf1.o(i.__0fprintf$1) refers to driver_usart.o(i.fputc) for fputc
    printf1.o(i.__0printf$1) refers to printf1.o(i._printf_core) for _printf_core
    printf1.o(i.__0printf$1) refers to driver_usart.o(i.fputc) for fputc
    printf1.o(i.__0printf$1) refers to stdout.o(.data) for __stdout
    printf1.o(i.__0snprintf$1) refers to printf1.o(i._printf_core) for _printf_core
    printf1.o(i.__0snprintf$1) refers to printf1.o(i._snputc) for _snputc
    printf1.o(i.__0sprintf$1) refers to printf1.o(i._printf_core) for _printf_core
    printf1.o(i.__0sprintf$1) refers to printf1.o(i._sputc) for _sputc
    printf1.o(i.__0vfprintf$1) refers to printf1.o(i._printf_core) for _printf_core
    printf1.o(i.__0vfprintf$1) refers to driver_usart.o(i.fputc) for fputc
    printf1.o(i.__0vprintf$1) refers to printf1.o(i._printf_core) for _printf_core
    printf1.o(i.__0vprintf$1) refers to driver_usart.o(i.fputc) for fputc
    printf1.o(i.__0vprintf$1) refers to stdout.o(.data) for __stdout
    printf1.o(i.__0vsnprintf$1) refers to printf1.o(i._printf_core) for _printf_core
    printf1.o(i.__0vsnprintf$1) refers to printf1.o(i._snputc) for _snputc
    printf1.o(i.__0vsprintf$1) refers to printf1.o(i._printf_core) for _printf_core
    printf1.o(i.__0vsprintf$1) refers to printf1.o(i._sputc) for _sputc
    printf1.o(i._printf_core) refers to uidiv.o(.text) for __aeabi_uidivmod
    printf2.o(i.__0fprintf$2) refers to printf2.o(i._printf_core) for _printf_core
    printf2.o(i.__0fprintf$2) refers to driver_usart.o(i.fputc) for fputc
    printf2.o(i.__0printf$2) refers to printf2.o(i._printf_core) for _printf_core
    printf2.o(i.__0printf$2) refers to driver_usart.o(i.fputc) for fputc
    printf2.o(i.__0printf$2) refers to stdout.o(.data) for __stdout
    printf2.o(i.__0snprintf$2) refers to printf2.o(i._printf_core) for _printf_core
    printf2.o(i.__0snprintf$2) refers to printf2.o(i._snputc) for _snputc
    printf2.o(i.__0sprintf$2) refers to printf2.o(i._printf_core) for _printf_core
    printf2.o(i.__0sprintf$2) refers to printf2.o(i._sputc) for _sputc
    printf2.o(i.__0vfprintf$2) refers to printf2.o(i._printf_core) for _printf_core
    printf2.o(i.__0vfprintf$2) refers to driver_usart.o(i.fputc) for fputc
    printf2.o(i.__0vprintf$2) refers to printf2.o(i._printf_core) for _printf_core
    printf2.o(i.__0vprintf$2) refers to driver_usart.o(i.fputc) for fputc
    printf2.o(i.__0vprintf$2) refers to stdout.o(.data) for __stdout
    printf2.o(i.__0vsnprintf$2) refers to printf2.o(i._printf_core) for _printf_core
    printf2.o(i.__0vsnprintf$2) refers to printf2.o(i._snputc) for _snputc
    printf2.o(i.__0vsprintf$2) refers to printf2.o(i._printf_core) for _printf_core
    printf2.o(i.__0vsprintf$2) refers to printf2.o(i._sputc) for _sputc
    printf3.o(i.__0fprintf$3) refers to printf3.o(i._printf_core) for _printf_core
    printf3.o(i.__0fprintf$3) refers to driver_usart.o(i.fputc) for fputc
    printf3.o(i.__0printf$3) refers to printf3.o(i._printf_core) for _printf_core
    printf3.o(i.__0printf$3) refers to driver_usart.o(i.fputc) for fputc
    printf3.o(i.__0printf$3) refers to stdout.o(.data) for __stdout
    printf3.o(i.__0snprintf$3) refers to printf3.o(i._printf_core) for _printf_core
    printf3.o(i.__0snprintf$3) refers to printf3.o(i._snputc) for _snputc
    printf3.o(i.__0sprintf$3) refers to printf3.o(i._printf_core) for _printf_core
    printf3.o(i.__0sprintf$3) refers to printf3.o(i._sputc) for _sputc
    printf3.o(i.__0vfprintf$3) refers to printf3.o(i._printf_core) for _printf_core
    printf3.o(i.__0vfprintf$3) refers to driver_usart.o(i.fputc) for fputc
    printf3.o(i.__0vprintf$3) refers to printf3.o(i._printf_core) for _printf_core
    printf3.o(i.__0vprintf$3) refers to driver_usart.o(i.fputc) for fputc
    printf3.o(i.__0vprintf$3) refers to stdout.o(.data) for __stdout
    printf3.o(i.__0vsnprintf$3) refers to printf3.o(i._printf_core) for _printf_core
    printf3.o(i.__0vsnprintf$3) refers to printf3.o(i._snputc) for _snputc
    printf3.o(i.__0vsprintf$3) refers to printf3.o(i._printf_core) for _printf_core
    printf3.o(i.__0vsprintf$3) refers to printf3.o(i._sputc) for _sputc
    printf3.o(i._printf_core) refers to uidiv.o(.text) for __aeabi_uidivmod
    printf4.o(i.__0fprintf$4) refers to printf4.o(i._printf_core) for _printf_core
    printf4.o(i.__0fprintf$4) refers to driver_usart.o(i.fputc) for fputc
    printf4.o(i.__0printf$4) refers to printf4.o(i._printf_core) for _printf_core
    printf4.o(i.__0printf$4) refers to driver_usart.o(i.fputc) for fputc
    printf4.o(i.__0printf$4) refers to stdout.o(.data) for __stdout
    printf4.o(i.__0snprintf$4) refers to printf4.o(i._printf_core) for _printf_core
    printf4.o(i.__0snprintf$4) refers to printf4.o(i._snputc) for _snputc
    printf4.o(i.__0sprintf$4) refers to printf4.o(i._printf_core) for _printf_core
    printf4.o(i.__0sprintf$4) refers to printf4.o(i._sputc) for _sputc
    printf4.o(i.__0vfprintf$4) refers to printf4.o(i._printf_core) for _printf_core
    printf4.o(i.__0vfprintf$4) refers to driver_usart.o(i.fputc) for fputc
    printf4.o(i.__0vprintf$4) refers to printf4.o(i._printf_core) for _printf_core
    printf4.o(i.__0vprintf$4) refers to driver_usart.o(i.fputc) for fputc
    printf4.o(i.__0vprintf$4) refers to stdout.o(.data) for __stdout
    printf4.o(i.__0vsnprintf$4) refers to printf4.o(i._printf_core) for _printf_core
    printf4.o(i.__0vsnprintf$4) refers to printf4.o(i._snputc) for _snputc
    printf4.o(i.__0vsprintf$4) refers to printf4.o(i._printf_core) for _printf_core
    printf4.o(i.__0vsprintf$4) refers to printf4.o(i._sputc) for _sputc
    printf4.o(i._printf_core) refers to uldiv.o(.text) for __aeabi_uldivmod
    printf5.o(i.__0fprintf$5) refers to printf5.o(i._printf_core) for _printf_core
    printf5.o(i.__0fprintf$5) refers to driver_usart.o(i.fputc) for fputc
    printf5.o(i.__0printf$5) refers to printf5.o(i._printf_core) for _printf_core
    printf5.o(i.__0printf$5) refers to driver_usart.o(i.fputc) for fputc
    printf5.o(i.__0printf$5) refers to stdout.o(.data) for __stdout
    printf5.o(i.__0snprintf$5) refers to printf5.o(i._printf_core) for _printf_core
    printf5.o(i.__0snprintf$5) refers to printf5.o(i._snputc) for _snputc
    printf5.o(i.__0sprintf$5) refers to printf5.o(i._printf_core) for _printf_core
    printf5.o(i.__0sprintf$5) refers to printf5.o(i._sputc) for _sputc
    printf5.o(i.__0vfprintf$5) refers to printf5.o(i._printf_core) for _printf_core
    printf5.o(i.__0vfprintf$5) refers to driver_usart.o(i.fputc) for fputc
    printf5.o(i.__0vprintf$5) refers to printf5.o(i._printf_core) for _printf_core
    printf5.o(i.__0vprintf$5) refers to driver_usart.o(i.fputc) for fputc
    printf5.o(i.__0vprintf$5) refers to stdout.o(.data) for __stdout
    printf5.o(i.__0vsnprintf$5) refers to printf5.o(i._printf_core) for _printf_core
    printf5.o(i.__0vsnprintf$5) refers to printf5.o(i._snputc) for _snputc
    printf5.o(i.__0vsprintf$5) refers to printf5.o(i._printf_core) for _printf_core
    printf5.o(i.__0vsprintf$5) refers to printf5.o(i._sputc) for _sputc
    printf5.o(i._printf_core) refers to uldiv.o(.text) for __aeabi_uldivmod
    printf6.o(i.__0fprintf$6) refers to printf6.o(i._printf_core) for _printf_core
    printf6.o(i.__0fprintf$6) refers to driver_usart.o(i.fputc) for fputc
    printf6.o(i.__0printf$6) refers to printf6.o(i._printf_core) for _printf_core
    printf6.o(i.__0printf$6) refers to driver_usart.o(i.fputc) for fputc
    printf6.o(i.__0printf$6) refers to stdout.o(.data) for __stdout
    printf6.o(i.__0snprintf$6) refers to printf6.o(i._printf_core) for _printf_core
    printf6.o(i.__0snprintf$6) refers to printf6.o(i._snputc) for _snputc
    printf6.o(i.__0sprintf$6) refers to printf6.o(i._printf_core) for _printf_core
    printf6.o(i.__0sprintf$6) refers to printf6.o(i._sputc) for _sputc
    printf6.o(i.__0vfprintf$6) refers to printf6.o(i._printf_core) for _printf_core
    printf6.o(i.__0vfprintf$6) refers to driver_usart.o(i.fputc) for fputc
    printf6.o(i.__0vprintf$6) refers to printf6.o(i._printf_core) for _printf_core
    printf6.o(i.__0vprintf$6) refers to driver_usart.o(i.fputc) for fputc
    printf6.o(i.__0vprintf$6) refers to stdout.o(.data) for __stdout
    printf6.o(i.__0vsnprintf$6) refers to printf6.o(i._printf_core) for _printf_core
    printf6.o(i.__0vsnprintf$6) refers to printf6.o(i._snputc) for _snputc
    printf6.o(i.__0vsprintf$6) refers to printf6.o(i._printf_core) for _printf_core
    printf6.o(i.__0vsprintf$6) refers to printf6.o(i._sputc) for _sputc
    printf6.o(i._printf_core) refers to printf6.o(i._printf_pre_padding) for _printf_pre_padding
    printf6.o(i._printf_core) refers to uidiv.o(.text) for __aeabi_uidivmod
    printf6.o(i._printf_core) refers to printf6.o(i._printf_post_padding) for _printf_post_padding
    printf7.o(i.__0fprintf$7) refers to printf7.o(i._printf_core) for _printf_core
    printf7.o(i.__0fprintf$7) refers to driver_usart.o(i.fputc) for fputc
    printf7.o(i.__0printf$7) refers to printf7.o(i._printf_core) for _printf_core
    printf7.o(i.__0printf$7) refers to driver_usart.o(i.fputc) for fputc
    printf7.o(i.__0printf$7) refers to stdout.o(.data) for __stdout
    printf7.o(i.__0snprintf$7) refers to printf7.o(i._printf_core) for _printf_core
    printf7.o(i.__0snprintf$7) refers to printf7.o(i._snputc) for _snputc
    printf7.o(i.__0sprintf$7) refers to printf7.o(i._printf_core) for _printf_core
    printf7.o(i.__0sprintf$7) refers to printf7.o(i._sputc) for _sputc
    printf7.o(i.__0vfprintf$7) refers to printf7.o(i._printf_core) for _printf_core
    printf7.o(i.__0vfprintf$7) refers to driver_usart.o(i.fputc) for fputc
    printf7.o(i.__0vprintf$7) refers to printf7.o(i._printf_core) for _printf_core
    printf7.o(i.__0vprintf$7) refers to driver_usart.o(i.fputc) for fputc
    printf7.o(i.__0vprintf$7) refers to stdout.o(.data) for __stdout
    printf7.o(i.__0vsnprintf$7) refers to printf7.o(i._printf_core) for _printf_core
    printf7.o(i.__0vsnprintf$7) refers to printf7.o(i._snputc) for _snputc
    printf7.o(i.__0vsprintf$7) refers to printf7.o(i._printf_core) for _printf_core
    printf7.o(i.__0vsprintf$7) refers to printf7.o(i._sputc) for _sputc
    printf7.o(i._printf_core) refers to printf7.o(i._printf_pre_padding) for _printf_pre_padding
    printf7.o(i._printf_core) refers to uldiv.o(.text) for __aeabi_uldivmod
    printf7.o(i._printf_core) refers to printf7.o(i._printf_post_padding) for _printf_post_padding
    printf8.o(i.__0fprintf$8) refers to printf8.o(i._printf_core) for _printf_core
    printf8.o(i.__0fprintf$8) refers to driver_usart.o(i.fputc) for fputc
    printf8.o(i.__0printf$8) refers to printf8.o(i._printf_core) for _printf_core
    printf8.o(i.__0printf$8) refers to driver_usart.o(i.fputc) for fputc
    printf8.o(i.__0printf$8) refers to stdout.o(.data) for __stdout
    printf8.o(i.__0snprintf$8) refers to printf8.o(i._printf_core) for _printf_core
    printf8.o(i.__0snprintf$8) refers to printf8.o(i._snputc) for _snputc
    printf8.o(i.__0sprintf$8) refers to printf8.o(i._printf_core) for _printf_core
    printf8.o(i.__0sprintf$8) refers to printf8.o(i._sputc) for _sputc
    printf8.o(i.__0vfprintf$8) refers to printf8.o(i._printf_core) for _printf_core
    printf8.o(i.__0vfprintf$8) refers to driver_usart.o(i.fputc) for fputc
    printf8.o(i.__0vprintf$8) refers to printf8.o(i._printf_core) for _printf_core
    printf8.o(i.__0vprintf$8) refers to driver_usart.o(i.fputc) for fputc
    printf8.o(i.__0vprintf$8) refers to stdout.o(.data) for __stdout
    printf8.o(i.__0vsnprintf$8) refers to printf8.o(i._printf_core) for _printf_core
    printf8.o(i.__0vsnprintf$8) refers to printf8.o(i._snputc) for _snputc
    printf8.o(i.__0vsprintf$8) refers to printf8.o(i._printf_core) for _printf_core
    printf8.o(i.__0vsprintf$8) refers to printf8.o(i._sputc) for _sputc
    printf8.o(i._printf_core) refers to printf8.o(i._printf_pre_padding) for _printf_pre_padding
    printf8.o(i._printf_core) refers to uldiv.o(.text) for __aeabi_uldivmod
    printf8.o(i._printf_core) refers to printf8.o(i._printf_post_padding) for _printf_post_padding
    printfa.o(i.__0fprintf) refers (Special) to iusefp.o(.text) for __I$use$fp
    printfa.o(i.__0fprintf) refers to printfa.o(i._printf_core) for _printf_core
    printfa.o(i.__0fprintf) refers to driver_usart.o(i.fputc) for fputc
    printfa.o(i.__0printf) refers (Special) to iusefp.o(.text) for __I$use$fp
    printfa.o(i.__0printf) refers to printfa.o(i._printf_core) for _printf_core
    printfa.o(i.__0printf) refers to driver_usart.o(i.fputc) for fputc
    printfa.o(i.__0printf) refers to stdout.o(.data) for __stdout
    printfa.o(i.__0snprintf) refers (Special) to iusefp.o(.text) for __I$use$fp
    printfa.o(i.__0snprintf) refers to printfa.o(i._printf_core) for _printf_core
    printfa.o(i.__0snprintf) refers to printfa.o(i._snputc) for _snputc
    printfa.o(i.__0sprintf) refers (Special) to iusefp.o(.text) for __I$use$fp
    printfa.o(i.__0sprintf) refers to printfa.o(i._printf_core) for _printf_core
    printfa.o(i.__0sprintf) refers to printfa.o(i._sputc) for _sputc
    printfa.o(i.__0vfprintf) refers (Special) to iusefp.o(.text) for __I$use$fp
    printfa.o(i.__0vfprintf) refers to printfa.o(i._printf_core) for _printf_core
    printfa.o(i.__0vfprintf) refers to driver_usart.o(i.fputc) for fputc
    printfa.o(i.__0vprintf) refers (Special) to iusefp.o(.text) for __I$use$fp
    printfa.o(i.__0vprintf) refers to printfa.o(i._printf_core) for _printf_core
    printfa.o(i.__0vprintf) refers to driver_usart.o(i.fputc) for fputc
    printfa.o(i.__0vprintf) refers to stdout.o(.data) for __stdout
    printfa.o(i.__0vsnprintf) refers (Special) to iusefp.o(.text) for __I$use$fp
    printfa.o(i.__0vsnprintf) refers to printfa.o(i._printf_core) for _printf_core
    printfa.o(i.__0vsnprintf) refers to printfa.o(i._snputc) for _snputc
    printfa.o(i.__0vsprintf) refers (Special) to iusefp.o(.text) for __I$use$fp
    printfa.o(i.__0vsprintf) refers to printfa.o(i._printf_core) for _printf_core
    printfa.o(i.__0vsprintf) refers to printfa.o(i._sputc) for _sputc
    printfa.o(i._fp_digits) refers (Special) to iusefp.o(.text) for __I$use$fp
    printfa.o(i._fp_digits) refers to dmul.o(.text) for __aeabi_dmul
    printfa.o(i._fp_digits) refers to ddiv.o(.text) for __aeabi_ddiv
    printfa.o(i._fp_digits) refers to cdrcmple.o(.text) for __aeabi_cdrcmple
    printfa.o(i._fp_digits) refers to dadd.o(.text) for __aeabi_dadd
    printfa.o(i._fp_digits) refers to dfixul.o(.text) for __aeabi_d2ulz
    printfa.o(i._fp_digits) refers to uldiv.o(.text) for __aeabi_uldivmod
    printfa.o(i._printf_core) refers (Special) to iusefp.o(.text) for __I$use$fp
    printfa.o(i._printf_core) refers to printfa.o(i._printf_pre_padding) for _printf_pre_padding
    printfa.o(i._printf_core) refers to uldiv.o(.text) for __aeabi_uldivmod
    printfa.o(i._printf_core) refers to printfa.o(i._printf_post_padding) for _printf_post_padding
    printfa.o(i._printf_core) refers to printfa.o(i._fp_digits) for _fp_digits
    printfa.o(i._printf_core) refers to uidiv.o(.text) for __aeabi_uidivmod
    printfa.o(i._printf_post_padding) refers (Special) to iusefp.o(.text) for __I$use$fp
    printfa.o(i._printf_pre_padding) refers (Special) to iusefp.o(.text) for __I$use$fp
    printfa.o(i._snputc) refers (Special) to iusefp.o(.text) for __I$use$fp
    printfa.o(i._sputc) refers (Special) to iusefp.o(.text) for __I$use$fp
    fadd.o(.text) refers (Special) to iusefp.o(.text) for __I$use$fp
    fadd.o(.text) refers to fepilogue.o(.text) for _float_epilogue
    fmul.o(.text) refers (Special) to iusefp.o(.text) for __I$use$fp
    fdiv.o(.text) refers (Special) to iusefp.o(.text) for __I$use$fp
    fdiv.o(.text) refers to fepilogue.o(.text) for _float_round
    dadd.o(.text) refers (Special) to iusefp.o(.text) for __I$use$fp
    dadd.o(.text) refers to llshl.o(.text) for __aeabi_llsl
    dadd.o(.text) refers to llsshr.o(.text) for __aeabi_lasr
    dadd.o(.text) refers to depilogue.o(.text) for _double_epilogue
    dmul.o(.text) refers (Special) to iusefp.o(.text) for __I$use$fp
    dmul.o(.text) refers to depilogue.o(.text) for _double_epilogue
    ddiv.o(.text) refers (Special) to iusefp.o(.text) for __I$use$fp
    ddiv.o(.text) refers to depilogue.o(.text) for _double_round
    fflti.o(.text) refers (Special) to iusefp.o(.text) for __I$use$fp
    fflti.o(.text) refers to fepilogue.o(.text) for _float_epilogue
    ffltui.o(.text) refers (Special) to iusefp.o(.text) for __I$use$fp
    ffltui.o(.text) refers to fepilogue.o(.text) for _float_epilogue
    dflti.o(.text) refers (Special) to iusefp.o(.text) for __I$use$fp
    dflti.o(.text) refers to depilogue.o(.text) for _double_epilogue
    dfltui.o(.text) refers (Special) to iusefp.o(.text) for __I$use$fp
    dfltui.o(.text) refers to depilogue.o(.text) for _double_epilogue
    ffixui.o(.text) refers (Special) to iusefp.o(.text) for __I$use$fp
    dfixi.o(.text) refers (Special) to iusefp.o(.text) for __I$use$fp
    dfixi.o(.text) refers to llushr.o(.text) for __aeabi_llsr
    dfixui.o(.text) refers (Special) to iusefp.o(.text) for __I$use$fp
    dfixui.o(.text) refers to llushr.o(.text) for __aeabi_llsr
    cdcmple.o(.text) refers (Special) to iusefp.o(.text) for __I$use$fp
    cdrcmple.o(.text) refers (Special) to iusefp.o(.text) for __I$use$fp
    d2f.o(.text) refers (Special) to iusefp.o(.text) for __I$use$fp
    d2f.o(.text) refers to fepilogue.o(.text) for _float_round
    cfcmple.o(.text) refers (Special) to iusefp.o(.text) for __I$use$fp
    atan.o(i.__softfp_atan) refers (Special) to iusefp.o(.text) for __I$use$fp
    atan.o(i.__softfp_atan) refers to atan.o(i.atan) for atan
    atan.o(i.atan) refers (Special) to iusefp.o(.text) for __I$use$fp
    atan.o(i.atan) refers to dunder.o(i.__mathlib_dbl_infnan) for __mathlib_dbl_infnan
    atan.o(i.atan) refers to fpclassify.o(i.__ARM_fpclassify) for __ARM_fpclassify
    atan.o(i.atan) refers to dunder.o(i.__mathlib_dbl_underflow) for __mathlib_dbl_underflow
    atan.o(i.atan) refers to dadd.o(.text) for __aeabi_dadd
    atan.o(i.atan) refers to dscalb.o(.text) for __ARM_scalbn
    atan.o(i.atan) refers to ddiv.o(.text) for __aeabi_ddiv
    atan.o(i.atan) refers to dmul.o(.text) for __aeabi_dmul
    atan.o(i.atan) refers to poly.o(i.__kernel_poly) for __kernel_poly
    atan.o(i.atan) refers to atan.o(.constdata) for .constdata
    atan.o(.constdata) refers (Special) to iusefp.o(.text) for __I$use$fp
    atan_x.o(i.____softfp_atan$lsc) refers (Special) to iusefp.o(.text) for __I$use$fp
    atan_x.o(i.____softfp_atan$lsc) refers to atan_x.o(i.__atan$lsc) for __atan$lsc
    atan_x.o(i.__atan$lsc) refers (Special) to iusefp.o(.text) for __I$use$fp
    atan_x.o(i.__atan$lsc) refers to dunder.o(i.__mathlib_dbl_infnan) for __mathlib_dbl_infnan
    atan_x.o(i.__atan$lsc) refers to dadd.o(.text) for __aeabi_dadd
    atan_x.o(i.__atan$lsc) refers to dscalb.o(.text) for __ARM_scalbn
    atan_x.o(i.__atan$lsc) refers to ddiv.o(.text) for __aeabi_ddiv
    atan_x.o(i.__atan$lsc) refers to dmul.o(.text) for __aeabi_dmul
    atan_x.o(i.__atan$lsc) refers to poly.o(i.__kernel_poly) for __kernel_poly
    atan_x.o(i.__atan$lsc) refers to atan_x.o(.constdata) for .constdata
    atan_x.o(.constdata) refers (Special) to iusefp.o(.text) for __I$use$fp
    dunder.o(i.__mathlib_dbl_divzero) refers to ddiv.o(.text) for __aeabi_ddiv
    dunder.o(i.__mathlib_dbl_infnan) refers to dscalb.o(.text) for __ARM_scalbn
    dunder.o(i.__mathlib_dbl_infnan2) refers to dadd.o(.text) for __aeabi_dadd
    dunder.o(i.__mathlib_dbl_invalid) refers to ddiv.o(.text) for __aeabi_ddiv
    dunder.o(i.__mathlib_dbl_overflow) refers to dscalb.o(.text) for __ARM_scalbn
    dunder.o(i.__mathlib_dbl_posinfnan) refers to dmul.o(.text) for __aeabi_dmul
    dunder.o(i.__mathlib_dbl_underflow) refers to dscalb.o(.text) for __ARM_scalbn
    qnan.o(.constdata) refers (Special) to iusefp.o(.text) for __I$use$fp
    entry2.o(.ARM.Collect$$$$00000001) refers to entry2.o(.ARM.Collect$$$$00002712) for __lit__00000000
    entry2.o(.ARM.Collect$$$$00002712) refers to startup_gd32f10x_md.o(STACK) for __initial_sp
    entry2.o(__vectab_stack_and_reset_area) refers to startup_gd32f10x_md.o(STACK) for __initial_sp
    entry2.o(__vectab_stack_and_reset_area) refers to entry.o(.ARM.Collect$$$$00000000) for __main
    entry5.o(.ARM.Collect$$$$00000004) refers to init.o(.text) for __scatterload
    entry9a.o(.ARM.Collect$$$$0000000B) refers to main.o(i.main) for main
    entry9b.o(.ARM.Collect$$$$0000000C) refers to main.o(i.main) for main
    uldiv.o(.text) refers to llushr.o(.text) for __aeabi_llsr
    uldiv.o(.text) refers to llshl.o(.text) for __aeabi_llsl
    errno.o(i.__aeabi_errno_addr) refers to errno.o(.data) for .data
    errno.o(i.__read_errno) refers to errno.o(.data) for .data
    errno.o(i.__set_errno) refers to errno.o(.data) for .data
    depilogue.o(.text) refers to llshl.o(.text) for __aeabi_llsl
    depilogue.o(.text) refers to llushr.o(.text) for __aeabi_llsr
    drnd.o(.text) refers to llshl.o(.text) for __aeabi_llsl
    drnd.o(.text) refers to llushr.o(.text) for __aeabi_llsr
    drnd.o(.text) refers to depilogue.o(.text) for _double_round
    dfixul.o(.text) refers to llushr.o(.text) for __aeabi_llsr
    dfixul.o(.text) refers to llshl.o(.text) for __aeabi_llsl
    fpclassify.o(i.__ARM_fpclassify) refers (Special) to iusefp.o(.text) for __I$use$fp
    poly.o(i.__kernel_poly) refers (Special) to iusefp.o(.text) for __I$use$fp
    poly.o(i.__kernel_poly) refers to dmul.o(.text) for __aeabi_dmul
    poly.o(i.__kernel_poly) refers to dadd.o(.text) for __aeabi_dadd
    init.o(.text) refers to entry5.o(.ARM.Collect$$$$00000004) for __main_after_scatterload

