Component: ARM Compiler 5.06 update 5 (build 528) Tool: armlink [4d35e2]

==============================================================================

Section Cross References

    main.o(i.main) refers to gd32f10x_misc.o(i.nvic_priority_group_set) for nvic_priority_group_set
    main.o(i.main) refers to driver_led.o(i.led_init) for led_init
    main.o(i.main) refers to delay.o(i.DelayInit) for DelayInit
    main.o(i.main) refers to driver_usart.o(i.usart_config) for usart_config
    main.o(i.main) refers to driver_bluetooth.o(i.blt_config) for blt_config
    main.o(i.main) refers to driver_timer.o(i.timer2_config) for timer2_config
    main.o(i.main) refers to driver_oled.o(i.OLED_Init) for OLED_Init
    main.o(i.main) refers to driver_encoder.o(i.Encoder_Init) for Encoder_Init
    main.o(i.main) refers to iic_light.o(i.IIC_Light_Init) for IIC_Light_Init
    main.o(i.main) refers to driver_aht20.o(i.AHT20_Init) for AHT20_Init
    main.o(i.main) refers to driver_bmp280.o(i.BMP280_Init) for BMP280_Init
    main.o(i.main) refers to driver_key.o(i.Key_Init) for Key_Init
    main.o(i.main) refers to driver_w25q64.o(i.W25Q64_Init) for W25Q64_Init
    main.o(i.main) refers to driver_buzzer.o(i.Buzzer_PWM_Init) for Buzzer_PWM_Init
    main.o(i.main) refers to driver_adc.o(i.ADC_DMA_MultiChannel_Init) for ADC_DMA_MultiChannel_Init
    main.o(i.main) refers to driver_oled.o(i.OLED_ShowString) for OLED_ShowString
    main.o(i.main) refers to driver_oled.o(i.OLED_Update) for OLED_Update
    main.o(i.main) refers to driver_w25q64.o(i.W25Q64_Test) for W25Q64_Test
    main.o(i.main) refers to driver_key.o(i.Key_Scan) for Key_Scan
    main.o(i.main) refers to printfa.o(i.__0printf) for __2printf
    main.o(i.main) refers to driver_led.o(i.led_toggle) for led_toggle
    main.o(i.main) refers to delay.o(i.DelayNms) for DelayNms
    delay.o(i.DelayNms) refers to delay.o(i.DelayNus) for DelayNus
    delay.o(i.DelayNus) refers to gd32f10x_rcu.o(i.rcu_clock_freq_get) for rcu_clock_freq_get
    gd32f10x_it.o(i.SysTick_Handler) refers to systick.o(i.delay_decrement) for delay_decrement
    systick.o(i.delay_1ms) refers to systick.o(.data) for delay
    systick.o(i.delay_decrement) refers to systick.o(.data) for delay
    systick.o(i.systick_config) refers to systick.o(i.NVIC_SetPriority) for NVIC_SetPriority
    systick.o(i.systick_config) refers to system_gd32f10x.o(.data) for SystemCoreClock
    system_gd32f10x.o(i.SystemCoreClockUpdate) refers to system_gd32f10x.o(.data) for SystemCoreClock
    system_gd32f10x.o(i.SystemInit) refers to system_gd32f10x.o(i.system_clock_config) for system_clock_config
    system_gd32f10x.o(i.SystemInit) refers to gd32f10x_misc.o(i.nvic_vector_table_set) for nvic_vector_table_set
    system_gd32f10x.o(i.system_clock_config) refers to system_gd32f10x.o(i.system_clock_108m_hxtal) for system_clock_108m_hxtal
    startup_gd32f10x_md.o(RESET) refers to startup_gd32f10x_md.o(STACK) for __initial_sp
    startup_gd32f10x_md.o(RESET) refers to startup_gd32f10x_md.o(.text) for Reset_Handler
    startup_gd32f10x_md.o(RESET) refers to gd32f10x_it.o(i.NMI_Handler) for NMI_Handler
    startup_gd32f10x_md.o(RESET) refers to gd32f10x_it.o(i.HardFault_Handler) for HardFault_Handler
    startup_gd32f10x_md.o(RESET) refers to gd32f10x_it.o(i.MemManage_Handler) for MemManage_Handler
    startup_gd32f10x_md.o(RESET) refers to gd32f10x_it.o(i.BusFault_Handler) for BusFault_Handler
    startup_gd32f10x_md.o(RESET) refers to gd32f10x_it.o(i.UsageFault_Handler) for UsageFault_Handler
    startup_gd32f10x_md.o(RESET) refers to gd32f10x_it.o(i.SVC_Handler) for SVC_Handler
    startup_gd32f10x_md.o(RESET) refers to gd32f10x_it.o(i.DebugMon_Handler) for DebugMon_Handler
    startup_gd32f10x_md.o(RESET) refers to gd32f10x_it.o(i.PendSV_Handler) for PendSV_Handler
    startup_gd32f10x_md.o(RESET) refers to gd32f10x_it.o(i.SysTick_Handler) for SysTick_Handler
    startup_gd32f10x_md.o(RESET) refers to driver_encoder.o(i.EXTI0_IRQHandler) for EXTI0_IRQHandler
    startup_gd32f10x_md.o(RESET) refers to driver_encoder.o(i.EXTI1_IRQHandler) for EXTI1_IRQHandler
    startup_gd32f10x_md.o(RESET) refers to driver_timer.o(i.TIMER2_IRQHandler) for TIMER2_IRQHandler
    startup_gd32f10x_md.o(RESET) refers to driver_usart.o(i.USART0_IRQHandler) for USART0_IRQHandler
    startup_gd32f10x_md.o(RESET) refers to driver_bluetooth.o(i.USART1_IRQHandler) for USART1_IRQHandler
    startup_gd32f10x_md.o(.text) refers to system_gd32f10x.o(i.SystemInit) for SystemInit
    startup_gd32f10x_md.o(.text) refers to entry.o(.ARM.Collect$$$$00000000) for __main
    gd32f10x_adc.o(i.adc_deinit) refers to gd32f10x_rcu.o(i.rcu_periph_reset_enable) for rcu_periph_reset_enable
    gd32f10x_adc.o(i.adc_deinit) refers to gd32f10x_rcu.o(i.rcu_periph_reset_disable) for rcu_periph_reset_disable
    gd32f10x_bkp.o(i.bkp_deinit) refers to gd32f10x_rcu.o(i.rcu_bkp_reset_enable) for rcu_bkp_reset_enable
[...]
    ../clib/microlib/printf/printf.c         0x00000000   Number         0  printf1.o ABSOLUTE
    ../clib/microlib/printf/printf.c         0x00000000   Number         0  printf4.o ABSOLUTE
    ../clib/microlib/printf/printf.c         0x00000000   Number         0  printfa.o ABSOLUTE
    ../clib/microlib/printf/printf.c         0x00000000   Number         0  printf8.o ABSOLUTE
    ../clib/microlib/printf/stubs.s          0x00000000   Number         0  stubs.o ABSOLUTE
    ../clib/microlib/stdio/streams.c         0x00000000   Number         0  stdout.o ABSOLUTE
    ../clib/microlib/string/memset.c         0x00000000   Number         0  memseta.o ABSOLUTE
    ../clib/microlib/string/strcmp.c         0x00000000   Number         0  strcmp.o ABSOLUTE
    ../clib/microlib/string/strstr.c         0x00000000   Number         0  strstr.o ABSOLUTE
    ../clib/microlib/stubs.s                 0x00000000   Number         0  iusefp.o ABSOLUTE
    ../fplib/microlib/d2f.c                  0x00000000   Number         0  d2f.o ABSOLUTE
    ../fplib/microlib/fpadd.c                0x00000000   Number         0  dadd.o ABSOLUTE
    ../fplib/microlib/fpadd.c                0x00000000   Number         0  fadd.o ABSOLUTE
    ../fplib/microlib/fpdiv.c                0x00000000   Number         0  fdiv.o ABSOLUTE
    ../fplib/microlib/fpdiv.c                0x00000000   Number         0  ddiv.o ABSOLUTE
    ../fplib/microlib/fpepilogue.c           0x00000000   Number         0  depilogue.o ABSOLUTE
    ../fplib/microlib/fpepilogue.c           0x00000000   Number         0  fepilogue.o ABSOLUTE
    ../fplib/microlib/fpfix.c                0x00000000   Number         0  dfixi.o ABSOLUTE
    ../fplib/microlib/fpfix.c                0x00000000   Number         0  dfixui.o ABSOLUTE
    ../fplib/microlib/fpfix.c                0x00000000   Number         0  dfixul.o ABSOLUTE
    ../fplib/microlib/fpfix.c                0x00000000   Number         0  ffixui.o ABSOLUTE
    ../fplib/microlib/fpflt.c                0x00000000   Number         0  dfltui.o ABSOLUTE
    ../fplib/microlib/fpflt.c                0x00000000   Number         0  fflti.o ABSOLUTE
    ../fplib/microlib/fpflt.c                0x00000000   Number         0  ffltui.o ABSOLUTE
    ../fplib/microlib/fpflt.c                0x00000000   Number         0  dflti.o ABSOLUTE
    ../fplib/microlib/fpmul.c                0x00000000   Number         0  fmul.o ABSOLUTE
    ../fplib/microlib/fpmul.c                0x00000000   Number         0  dmul.o ABSOLUTE
    ../fplib/microlib/fprnd.c                0x00000000   Number         0  drnd.o ABSOLUTE
    ../fplib/microlib/fpscalb.c              0x00000000   Number         0  dscalb.o ABSOLUTE
    ../mathlib/atan.c                        0x00000000   Number         0  atan.o ABSOLUTE
    ../mathlib/atan.c                        0x00000000   Number         0  atan_x.o ABSOLUTE
    ../mathlib/atan2.c                       0x00000000   Number         0  atan2_x.o ABSOLUTE
    ../mathlib/atan2.c                       0x00000000   Number         0  atan2.o ABSOLUTE
    ../mathlib/dunder.c                      0x00000000   Number         0  dunder.o ABSOLUTE
    ../mathlib/fpclassify.c                  0x00000000   Number         0  fpclassify.o ABSOLUTE
    ../mathlib/poly.c                        0x00000000   Number         0  poly.o ABSOLUTE
    ../mathlib/qnan.c                        0x00000000   Number         0  qnan.o ABSOLUTE
    ../mathlib/round.c                       0x00000000   Number         0  round.o ABSOLUTE
    ..\..\GD32F10x_Firmware_Library_V2.2.1\Firmware\CMSIS\GD\GD32F10x\Source\ARM\startup_gd32f10x_md.s 0x00000000   Number         0  startup_gd32f10x_md.o ABSOLUTE
    ..\Driver\driver_adc\driver_adc.c        0x00000000   Number         0  driver_adc.o ABSOLUTE
    ..\Driver\driver_aht20\driver_aht20.c    0x00000000   Number         0  driver_aht20.o ABSOLUTE
    ..\Driver\driver_bluetooth\driver_bluetooth.c 0x00000000   Number         0  driver_bluetooth.o ABSOLUTE
    ..\Driver\driver_bmp280\driver_bmp280.c  0x00000000   Number         0  driver_bmp280.o ABSOLUTE
    ..\Driver\driver_buzzer\driver_buzzer.c  0x00000000   Number         0  driver_buzzer.o ABSOLUTE
    ..\Driver\driver_encoder\driver_encoder.c 0x00000000   Number         0  driver_encoder.o ABSOLUTE
    ..\Driver\driver_i2c\driver_i2c.c        0x00000000   Number         0  driver_i2c.o ABSOLUTE
    ..\Driver\driver_key\driver_key.c        0x00000000   Number         0  driver_key.o ABSOLUTE
    ..\Driver\driver_led\driver_led.c        0x00000000   Number         0  driver_led.o ABSOLUTE
    ..\Driver\driver_light\driver_light.c    0x00000000   Number         0  driver_light.o ABSOLUTE
    ..\Driver\driver_light\iic_light.c       0x00000000   Number         0  iic_light.o ABSOLUTE
    ..\Driver\driver_oled\OLED_Data.c        0x00000000   Number         0  oled_data.o ABSOLUTE
    ..\Driver\driver_oled\driver_oled.c      0x00000000   Number         0  driver_oled.o ABSOLUTE
    ..\Driver\driver_rain\driver_rain.c      0x00000000   Number         0  driver_rain.o ABSOLUTE
    ..\Driver\driver_soil\driver_soil.c      0x00000000   Number         0  driver_soil.o ABSOLUTE
    ..\Driver\driver_timer\driver_timer.c    0x00000000   Number         0  driver_timer.o ABSOLUTE
    ..\Driver\driver_usart\driver_usart.c    0x00000000   Number         0  driver_usart.o ABSOLUTE
    ..\Driver\driver_w25q64\driver_w25q64.c  0x00000000   Number         0  driver_w25q64.o ABSOLUTE
    ..\Libraries\CMSIS\GD\GD32F10x\Source\system_gd32f10x.c 0x00000000   Number         0  system_gd32f10x.o ABSOLUTE
    ..\Libraries\GD32F10x_standard_peripheral\Source\gd32f10x_adc.c 0x00000000   Number         0  gd32f10x_adc.o ABSOLUTE
    ..\Libraries\GD32F10x_standard_peripheral\Source\gd32f10x_bkp.c 0x00000000   Number         0  gd32f10x_bkp.o ABSOLUTE
    ..\Libraries\GD32F10x_standard_peripheral\Source\gd32f10x_can.c 0x00000000   Number         0  gd32f10x_can.o ABSOLUTE
    ..\Libraries\GD32F10x_standard_peripheral\Source\gd32f10x_crc.c 0x00000000   Number         0  gd32f10x_crc.o ABSOLUTE
    ..\Libraries\GD32F10x_standard_peripheral\Source\gd32f10x_dac.c 0x00000000   Number         0  gd32f10x_dac.o ABSOLUTE
    ..\Libraries\GD32F10x_standard_peripheral\Source\gd32f10x_dbg.c 0x00000000   Number         0  gd32f10x_dbg.o ABSOLUTE
    ..\Libraries\GD32F10x_standard_peripheral\Source\gd32f10x_dma.c 0x00000000   Number         0  gd32f10x_dma.o ABSOLUTE
    ..\Libraries\GD32F10x_standard_peripheral\Source\gd32f10x_enet.c 0x00000000   Number         0  gd32f10x_enet.o ABSOLUTE
    ..\Libraries\GD32F10x_standard_peripheral\Source\gd32f10x_exmc.c 0x00000000   Number         0  gd32f10x_exmc.o ABSOLUTE
    ..\Libraries\GD32F10x_standard_peripheral\Source\gd32f10x_exti.c 0x00000000   Number         0  gd32f10x_exti.o ABSOLUTE
    ..\Libraries\GD32F10x_standard_peripheral\Source\gd32f10x_fmc.c 0x00000000   Number         0  gd32f10x_fmc.o ABSOLUTE
    ..\Libraries\GD32F10x_standard_peripheral\Source\gd32f10x_fwdgt.c 0x00000000   Number         0  gd32f10x_fwdgt.o ABSOLUTE
    ..\Libraries\GD32F10x_standard_peripheral\Source\gd32f10x_gpio.c 0x00000000   Number         0  gd32f10x_gpio.o ABSOLUTE
    ..\Libraries\GD32F10x_standard_peripheral\Source\gd32f10x_i2c.c 0x00000000   Number         0  gd32f10x_i2c.o ABSOLUTE
    ..\Libraries\GD32F10x_standard_peripheral\Source\gd32f10x_misc.c 0x00000000   Number         0  gd32f10x_misc.o ABSOLUTE
    ..\Libraries\GD32F10x_standard_peripheral\Source\gd32f10x_pmu.c 0x00000000   Number         0  gd32f10x_pmu.o ABSOLUTE
    ..\Libraries\GD32F10x_standard_peripheral\Source\gd32f10x_rcu.c 0x00000000   Number         0  gd32f10x_rcu.o ABSOLUTE
    ..\Libraries\GD32F10x_standard_peripheral\Source\gd32f10x_rtc.c 0x00000000   Number         0  gd32f10x_rtc.o ABSOLUTE
    ..\Libraries\GD32F10x_standard_peripheral\Source\gd32f10x_sdio.c 0x00000000   Number         0  gd32f10x_sdio.o ABSOLUTE
    ..\Libraries\GD32F10x_standard_peripheral\Source\gd32f10x_spi.c 0x00000000   Number         0  gd32f10x_spi.o ABSOLUTE
    ..\Libraries\GD32F10x_standard_peripheral\Source\gd32f10x_timer.c 0x00000000   Number         0  gd32f10x_timer.o ABSOLUTE
    ..\Libraries\GD32F10x_standard_peripheral\Source\gd32f10x_usart.c 0x00000000   Number         0  gd32f10x_usart.o ABSOLUTE
    ..\Libraries\GD32F10x_standard_peripheral\Source\gd32f10x_wwdgt.c 0x00000000   Number         0  gd32f10x_wwdgt.o ABSOLUTE
    ..\User\delay.c                          0x00000000   Number         0  delay.o ABSOLUTE
    ..\User\gd32f10x_it.c                    0x00000000   Number         0  gd32f10x_it.o ABSOLUTE
    ..\User\main.c                           0x00000000   Number         0  main.o ABSOLUTE
    ..\User\systick.c                        0x00000000   Number         0  systick.o ABSOLUTE
    ..\\Driver\\driver_adc\\driver_adc.c     0x00000000   Number         0  driver_adc.o ABSOLUTE
    ..\\Driver\\driver_aht20\\driver_aht20.c 0x00000000   Number         0  driver_aht20.o ABSOLUTE
    ..\\Driver\\driver_bluetooth\\driver_bluetooth.c 0x00000000   Number         0  driver_bluetooth.o ABSOLUTE
    ..\\Driver\\driver_bmp280\\driver_bmp280.c 0x00000000   Number         0  driver_bmp280.o ABSOLUTE
    ..\\Driver\\driver_buzzer\\driver_buzzer.c 0x00000000   Number         0  driver_buzzer.o ABSOLUTE
    ..\\Driver\\driver_encoder\\driver_encoder.c 0x00000000   Number         0  driver_encoder.o ABSOLUTE
    ..\\Driver\\driver_i2c\\driver_i2c.c     0x00000000   Number         0  driver_i2c.o ABSOLUTE
    ..\\Driver\\driver_key\\driver_key.c     0x00000000   Number         0  driver_key.o ABSOLUTE
    ..\\Driver\\driver_led\\driver_led.c     0x00000000   Number         0  driver_led.o ABSOLUTE
    ..\\Driver\\driver_light\\driver_light.c 0x00000000   Number         0  driver_light.o ABSOLUTE
    ..\\Driver\\driver_light\\iic_light.c    0x00000000   Number         0  iic_light.o ABSOLUTE
    ..\\Driver\\driver_oled\\driver_oled.c   0x00000000   Number         0  driver_oled.o ABSOLUTE
    ..\\Driver\\driver_rain\\driver_rain.c   0x00000000   Number         0  driver_rain.o ABSOLUTE
    ..\\Driver\\driver_soil\\driver_soil.c   0x00000000   Number         0  driver_soil.o ABSOLUTE
    ..\\Driver\\driver_timer\\driver_timer.c 0x00000000   Number         0  driver_timer.o ABSOLUTE
    ..\\Driver\\driver_usart\\driver_usart.c 0x00000000   Number         0  driver_usart.o ABSOLUTE
    ..\\Driver\\driver_w25q64\\driver_w25q64.c 0x00000000   Number         0  driver_w25q64.o ABSOLUTE
    ..\\Libraries\\CMSIS\\GD\\GD32F10x\\Source\\system_gd32f10x.c 0x00000000   Number         0  system_gd32f10x.o ABSOLUTE
    ..\\Libraries\\GD32F10x_standard_peripheral\\Source\\gd32f10x_adc.c 0x00000000   Number         0  gd32f10x_adc.o ABSOLUTE
    ..\\Libraries\\GD32F10x_standard_peripheral\\Source\\gd32f10x_bkp.c 0x00000000   Number         0  gd32f10x_bkp.o ABSOLUTE
    ..\\Libraries\\GD32F10x_standard_peripheral\\Source\\gd32f10x_can.c 0x00000000   Number         0  gd32f10x_can.o ABSOLUTE
    ..\\Libraries\\GD32F10x_standard_peripheral\\Source\\gd32f10x_crc.c 0x00000000   Number         0  gd32f10x_crc.o ABSOLUTE
    ..\\Libraries\\GD32F10x_standard_peripheral\\Source\\gd32f10x_dac.c 0x00000000   Number         0  gd32f10x_dac.o ABSOLUTE
    ..\\Libraries\\GD32F10x_standard_peripheral\\Source\\gd32f10x_dbg.c 0x00000000   Number         0  gd32f10x_dbg.o ABSOLUTE
    ..\\Libraries\\GD32F10x_standard_peripheral\\Source\\gd32f10x_dma.c 0x00000000   Number         0  gd32f10x_dma.o ABSOLUTE
    ..\\Libraries\\GD32F10x_standard_peripheral\\Source\\gd32f10x_enet.c 0x00000000   Number         0  gd32f10x_enet.o ABSOLUTE
    ..\\Libraries\\GD32F10x_standard_peripheral\\Source\\gd32f10x_exmc.c 0x00000000   Number         0  gd32f10x_exmc.o ABSOLUTE
    ..\\Libraries\\GD32F10x_standard_peripheral\\Source\\gd32f10x_exti.c 0x00000000   Number         0  gd32f10x_exti.o ABSOLUTE
    ..\\Libraries\\GD32F10x_standard_peripheral\\Source\\gd32f10x_fmc.c 0x00000000   Number         0  gd32f10x_fmc.o ABSOLUTE
    ..\\Libraries\\GD32F10x_standard_peripheral\\Source\\gd32f10x_fwdgt.c 0x00000000   Number         0  gd32f10x_fwdgt.o ABSOLUTE
    ..\\Libraries\\GD32F10x_standard_peripheral\\Source\\gd32f10x_gpio.c 0x00000000   Number         0  gd32f10x_gpio.o ABSOLUTE
    ..\\Libraries\\GD32F10x_standard_peripheral\\Source\\gd32f10x_i2c.c 0x00000000   Number         0  gd32f10x_i2c.o ABSOLUTE
    ..\\Libraries\\GD32F10x_standard_peripheral\\Source\\gd32f10x_misc.c 0x00000000   Number         0  gd32f10x_misc.o ABSOLUTE
    ..\\Libraries\\GD32F10x_standard_peripheral\\Source\\gd32f10x_pmu.c 0x00000000   Number         0  gd32f10x_pmu.o ABSOLUTE
    ..\\Libraries\\GD32F10x_standard_peripheral\\Source\\gd32f10x_rcu.c 0x00000000   Number         0  gd32f10x_rcu.o ABSOLUTE
    ..\\Libraries\\GD32F10x_standard_peripheral\\Source\\gd32f10x_rtc.c 0x00000000   Number         0  gd32f10x_rtc.o ABSOLUTE
    ..\\Libraries\\GD32F10x_standard_peripheral\\Source\\gd32f10x_sdio.c 0x00000000   Number         0  gd32f10x_sdio.o ABSOLUTE
    ..\\Libraries\\GD32F10x_standard_peripheral\\Source\\gd32f10x_spi.c 0x00000000   Number         0  gd32f10x_spi.o ABSOLUTE
    ..\\Libraries\\GD32F10x_standard_peripheral\\Source\\gd32f10x_timer.c 0x00000000   Number         0  gd32f10x_timer.o ABSOLUTE
    ..\\Libraries\\GD32F10x_standard_peripheral\\Source\\gd32f10x_usart.c 0x00000000   Number         0  gd32f10x_usart.o ABSOLUTE
    ..\\Libraries\\GD32F10x_standard_peripheral\\Source\\gd32f10x_wwdgt.c 0x00000000   Number         0  gd32f10x_wwdgt.o ABSOLUTE
    ..\\User\\delay.c                        0x00000000   Number         0  delay.o ABSOLUTE
    ..\\User\\gd32f10x_it.c                  0x00000000   Number         0  gd32f10x_it.o ABSOLUTE
    ..\\User\\main.c                         0x00000000   Number         0  main.o ABSOLUTE
    ..\\User\\systick.c                      0x00000000   Number         0  systick.o ABSOLUTE
    cdcmple.s                                0x00000000   Number         0  cdcmple.o ABSOLUTE
    cdrcmple.s                               0x00000000   Number         0  cdrcmple.o ABSOLUTE
    cfcmple.s                                0x00000000   Number         0  cfcmple.o ABSOLUTE
    dc.s                                     0x00000000   Number         0  dc.o ABSOLUTE
    handlers.s                               0x00000000   Number         0  handlers.o ABSOLUTE
    init.s                                   0x00000000   Number         0  init.o ABSOLUTE
    RESET                                    0x08000000   Section      260  startup_gd32f10x_md.o(RESET)
    .ARM.Collect$$$$00000000                 0x08000104   Section        0  entry.o(.ARM.Collect$$$$00000000)
    .ARM.Collect$$$$00000001                 0x08000104   Section        4  entry2.o(.ARM.Collect$$$$00000001)
    .ARM.Collect$$$$00000004                 0x08000108   Section        4  entry5.o(.ARM.Collect$$$$00000004)
    .ARM.Collect$$$$00000008                 0x0800010c   Section        0  entry7b.o(.ARM.Collect$$$$00000008)
    .ARM.Collect$$$$0000000A                 0x0800010c   Section        0  entry8b.o(.ARM.Collect$$$$0000000A)
    .ARM.Collect$$$$0000000B                 0x0800010c   Section        8  entry9a.o(.ARM.Collect$$$$0000000B)
    .ARM.Collect$$$$0000000D                 0x08000114   Section        0  entry10a.o(.ARM.Collect$$$$0000000D)
    .ARM.Collect$$$$0000000F                 0x08000114   Section        0  entry11a.o(.ARM.Collect$$$$0000000F)
    .ARM.Collect$$$$00002712                 0x08000114   Section        4  entry2.o(.ARM.Collect$$$$00002712)
    __lit__00000000                          0x08000114   Data           4  entry2.o(.ARM.Collect$$$$00002712)
    .text                                    0x08000118   Section       36  startup_gd32f10x_md.o(.text)
    .text                                    0x0800013c   Section        0  strcmp.o(.text)
    .text                                    0x08000158   Section        0  dadd.o(.text)
    .text                                    0x080002a6   Section        0  dmul.o(.text)
    .text                                    0x0800038a   Section        0  ddiv.o(.text)
    .text                                    0x08000468   Section       48  cdrcmple.o(.text)
    .text                                    0x08000498   Section        0  uidiv.o(.text)
    .text                                    0x080004c4   Section        0  uldiv.o(.text)
    .text                                    0x08000526   Section        0  llshl.o(.text)
    .text                                    0x08000544   Section        0  llushr.o(.text)
    .text                                    0x08000564   Section        0  llsshr.o(.text)
    .text                                    0x08000588   Section        0  iusefp.o(.text)
    .text                                    0x08000588   Section        0  depilogue.o(.text)
    .text                                    0x08000642   Section        0  dfixul.o(.text)
    .text                                    0x08000674   Section       36  init.o(.text)
    i.ADC_DMA_MultiChannel_Init              0x08000698   Section        0  driver_adc.o(i.ADC_DMA_MultiChannel_Init)
    i.AHT20_IIC_Init                         0x080007c0   Section        0  driver_aht20.o(i.AHT20_IIC_Init)
    i.AHT20_IIC_ReadByte                     0x080007c8   Section        0  driver_aht20.o(i.AHT20_IIC_ReadByte)
    i.AHT20_IIC_SendByte                     0x08000830   Section        0  driver_aht20.o(i.AHT20_IIC_SendByte)
    i.AHT20_IIC_SendNack                     0x08000898   Section        0  driver_aht20.o(i.AHT20_IIC_SendNack)
    i.AHT20_IIC_Start                        0x080008dc   Section        0  driver_aht20.o(i.AHT20_IIC_Start)
    i.AHT20_IIC_Stop                         0x0800092c   Section        0  driver_aht20.o(i.AHT20_IIC_Stop)
    i.AHT20_IIC_WaitAck                      0x08000970   Section        0  driver_aht20.o(i.AHT20_IIC_WaitAck)
    i.AHT20_Init                             0x080009d8   Section        0  driver_aht20.o(i.AHT20_Init)
    i.BMP280_IIC_Init                        0x08000a56   Section        0  driver_bmp280.o(i.BMP280_IIC_Init)
    i.BMP280_IIC_ReadByte                    0x08000a60   Section        0  driver_bmp280.o(i.BMP280_IIC_ReadByte)
    i.BMP280_IIC_SendAck                     0x08000abc   Section        0  driver_bmp280.o(i.BMP280_IIC_SendAck)
    i.BMP280_IIC_SendByte                    0x08000b00   Section        0  driver_bmp280.o(i.BMP280_IIC_SendByte)
    i.BMP280_IIC_SendNack                    0x08000b5c   Section        0  driver_bmp280.o(i.BMP280_IIC_SendNack)
    i.BMP280_IIC_Start                       0x08000b94   Section        0  driver_bmp280.o(i.BMP280_IIC_Start)
    i.BMP280_IIC_Stop                        0x08000bd8   Section        0  driver_bmp280.o(i.BMP280_IIC_Stop)
    i.BMP280_IIC_WaitAck                     0x08000c10   Section        0  driver_bmp280.o(i.BMP280_IIC_WaitAck)
    i.BMP280_Init                            0x08000c6c   Section        0  driver_bmp280.o(i.BMP280_Init)
    i.BMP280_ReadRegs                        0x08000d84   Section        0  driver_bmp280.o(i.BMP280_ReadRegs)
    BMP280_ReadRegs                          0x08000d85   Thumb Code    90  driver_bmp280.o(i.BMP280_ReadRegs)
    i.BMP280_WriteReg                        0x08000dde   Section        0  driver_bmp280.o(i.BMP280_WriteReg)
    BMP280_WriteReg                          0x08000ddf   Thumb Code    46  driver_bmp280.o(i.BMP280_WriteReg)
    i.BusFault_Handler                       0x08000e0c   Section        0  gd32f10x_it.o(i.BusFault_Handler)
    i.Buzzer_PWM_Init                        0x08000e10   Section        0  driver_buzzer.o(i.Buzzer_PWM_Init)
    i.DebugMon_Handler                       0x08000eb0   Section        0  gd32f10x_it.o(i.DebugMon_Handler)
    i.DelayInit                              0x08000eb4   Section        0  delay.o(i.DelayInit)
    i.DelayNms                               0x08000ef0   Section        0  delay.o(i.DelayNms)
    i.DelayNus                               0x08000f08   Section        0  delay.o(i.DelayNus)
    i.EXTI0_IRQHandler                       0x08000f64   Section        0  driver_encoder.o(i.EXTI0_IRQHandler)
    i.EXTI1_IRQHandler                       0x08000fa0   Section        0  driver_encoder.o(i.EXTI1_IRQHandler)
    i.Encoder_Init                           0x08000fdc   Section        0  driver_encoder.o(i.Encoder_Init)
    i.HardFault_Handler                      0x08001044   Section        0  gd32f10x_it.o(i.HardFault_Handler)
    i.IIC_GpioInit                           0x08001048   Section        0  driver_i2c.o(i.IIC_GpioInit)
    IIC_GpioInit                             0x08001049   Thumb Code    40  driver_i2c.o(i.IIC_GpioInit)
    i.IIC_GpioInit                           0x08001074   Section        0  driver_aht20.o(i.IIC_GpioInit)
    IIC_GpioInit                             0x08001075   Thumb Code    46  driver_aht20.o(i.IIC_GpioInit)
    i.IIC_GpioInit                           0x080010a8   Section        0  driver_bmp280.o(i.IIC_GpioInit)
    IIC_GpioInit                             0x080010a9   Thumb Code    46  driver_bmp280.o(i.IIC_GpioInit)
    i.IIC_Init                               0x080010dc   Section        0  driver_i2c.o(i.IIC_Init)
    i.IIC_Light_GpioInit                     0x080010e4   Section        0  iic_light.o(i.IIC_Light_GpioInit)
    IIC_Light_GpioInit                       0x080010e5   Thumb Code    40  iic_light.o(i.IIC_Light_GpioInit)
    i.IIC_Light_Init                         0x08001110   Section        0  iic_light.o(i.IIC_Light_Init)
    i.IIC_Start                              0x08001118   Section        0  driver_i2c.o(i.IIC_Start)
    i.IIC_Stop                               0x08001160   Section        0  driver_i2c.o(i.IIC_Stop)
    i.Key_Init                               0x080011a0   Section        0  driver_key.o(i.Key_Init)
    i.Key_Scan                               0x0800120c   Section        0  driver_key.o(i.Key_Scan)
    i.MemManage_Handler                      0x0800128c   Section        0  gd32f10x_it.o(i.MemManage_Handler)
    i.NMI_Handler                            0x08001290   Section        0  gd32f10x_it.o(i.NMI_Handler)
    i.OLED_Clear                             0x08001294   Section        0  driver_oled.o(i.OLED_Clear)
    i.OLED_ClearArea                         0x080012bc   Section        0  driver_oled.o(i.OLED_ClearArea)
    i.OLED_I2C_SendByte                      0x0800134c   Section        0  driver_oled.o(i.OLED_I2C_SendByte)
    i.OLED_Init                              0x080013e0   Section        0  driver_oled.o(i.OLED_Init)
    i.OLED_SetCursor                         0x0800147a   Section        0  driver_oled.o(i.OLED_SetCursor)
    i.OLED_ShowChar                          0x0800149c   Section        0  driver_oled.o(i.OLED_ShowChar)
    i.OLED_ShowImage                         0x080014f0   Section        0  driver_oled.o(i.OLED_ShowImage)
    i.OLED_ShowString                        0x080015ec   Section        0  driver_oled.o(i.OLED_ShowString)
    i.OLED_Update                            0x080016fc   Section        0  driver_oled.o(i.OLED_Update)
    i.OLED_WriteCommand                      0x08001724   Section        0  driver_oled.o(i.OLED_WriteCommand)
    i.OLED_WriteData                         0x08001744   Section        0  driver_oled.o(i.OLED_WriteData)
    i.PendSV_Handler                         0x08001772   Section        0  gd32f10x_it.o(i.PendSV_Handler)
    i.SPI_SwapByte                           0x08001774   Section        0  driver_w25q64.o(i.SPI_SwapByte)
    SPI_SwapByte                             0x08001775   Thumb Code    94  driver_w25q64.o(i.SPI_SwapByte)
    i.SVC_Handler                            0x080017d8   Section        0  gd32f10x_it.o(i.SVC_Handler)
    i.SysTick_Handler                        0x080017da   Section        0  gd32f10x_it.o(i.SysTick_Handler)
    i.SystemInit                             0x080017e4   Section        0  system_gd32f10x.o(i.SystemInit)
    i.TIMER2_IRQHandler                      0x08001868   Section        0  driver_timer.o(i.TIMER2_IRQHandler)
    i.USART0_IRQHandler                      0x08001898   Section        0  driver_usart.o(i.USART0_IRQHandler)
    i.USART1_IRQHandler                      0x08001904   Section        0  driver_bluetooth.o(i.USART1_IRQHandler)
    i.UsageFault_Handler                     0x08001984   Section        0  gd32f10x_it.o(i.UsageFault_Handler)
    i.W25Q64_EraseSector                     0x08001988   Section        0  driver_w25q64.o(i.W25Q64_EraseSector)
    i.W25Q64_Init                            0x080019d0   Section        0  driver_w25q64.o(i.W25Q64_Init)
    i.W25Q64_PageProgram                     0x08001a10   Section        0  driver_w25q64.o(i.W25Q64_PageProgram)
    i.W25Q64_ReadData                        0x08001a70   Section        0  driver_w25q64.o(i.W25Q64_ReadData)
    i.W25Q64_ReadID                          0x08001acc   Section        0  driver_w25q64.o(i.W25Q64_ReadID)
    i.W25Q64_Test                            0x08001b08   Section        0  driver_w25q64.o(i.W25Q64_Test)
    i.W25Q64_WaitBusy                        0x08001d3c   Section        0  driver_w25q64.o(i.W25Q64_WaitBusy)
    W25Q64_WaitBusy                          0x08001d3d   Thumb Code    50  driver_w25q64.o(i.W25Q64_WaitBusy)
    i.W25Q64_WriteEnable                     0x08001d74   Section        0  driver_w25q64.o(i.W25Q64_WriteEnable)
    W25Q64_WriteEnable                       0x08001d75   Thumb Code    30  driver_w25q64.o(i.W25Q64_WriteEnable)
    i.__0printf                              0x08001d98   Section        0  printfa.o(i.__0printf)
    i.__scatterload_copy                     0x08001db8   Section       14  handlers.o(i.__scatterload_copy)
    i.__scatterload_null                     0x08001dc6   Section        2  handlers.o(i.__scatterload_null)
    i.__scatterload_zeroinit                 0x08001dc8   Section       14  handlers.o(i.__scatterload_zeroinit)
    i._fp_digits                             0x08001dd8   Section        0  printfa.o(i._fp_digits)
    _fp_digits                               0x08001dd9   Thumb Code   366  printfa.o(i._fp_digits)
    i._printf_core                           0x08001f5c   Section        0  printfa.o(i._printf_core)
    _printf_core                             0x08001f5d   Thumb Code  1744  printfa.o(i._printf_core)
    i._printf_post_padding                   0x08002638   Section        0  printfa.o(i._printf_post_padding)
    _printf_post_padding                     0x08002639   Thumb Code    36  printfa.o(i._printf_post_padding)
    i._printf_pre_padding                    0x0800265c   Section        0  printfa.o(i._printf_pre_padding)
    _printf_pre_padding                      0x0800265d   Thumb Code    46  printfa.o(i._printf_pre_padding)
    i.adc_calibration_enable                 0x0800268a   Section        0  gd32f10x_adc.o(i.adc_calibration_enable)
    i.adc_channel_length_config              0x080026b4   Section        0  gd32f10x_adc.o(i.adc_channel_length_config)
    i.adc_data_alignment_config              0x080026fa   Section        0  gd32f10x_adc.o(i.adc_data_alignment_config)
    i.adc_deinit                             0x08002710   Section        0  gd32f10x_adc.o(i.adc_deinit)
    i.adc_dma_mode_enable                    0x08002768   Section        0  gd32f10x_adc.o(i.adc_dma_mode_enable)
    i.adc_enable                             0x08002772   Section        0  gd32f10x_adc.o(i.adc_enable)
    i.adc_external_trigger_config            0x08002784   Section        0  gd32f10x_adc.o(i.adc_external_trigger_config)
    i.adc_external_trigger_source_config     0x080027c2   Section        0  gd32f10x_adc.o(i.adc_external_trigger_source_config)
    i.adc_mode_config                        0x080027f4   Section        0  gd32f10x_adc.o(i.adc_mode_config)
    i.adc_regular_channel_config             0x08002810   Section        0  gd32f10x_adc.o(i.adc_regular_channel_config)
    i.adc_software_trigger_enable            0x080028bc   Section        0  gd32f10x_adc.o(i.adc_software_trigger_enable)
    i.adc_special_function_config            0x080028da   Section        0  gd32f10x_adc.o(i.adc_special_function_config)
    i.blt_config                             0x08002934   Section        0  driver_bluetooth.o(i.blt_config)
    i.delay_decrement                        0x080029cc   Section        0  systick.o(i.delay_decrement)
    i.dma_channel_enable                     0x080029e4   Section        0  gd32f10x_dma.o(i.dma_channel_enable)
    i.dma_circulation_enable                 0x08002a16   Section        0  gd32f10x_dma.o(i.dma_circulation_enable)
    i.dma_deinit                             0x08002a48   Section        0  gd32f10x_dma.o(i.dma_deinit)
    i.dma_init                               0x08002ab8   Section        0  gd32f10x_dma.o(i.dma_init)
    i.dma_periph_and_channel_check           0x08002be8   Section        0  gd32f10x_dma.o(i.dma_periph_and_channel_check)
    dma_periph_and_channel_check             0x08002be9   Thumb Code    18  gd32f10x_dma.o(i.dma_periph_and_channel_check)
    i.exti_init                              0x08002c00   Section        0  gd32f10x_exti.o(i.exti_init)
    i.exti_interrupt_flag_clear              0x08002cbc   Section        0  gd32f10x_exti.o(i.exti_interrupt_flag_clear)
    i.exti_interrupt_flag_get                0x08002cc8   Section        0  gd32f10x_exti.o(i.exti_interrupt_flag_get)
    i.fputc                                  0x08002ce0   Section        0  driver_usart.o(i.fputc)
    i.gpio_bit_reset                         0x08002d04   Section        0  gd32f10x_gpio.o(i.gpio_bit_reset)
    i.gpio_bit_set                           0x08002d08   Section        0  gd32f10x_gpio.o(i.gpio_bit_set)
    i.gpio_bit_write                         0x08002d0c   Section        0  gd32f10x_gpio.o(i.gpio_bit_write)
    i.gpio_exti_source_select                0x08002d18   Section        0  gd32f10x_gpio.o(i.gpio_exti_source_select)
    i.gpio_init                              0x08002db0   Section        0  gd32f10x_gpio.o(i.gpio_init)
    i.gpio_input_bit_get                     0x08002e5c   Section        0  gd32f10x_gpio.o(i.gpio_input_bit_get)
    i.led_init                               0x08002e6c   Section        0  driver_led.o(i.led_init)
    i.led_toggle                             0x08002ed8   Section        0  driver_led.o(i.led_toggle)
    i.main                                   0x08002f50   Section        0  main.o(i.main)
    i.nvic_irq_enable                        0x08003020   Section        0  gd32f10x_misc.o(i.nvic_irq_enable)
    i.nvic_priority_group_set                0x080030cc   Section        0  gd32f10x_misc.o(i.nvic_priority_group_set)
    i.nvic_vector_table_set                  0x080030e0   Section        0  gd32f10x_misc.o(i.nvic_vector_table_set)
    i.rcu_adc_clock_config                   0x080030f4   Section        0  gd32f10x_rcu.o(i.rcu_adc_clock_config)
    i.rcu_clock_freq_get                     0x0800313c   Section        0  gd32f10x_rcu.o(i.rcu_clock_freq_get)
    i.rcu_periph_clock_enable                0x08003260   Section        0  gd32f10x_rcu.o(i.rcu_periph_clock_enable)
    i.rcu_periph_reset_disable               0x08003280   Section        0  gd32f10x_rcu.o(i.rcu_periph_reset_disable)
    i.rcu_periph_reset_enable                0x080032a0   Section        0  gd32f10x_rcu.o(i.rcu_periph_reset_enable)
    i.system_clock_108m_hxtal                0x080032c0   Section        0  system_gd32f10x.o(i.system_clock_108m_hxtal)
    system_clock_108m_hxtal                  0x080032c1   Thumb Code   182  system_gd32f10x.o(i.system_clock_108m_hxtal)
    i.system_clock_config                    0x08003384   Section        0  system_gd32f10x.o(i.system_clock_config)
    system_clock_config                      0x08003385   Thumb Code     8  system_gd32f10x.o(i.system_clock_config)
    i.timer2_config                          0x0800338c   Section        0  driver_timer.o(i.timer2_config)
    i.timer_channel_output_config            0x080033e0   Section        0  gd32f10x_timer.o(i.timer_channel_output_config)
    i.timer_channel_output_mode_config       0x080035cc   Section        0  gd32f10x_timer.o(i.timer_channel_output_mode_config)
    i.timer_channel_output_pulse_value_config 0x08003626   Section        0  gd32f10x_timer.o(i.timer_channel_output_pulse_value_config)
    i.timer_channel_output_shadow_config     0x0800364c   Section        0  gd32f10x_timer.o(i.timer_channel_output_shadow_config)
    i.timer_channel_output_struct_para_init  0x080036a6   Section        0  gd32f10x_timer.o(i.timer_channel_output_struct_para_init)
    i.timer_deinit                           0x080036b8   Section        0  gd32f10x_timer.o(i.timer_deinit)
    i.timer_enable                           0x08003794   Section        0  gd32f10x_timer.o(i.timer_enable)
    i.timer_init                             0x080037a0   Section        0  gd32f10x_timer.o(i.timer_init)
    i.timer_interrupt_enable                 0x08003880   Section        0  gd32f10x_timer.o(i.timer_interrupt_enable)
    i.timer_interrupt_flag_clear             0x08003888   Section        0  gd32f10x_timer.o(i.timer_interrupt_flag_clear)
    i.timer_interrupt_flag_get               0x0800388e   Section        0  gd32f10x_timer.o(i.timer_interrupt_flag_get)
    i.usart_baudrate_set                     0x080038a8   Section        0  gd32f10x_usart.o(i.usart_baudrate_set)
    i.usart_config                           0x08003938   Section        0  driver_usart.o(i.usart_config)
    i.usart_data_receive                     0x080039d4   Section        0  gd32f10x_usart.o(i.usart_data_receive)
    i.usart_data_transmit                    0x080039de   Section        0  gd32f10x_usart.o(i.usart_data_transmit)
    i.usart_deinit                           0x080039e8   Section        0  gd32f10x_usart.o(i.usart_deinit)
    i.usart_enable                           0x08003a78   Section        0  gd32f10x_usart.o(i.usart_enable)
    i.usart_flag_get                         0x08003a82   Section        0  gd32f10x_usart.o(i.usart_flag_get)
    i.usart_hardware_flow_cts_config         0x08003aa0   Section        0  gd32f10x_usart.o(i.usart_hardware_flow_cts_config)
    i.usart_hardware_flow_rts_config         0x08003ab0   Section        0  gd32f10x_usart.o(i.usart_hardware_flow_rts_config)
    i.usart_interrupt_enable                 0x08003ac0   Section        0  gd32f10x_usart.o(i.usart_interrupt_enable)
    i.usart_interrupt_flag_get               0x08003ada   Section        0  gd32f10x_usart.o(i.usart_interrupt_flag_get)
    i.usart_parity_config                    0x08003b12   Section        0  gd32f10x_usart.o(i.usart_parity_config)
    i.usart_receive_config                   0x08003b22   Section        0  gd32f10x_usart.o(i.usart_receive_config)
    i.usart_stop_bit_set                     0x08003b32   Section        0  gd32f10x_usart.o(i.usart_stop_bit_set)
    i.usart_transmit_config                  0x08003b42   Section        0  gd32f10x_usart.o(i.usart_transmit_config)
    i.usart_word_length_set                  0x08003b52   Section        0  gd32f10x_usart.o(i.usart_word_length_set)
    .constdata                               0x08003b62   Section     2367  oled_data.o(.constdata)
    .data                                    0x20000000   Section        4  systick.o(.data)
    delay                                    0x20000000   Data           4  systick.o(.data)
    .data                                    0x20000004   Section        3  driver_usart.o(.data)
    .data                                    0x20000008   Section        2  driver_encoder.o(.data)
    .data                                    0x2000000a   Section        3  driver_bluetooth.o(.data)
    .data                                    0x2000000d   Section        1  driver_led.o(.data)
    .data                                    0x2000000e   Section        4  driver_adc.o(.data)
    .data                                    0x20000012   Section        1  driver_key.o(.data)
    key_up                                   0x20000012   Data           1  driver_key.o(.data)
    .data                                    0x20000013   Section       53  driver_w25q64.o(.data)
    .data                                    0x20000048   Section        4  stdout.o(.data)
    .bss                                     0x2000004c   Section      128  driver_usart.o(.bss)
    .bss                                     0x200000cc   Section     1024  driver_oled.o(.bss)
    .bss                                     0x200004cc   Section      128  driver_bluetooth.o(.bss)
    .bss                                     0x2000054c   Section       24  driver_bmp280.o(.bss)
    bmp280_cal                               0x2000054c   Data          24  driver_bmp280.o(.bss)
    .bss                                     0x20000564   Section      100  driver_w25q64.o(.bss)
    STACK                                    0x200005c8   Section     8192  startup_gd32f10x_md.o(STACK)

    Global Symbols

    Symbol Name                              Value     Ov Type        Size  Object(Section)

    BuildAttributes$$THM_ISAv4$P$D$K$B$S$PE$A:L22UL41UL21$X:L11$S22US41US21$IEEE1$IW$USESV6$~STKCKD$USESV7$~SHL$OTIME$ROPI$IEEEX$EBA8$MICROLIB$REQ8$PRES8$EABIv2 0x00000000   Number         0  anon$$obj.o ABSOLUTE
    __ARM_use_no_argv                        0x00000000   Number         0  main.o ABSOLUTE
    _printf_a                                0x00000000   Number         0  stubs.o ABSOLUTE
    _printf_c                                0x00000000   Number         0  stubs.o ABSOLUTE
    _printf_charcount                        0x00000000   Number         0  stubs.o ABSOLUTE
    _printf_d                                0x00000000   Number         0  stubs.o ABSOLUTE
    _printf_e                                0x00000000   Number         0  stubs.o ABSOLUTE
    _printf_f                                0x00000000   Number         0  stubs.o ABSOLUTE
    _printf_flags                            0x00000000   Number         0  stubs.o ABSOLUTE
    _printf_fp_dec                           0x00000000   Number         0  stubs.o ABSOLUTE
    _printf_fp_hex                           0x00000000   Number         0  stubs.o ABSOLUTE
    _printf_g                                0x00000000   Number         0  stubs.o ABSOLUTE
    _printf_i                                0x00000000   Number         0  stubs.o ABSOLUTE
    _printf_int_dec                          0x00000000   Number         0  stubs.o ABSOLUTE
    _printf_l                                0x00000000   Number         0  stubs.o ABSOLUTE
    _printf_lc                               0x00000000   Number         0  stubs.o ABSOLUTE
    _printf_ll                               0x00000000   Number         0  stubs.o ABSOLUTE
    _printf_lld                              0x00000000   Number         0  stubs.o ABSOLUTE
    _printf_lli                              0x00000000   Number         0  stubs.o ABSOLUTE
    _printf_llo                              0x00000000   Number         0  stubs.o ABSOLUTE
    _printf_llu                              0x00000000   Number         0  stubs.o ABSOLUTE
    _printf_llx                              0x00000000   Number         0  stubs.o ABSOLUTE
    _printf_longlong_dec                     0x00000000   Number         0  stubs.o ABSOLUTE
    _printf_longlong_hex                     0x00000000   Number         0  stubs.o ABSOLUTE
    _printf_longlong_oct                     0x00000000   Number         0  stubs.o ABSOLUTE
    _printf_ls                               0x00000000   Number         0  stubs.o ABSOLUTE
    _printf_mbtowc                           0x00000000   Number         0  stubs.o ABSOLUTE
    _printf_n                                0x00000000   Number         0  stubs.o ABSOLUTE
    _printf_o                                0x00000000   Number         0  stubs.o ABSOLUTE
    _printf_p                                0x00000000   Number         0  stubs.o ABSOLUTE
    _printf_percent                          0x00000000   Number         0  stubs.o ABSOLUTE
    _printf_pre_padding                      0x00000000   Number         0  stubs.o ABSOLUTE
    _printf_return_value                     0x00000000   Number         0  stubs.o ABSOLUTE
    _printf_s                                0x00000000   Number         0  stubs.o ABSOLUTE
    _printf_sizespec                         0x00000000   Number         0  stubs.o ABSOLUTE
    _printf_str                              0x00000000   Number         0  stubs.o ABSOLUTE
    _printf_truncate_signed                  0x00000000   Number         0  stubs.o ABSOLUTE
    _printf_truncate_unsigned                0x00000000   Number         0  stubs.o ABSOLUTE
    _printf_u                                0x00000000   Number         0  stubs.o ABSOLUTE
    _printf_wc                               0x00000000   Number         0  stubs.o ABSOLUTE
    _printf_wctomb                           0x00000000   Number         0  stubs.o ABSOLUTE
    _printf_widthprec                        0x00000000   Number         0  stubs.o ABSOLUTE
    _printf_x                                0x00000000   Number         0  stubs.o ABSOLUTE
    __cpp_initialize__aeabi_                  - Undefined Weak Reference
    __cxa_finalize                            - Undefined Weak Reference
    __decompress                              - Undefined Weak Reference
    _clock_init                               - Undefined Weak Reference
    _microlib_exit                            - Undefined Weak Reference
    __Vectors_Size                           0x00000104   Number         0  startup_gd32f10x_md.o ABSOLUTE
    __Vectors                                0x08000000   Data           4  startup_gd32f10x_md.o(RESET)
    __Vectors_End                            0x08000104   Data           0  startup_gd32f10x_md.o(RESET)
    __main                                   0x08000105   Thumb Code     0  entry.o(.ARM.Collect$$$$00000000)
    _main_stk                                0x08000105   Thumb Code     0  entry2.o(.ARM.Collect$$$$00000001)
    _main_scatterload                        0x08000109   Thumb Code     0  entry5.o(.ARM.Collect$$$$00000004)
    __main_after_scatterload                 0x0800010d   Thumb Code     0  entry5.o(.ARM.Collect$$$$00000004)
    _main_clock                              0x0800010d   Thumb Code     0  entry7b.o(.ARM.Collect$$$$00000008)
    _main_cpp_init                           0x0800010d   Thumb Code     0  entry8b.o(.ARM.Collect$$$$0000000A)
    _main_init                               0x0800010d   Thumb Code     0  entry9a.o(.ARM.Collect$$$$0000000B)
    __rt_final_cpp                           0x08000115   Thumb Code     0  entry10a.o(.ARM.Collect$$$$0000000D)
    __rt_final_exit                          0x08000115   Thumb Code     0  entry11a.o(.ARM.Collect$$$$0000000F)
    Reset_Handler                            0x08000119   Thumb Code     8  startup_gd32f10x_md.o(.text)
    ADC0_1_IRQHandler                        0x08000133   Thumb Code     0  startup_gd32f10x_md.o(.text)
    CAN0_EWMC_IRQHandler                     0x08000133   Thumb Code     0  startup_gd32f10x_md.o(.text)
    CAN0_RX1_IRQHandler                      0x08000133   Thumb Code     0  startup_gd32f10x_md.o(.text)
    DMA0_Channel0_IRQHandler                 0x08000133   Thumb Code     0  startup_gd32f10x_md.o(.text)
    DMA0_Channel1_IRQHandler                 0x08000133   Thumb Code     0  startup_gd32f10x_md.o(.text)
    DMA0_Channel2_IRQHandler                 0x08000133   Thumb Code     0  startup_gd32f10x_md.o(.text)
    DMA0_Channel3_IRQHandler                 0x08000133   Thumb Code     0  startup_gd32f10x_md.o(.text)
    DMA0_Channel4_IRQHandler                 0x08000133   Thumb Code     0  startup_gd32f10x_md.o(.text)
    DMA0_Channel5_IRQHandler                 0x08000133   Thumb Code     0  startup_gd32f10x_md.o(.text)
    DMA0_Channel6_IRQHandler                 0x08000133   Thumb Code     0  startup_gd32f10x_md.o(.text)
    EXMC_IRQHandler                          0x08000133   Thumb Code     0  startup_gd32f10x_md.o(.text)
    EXTI10_15_IRQHandler                     0x08000133   Thumb Code     0  startup_gd32f10x_md.o(.text)
    EXTI2_IRQHandler                         0x08000133   Thumb Code     0  startup_gd32f10x_md.o(.text)
    EXTI3_IRQHandler                         0x08000133   Thumb Code     0  startup_gd32f10x_md.o(.text)
    EXTI4_IRQHandler                         0x08000133   Thumb Code     0  startup_gd32f10x_md.o(.text)
    EXTI5_9_IRQHandler                       0x08000133   Thumb Code     0  startup_gd32f10x_md.o(.text)
    FMC_IRQHandler                           0x08000133   Thumb Code     0  startup_gd32f10x_md.o(.text)
    I2C0_ER_IRQHandler                       0x08000133   Thumb Code     0  startup_gd32f10x_md.o(.text)
    I2C0_EV_IRQHandler                       0x08000133   Thumb Code     0  startup_gd32f10x_md.o(.text)
    I2C1_ER_IRQHandler                       0x08000133   Thumb Code     0  startup_gd32f10x_md.o(.text)
    I2C1_EV_IRQHandler                       0x08000133   Thumb Code     0  startup_gd32f10x_md.o(.text)
    LVD_IRQHandler                           0x08000133   Thumb Code     0  startup_gd32f10x_md.o(.text)
    RCU_IRQHandler                           0x08000133   Thumb Code     0  startup_gd32f10x_md.o(.text)
    RTC_Alarm_IRQHandler                     0x08000133   Thumb Code     0  startup_gd32f10x_md.o(.text)
    RTC_IRQHandler                           0x08000133   Thumb Code     0  startup_gd32f10x_md.o(.text)
    SPI0_IRQHandler                          0x08000133   Thumb Code     0  startup_gd32f10x_md.o(.text)
    SPI1_IRQHandler                          0x08000133   Thumb Code     0  startup_gd32f10x_md.o(.text)
    TAMPER_IRQHandler                        0x08000133   Thumb Code     0  startup_gd32f10x_md.o(.text)
    TIMER0_BRK_IRQHandler                    0x08000133   Thumb Code     0  startup_gd32f10x_md.o(.text)
    TIMER0_Channel_IRQHandler                0x08000133   Thumb Code     0  startup_gd32f10x_md.o(.text)
    TIMER0_TRG_CMT_IRQHandler                0x08000133   Thumb Code     0  startup_gd32f10x_md.o(.text)
    TIMER0_UP_IRQHandler                     0x08000133   Thumb Code     0  startup_gd32f10x_md.o(.text)
    TIMER1_IRQHandler                        0x08000133   Thumb Code     0  startup_gd32f10x_md.o(.text)
    TIMER3_IRQHandler                        0x08000133   Thumb Code     0  startup_gd32f10x_md.o(.text)
    USART2_IRQHandler                        0x08000133   Thumb Code     0  startup_gd32f10x_md.o(.text)
    USBD_HP_CAN0_TX_IRQHandler               0x08000133   Thumb Code     0  startup_gd32f10x_md.o(.text)
    USBD_LP_CAN0_RX0_IRQHandler              0x08000133   Thumb Code     0  startup_gd32f10x_md.o(.text)
    USBD_WKUP_IRQHandler                     0x08000133   Thumb Code     0  startup_gd32f10x_md.o(.text)
    WWDGT_IRQHandler                         0x08000133   Thumb Code     0  startup_gd32f10x_md.o(.text)
    strcmp                                   0x0800013d   Thumb Code    28  strcmp.o(.text)
    __aeabi_dadd                             0x08000159   Thumb Code   322  dadd.o(.text)
    __aeabi_dsub                             0x0800029b   Thumb Code     6  dadd.o(.text)
    __aeabi_drsub                            0x080002a1   Thumb Code     6  dadd.o(.text)
    __aeabi_dmul                             0x080002a7   Thumb Code   228  dmul.o(.text)
    __aeabi_ddiv                             0x0800038b   Thumb Code   222  ddiv.o(.text)
    __aeabi_cdrcmple                         0x08000469   Thumb Code    48  cdrcmple.o(.text)
    __aeabi_uidiv                            0x08000499   Thumb Code     0  uidiv.o(.text)
    __aeabi_uidivmod                         0x08000499   Thumb Code    44  uidiv.o(.text)
    __aeabi_uldivmod                         0x080004c5   Thumb Code    98  uldiv.o(.text)
    __aeabi_llsl                             0x08000527   Thumb Code    30  llshl.o(.text)
    _ll_shift_l                              0x08000527   Thumb Code     0  llshl.o(.text)
    __aeabi_llsr                             0x08000545   Thumb Code    32  llushr.o(.text)
    _ll_ushift_r                             0x08000545   Thumb Code     0  llushr.o(.text)
    __aeabi_lasr                             0x08000565   Thumb Code    36  llsshr.o(.text)
    _ll_sshift_r                             0x08000565   Thumb Code     0  llsshr.o(.text)
    __I$use$fp                               0x08000589   Thumb Code     0  iusefp.o(.text)
    _double_round                            0x08000589   Thumb Code    30  depilogue.o(.text)
    _double_epilogue                         0x080005a7   Thumb Code   156  depilogue.o(.text)
    __aeabi_d2ulz                            0x08000643   Thumb Code    48  dfixul.o(.text)
    __scatterload                            0x08000675   Thumb Code    28  init.o(.text)
    __scatterload_rt2                        0x08000675   Thumb Code     0  init.o(.text)
    ADC_DMA_MultiChannel_Init                0x08000699   Thumb Code   280  driver_adc.o(i.ADC_DMA_MultiChannel_Init)
    AHT20_IIC_Init                           0x080007c1   Thumb Code     8  driver_aht20.o(i.AHT20_IIC_Init)
    AHT20_IIC_ReadByte                       0x080007c9   Thumb Code   100  driver_aht20.o(i.AHT20_IIC_ReadByte)
    AHT20_IIC_SendByte                       0x08000831   Thumb Code   100  driver_aht20.o(i.AHT20_IIC_SendByte)
    AHT20_IIC_SendNack                       0x08000899   Thumb Code    64  driver_aht20.o(i.AHT20_IIC_SendNack)
    AHT20_IIC_Start                          0x080008dd   Thumb Code    74  driver_aht20.o(i.AHT20_IIC_Start)
    AHT20_IIC_Stop                           0x0800092d   Thumb Code    64  driver_aht20.o(i.AHT20_IIC_Stop)
    AHT20_IIC_WaitAck                        0x08000971   Thumb Code   100  driver_aht20.o(i.AHT20_IIC_WaitAck)
    AHT20_Init                               0x080009d9   Thumb Code   126  driver_aht20.o(i.AHT20_Init)
    BMP280_IIC_Init                          0x08000a57   Thumb Code     8  driver_bmp280.o(i.BMP280_IIC_Init)
    BMP280_IIC_ReadByte                      0x08000a61   Thumb Code    88  driver_bmp280.o(i.BMP280_IIC_ReadByte)
    BMP280_IIC_SendAck                       0x08000abd   Thumb Code    62  driver_bmp280.o(i.BMP280_IIC_SendAck)
    BMP280_IIC_SendByte                      0x08000b01   Thumb Code    88  driver_bmp280.o(i.BMP280_IIC_SendByte)
    BMP280_IIC_SendNack                      0x08000b5d   Thumb Code    52  driver_bmp280.o(i.BMP280_IIC_SendNack)
    BMP280_IIC_Start                         0x08000b95   Thumb Code    62  driver_bmp280.o(i.BMP280_IIC_Start)
    BMP280_IIC_Stop                          0x08000bd9   Thumb Code    52  driver_bmp280.o(i.BMP280_IIC_Stop)
    BMP280_IIC_WaitAck                       0x08000c11   Thumb Code    88  driver_bmp280.o(i.BMP280_IIC_WaitAck)
    BMP280_Init                              0x08000c6d   Thumb Code   274  driver_bmp280.o(i.BMP280_Init)
    BusFault_Handler                         0x08000e0d   Thumb Code     4  gd32f10x_it.o(i.BusFault_Handler)
    Buzzer_PWM_Init                          0x08000e11   Thumb Code   152  driver_buzzer.o(i.Buzzer_PWM_Init)
    DebugMon_Handler                         0x08000eb1   Thumb Code     2  gd32f10x_it.o(i.DebugMon_Handler)
    DelayInit                                0x08000eb5   Thumb Code    50  delay.o(i.DelayInit)
    DelayNms                                 0x08000ef1   Thumb Code    24  delay.o(i.DelayNms)
    DelayNus                                 0x08000f09   Thumb Code    82  delay.o(i.DelayNus)
    EXTI0_IRQHandler                         0x08000f65   Thumb Code    52  driver_encoder.o(i.EXTI0_IRQHandler)
    EXTI1_IRQHandler                         0x08000fa1   Thumb Code    52  driver_encoder.o(i.EXTI1_IRQHandler)
    Encoder_Init                             0x08000fdd   Thumb Code   100  driver_encoder.o(i.Encoder_Init)
    HardFault_Handler                        0x08001045   Thumb Code     4  gd32f10x_it.o(i.HardFault_Handler)
    IIC_Init                                 0x080010dd   Thumb Code     8  driver_i2c.o(i.IIC_Init)
    IIC_Light_Init                           0x08001111   Thumb Code     8  iic_light.o(i.IIC_Light_Init)
    IIC_Start                                0x08001119   Thumb Code    66  driver_i2c.o(i.IIC_Start)
    IIC_Stop                                 0x08001161   Thumb Code    58  driver_i2c.o(i.IIC_Stop)
    Key_Init                                 0x080011a1   Thumb Code    66  driver_key.o(i.Key_Init)
    Key_Scan                                 0x0800120d   Thumb Code   120  driver_key.o(i.Key_Scan)
    MemManage_Handler                        0x0800128d   Thumb Code     4  gd32f10x_it.o(i.MemManage_Handler)
    NMI_Handler                              0x08001291   Thumb Code     2  gd32f10x_it.o(i.NMI_Handler)
    OLED_Clear                               0x08001295   Thumb Code    36  driver_oled.o(i.OLED_Clear)
    OLED_ClearArea                           0x080012bd   Thumb Code   140  driver_oled.o(i.OLED_ClearArea)
    OLED_I2C_SendByte                        0x0800134d   Thumb Code   144  driver_oled.o(i.OLED_I2C_SendByte)
    OLED_Init                                0x080013e1   Thumb Code   154  driver_oled.o(i.OLED_Init)
    OLED_SetCursor                           0x0800147b   Thumb Code    34  driver_oled.o(i.OLED_SetCursor)
    OLED_ShowChar                            0x0800149d   Thumb Code    74  driver_oled.o(i.OLED_ShowChar)
    OLED_ShowImage                           0x080014f1   Thumb Code   248  driver_oled.o(i.OLED_ShowImage)
    OLED_ShowString                          0x080015ed   Thumb Code   262  driver_oled.o(i.OLED_ShowString)
    OLED_Update                              0x080016fd   Thumb Code    36  driver_oled.o(i.OLED_Update)
    OLED_WriteCommand                        0x08001725   Thumb Code    32  driver_oled.o(i.OLED_WriteCommand)
    OLED_WriteData                           0x08001745   Thumb Code    46  driver_oled.o(i.OLED_WriteData)
    PendSV_Handler                           0x08001773   Thumb Code     2  gd32f10x_it.o(i.PendSV_Handler)
    SVC_Handler                              0x080017d9   Thumb Code     2  gd32f10x_it.o(i.SVC_Handler)
    SysTick_Handler                          0x080017db   Thumb Code     8  gd32f10x_it.o(i.SysTick_Handler)
    SystemInit                               0x080017e5   Thumb Code   116  system_gd32f10x.o(i.SystemInit)
    TIMER2_IRQHandler                        0x08001869   Thumb Code    38  driver_timer.o(i.TIMER2_IRQHandler)
    USART0_IRQHandler                        0x08001899   Thumb Code    86  driver_usart.o(i.USART0_IRQHandler)
    USART1_IRQHandler                        0x08001905   Thumb Code   102  driver_bluetooth.o(i.USART1_IRQHandler)
    UsageFault_Handler                       0x08001985   Thumb Code     4  gd32f10x_it.o(i.UsageFault_Handler)
    W25Q64_EraseSector                       0x08001989   Thumb Code    66  driver_w25q64.o(i.W25Q64_EraseSector)
    W25Q64_Init                              0x080019d1   Thumb Code    60  driver_w25q64.o(i.W25Q64_Init)
    W25Q64_PageProgram                       0x08001a11   Thumb Code    92  driver_w25q64.o(i.W25Q64_PageProgram)
    W25Q64_ReadData                          0x08001a71   Thumb Code    86  driver_w25q64.o(i.W25Q64_ReadData)
    W25Q64_ReadID                            0x08001acd   Thumb Code    56  driver_w25q64.o(i.W25Q64_ReadID)
    W25Q64_Test                              0x08001b09   Thumb Code   148  driver_w25q64.o(i.W25Q64_Test)
    __0printf                                0x08001d99   Thumb Code    22  printfa.o(i.__0printf)
    __1printf                                0x08001d99   Thumb Code     0  printfa.o(i.__0printf)
    __2printf                                0x08001d99   Thumb Code     0  printfa.o(i.__0printf)
    __c89printf                              0x08001d99   Thumb Code     0  printfa.o(i.__0printf)
    printf                                   0x08001d99   Thumb Code     0  printfa.o(i.__0printf)
    __scatterload_copy                       0x08001db9   Thumb Code    14  handlers.o(i.__scatterload_copy)
    __scatterload_null                       0x08001dc7   Thumb Code     2  handlers.o(i.__scatterload_null)
    __scatterload_zeroinit                   0x08001dc9   Thumb Code    14  handlers.o(i.__scatterload_zeroinit)
    adc_calibration_enable                   0x0800268b   Thumb Code    42  gd32f10x_adc.o(i.adc_calibration_enable)
    adc_channel_length_config                0x080026b5   Thumb Code    70  gd32f10x_adc.o(i.adc_channel_length_config)
    adc_data_alignment_config                0x080026fb   Thumb Code    22  gd32f10x_adc.o(i.adc_data_alignment_config)
    adc_deinit                               0x08002711   Thumb Code    84  gd32f10x_adc.o(i.adc_deinit)
    adc_dma_mode_enable                      0x08002769   Thumb Code    10  gd32f10x_adc.o(i.adc_dma_mode_enable)
    adc_enable                               0x08002773   Thumb Code    18  gd32f10x_adc.o(i.adc_enable)
    adc_external_trigger_config              0x08002785   Thumb Code    62  gd32f10x_adc.o(i.adc_external_trigger_config)
    adc_external_trigger_source_config       0x080027c3   Thumb Code    48  gd32f10x_adc.o(i.adc_external_trigger_source_config)
    adc_mode_config                          0x080027f5   Thumb Code    22  gd32f10x_adc.o(i.adc_mode_config)
    adc_regular_channel_config               0x08002811   Thumb Code   172  gd32f10x_adc.o(i.adc_regular_channel_config)
    adc_software_trigger_enable              0x080028bd   Thumb Code    30  gd32f10x_adc.o(i.adc_software_trigger_enable)
    adc_special_function_config              0x080028db   Thumb Code    90  gd32f10x_adc.o(i.adc_special_function_config)
    blt_config                               0x08002935   Thumb Code   142  driver_bluetooth.o(i.blt_config)
    delay_decrement                          0x080029cd   Thumb Code    18  systick.o(i.delay_decrement)
    dma_channel_enable                       0x080029e5   Thumb Code    50  gd32f10x_dma.o(i.dma_channel_enable)
    dma_circulation_enable                   0x08002a17   Thumb Code    50  gd32f10x_dma.o(i.dma_circulation_enable)
    dma_deinit                               0x08002a49   Thumb Code   112  gd32f10x_dma.o(i.dma_deinit)
    dma_init                                 0x08002ab9   Thumb Code   302  gd32f10x_dma.o(i.dma_init)
    exti_init                                0x08002c01   Thumb Code   184  gd32f10x_exti.o(i.exti_init)
    exti_interrupt_flag_clear                0x08002cbd   Thumb Code     6  gd32f10x_exti.o(i.exti_interrupt_flag_clear)
    exti_interrupt_flag_get                  0x08002cc9   Thumb Code    18  gd32f10x_exti.o(i.exti_interrupt_flag_get)
    fputc                                    0x08002ce1   Thumb Code    32  driver_usart.o(i.fputc)
    gpio_bit_reset                           0x08002d05   Thumb Code     4  gd32f10x_gpio.o(i.gpio_bit_reset)
    gpio_bit_set                             0x08002d09   Thumb Code     4  gd32f10x_gpio.o(i.gpio_bit_set)
    gpio_bit_write                           0x08002d0d   Thumb Code    10  gd32f10x_gpio.o(i.gpio_bit_write)
    gpio_exti_source_select                  0x08002d19   Thumb Code   146  gd32f10x_gpio.o(i.gpio_exti_source_select)
    gpio_init                                0x08002db1   Thumb Code   172  gd32f10x_gpio.o(i.gpio_init)
    gpio_input_bit_get                       0x08002e5d   Thumb Code    16  gd32f10x_gpio.o(i.gpio_input_bit_get)
    led_init                                 0x08002e6d   Thumb Code   100  driver_led.o(i.led_init)
    led_toggle                               0x08002ed9   Thumb Code   110  driver_led.o(i.led_toggle)
    main                                     0x08002f51   Thumb Code   160  main.o(i.main)
    nvic_irq_enable                          0x08003021   Thumb Code   162  gd32f10x_misc.o(i.nvic_irq_enable)
    nvic_priority_group_set                  0x080030cd   Thumb Code    10  gd32f10x_misc.o(i.nvic_priority_group_set)
    nvic_vector_table_set                    0x080030e1   Thumb Code    12  gd32f10x_misc.o(i.nvic_vector_table_set)
    rcu_adc_clock_config                     0x080030f5   Thumb Code    64  gd32f10x_rcu.o(i.rcu_adc_clock_config)
    rcu_clock_freq_get                       0x0800313d   Thumb Code   264  gd32f10x_rcu.o(i.rcu_clock_freq_get)
    rcu_periph_clock_enable                  0x08003261   Thumb Code    28  gd32f10x_rcu.o(i.rcu_periph_clock_enable)
    rcu_periph_reset_disable                 0x08003281   Thumb Code    28  gd32f10x_rcu.o(i.rcu_periph_reset_disable)
    rcu_periph_reset_enable                  0x080032a1   Thumb Code    28  gd32f10x_rcu.o(i.rcu_periph_reset_enable)
    timer2_config                            0x0800338d   Thumb Code    80  driver_timer.o(i.timer2_config)
    timer_channel_output_config              0x080033e1   Thumb Code   484  gd32f10x_timer.o(i.timer_channel_output_config)
    timer_channel_output_mode_config         0x080035cd   Thumb Code    90  gd32f10x_timer.o(i.timer_channel_output_mode_config)
    timer_channel_output_pulse_value_config  0x08003627   Thumb Code    38  gd32f10x_timer.o(i.timer_channel_output_pulse_value_config)
    timer_channel_output_shadow_config       0x0800364d   Thumb Code    90  gd32f10x_timer.o(i.timer_channel_output_shadow_config)
    timer_channel_output_struct_para_init    0x080036a7   Thumb Code    16  gd32f10x_timer.o(i.timer_channel_output_struct_para_init)
    timer_deinit                             0x080036b9   Thumb Code   210  gd32f10x_timer.o(i.timer_deinit)
    timer_enable                             0x08003795   Thumb Code    10  gd32f10x_timer.o(i.timer_enable)
    timer_init                               0x080037a1   Thumb Code   170  gd32f10x_timer.o(i.timer_init)
    timer_interrupt_enable                   0x08003881   Thumb Code     8  gd32f10x_timer.o(i.timer_interrupt_enable)
    timer_interrupt_flag_clear               0x08003889   Thumb Code     6  gd32f10x_timer.o(i.timer_interrupt_flag_clear)
    timer_interrupt_flag_get                 0x0800388f   Thumb Code    24  gd32f10x_timer.o(i.timer_interrupt_flag_get)
    usart_baudrate_set                       0x080038a9   Thumb Code   136  gd32f10x_usart.o(i.usart_baudrate_set)
    usart_config                             0x08003939   Thumb Code   146  driver_usart.o(i.usart_config)
    usart_data_receive                       0x080039d5   Thumb Code    10  gd32f10x_usart.o(i.usart_data_receive)
    usart_data_transmit                      0x080039df   Thumb Code     8  gd32f10x_usart.o(i.usart_data_transmit)
    usart_deinit                             0x080039e9   Thumb Code   136  gd32f10x_usart.o(i.usart_deinit)
    usart_enable                             0x08003a79   Thumb Code    10  gd32f10x_usart.o(i.usart_enable)
    usart_flag_get                           0x08003a83   Thumb Code    30  gd32f10x_usart.o(i.usart_flag_get)
    usart_hardware_flow_cts_config           0x08003aa1   Thumb Code    16  gd32f10x_usart.o(i.usart_hardware_flow_cts_config)
    usart_hardware_flow_rts_config           0x08003ab1   Thumb Code    16  gd32f10x_usart.o(i.usart_hardware_flow_rts_config)
    usart_interrupt_enable                   0x08003ac1   Thumb Code    26  gd32f10x_usart.o(i.usart_interrupt_enable)
    usart_interrupt_flag_get                 0x08003adb   Thumb Code    56  gd32f10x_usart.o(i.usart_interrupt_flag_get)
    usart_parity_config                      0x08003b13   Thumb Code    16  gd32f10x_usart.o(i.usart_parity_config)
    usart_receive_config                     0x08003b23   Thumb Code    16  gd32f10x_usart.o(i.usart_receive_config)
    usart_stop_bit_set                       0x08003b33   Thumb Code    16  gd32f10x_usart.o(i.usart_stop_bit_set)
    usart_transmit_config                    0x08003b43   Thumb Code    16  gd32f10x_usart.o(i.usart_transmit_config)
    usart_word_length_set                    0x08003b53   Thumb Code    16  gd32f10x_usart.o(i.usart_word_length_set)
    OLED_F8x16                               0x08003b62   Data        1520  oled_data.o(.constdata)
    OLED_F6x8                                0x08004152   Data         570  oled_data.o(.constdata)
    OLED_CF16x16                             0x0800438c   Data         245  oled_data.o(.constdata)
    Diode                                    0x08004481   Data          32  oled_data.o(.constdata)
    Region$$Table$$Base                      0x080044a4   Number         0  anon$$obj.o(Region$$Table)
    Region$$Table$$Limit                     0x080044c4   Number         0  anon$$obj.o(Region$$Table)
    usart0_rx_count                          0x20000004   Data           2  driver_usart.o(.data)
    usart0_rx_flag                           0x20000006   Data           1  driver_usart.o(.data)
    Encoder_Count                            0x20000008   Data           2  driver_encoder.o(.data)
    blt_rx_count                             0x2000000a   Data           2  driver_bluetooth.o(.data)
    blt_rx_complete_flag                     0x2000000c   Data           1  driver_bluetooth.o(.data)
    led_blink_mode                           0x2000000d   Data           1  driver_led.o(.data)
    adc_buffer                               0x2000000e   Data           4  driver_adc.o(.data)
    WriteBuffer                              0x20000013   Data          53  driver_w25q64.o(.data)
    __stdout                                 0x20000048   Data           4  stdout.o(.data)
    usart0_rx_buffer                         0x2000004c   Data         128  driver_usart.o(.bss)
    OLED_DisplayBuf                          0x200000cc   Data        1024  driver_oled.o(.bss)
    blt_rx_buffer                            0x200004cc   Data         128  driver_bluetooth.o(.bss)
    ReadBuffer                               0x20000564   Data         100  driver_w25q64.o(.bss)
    __initial_sp                             0x200025c8   Data           0  startup_gd32f10x_md.o(STACK)



==============================================================================

Memory Map of the image

  Image Entry point : 0x08000105

  Load Region LR_IROM1 (Base: 0x08000000, Size: 0x00004510, Max: 0x00010000, ABSOLUTE)

    Execution Region ER_IROM1 (Exec base: 0x08000000, Load base: 0x08000000, Size: 0x000044c4, Max: 0x00010000, ABSOLUTE)

    Exec Addr    Load Addr    Size         Type   Attr      Idx    E Section Name        Object

    0x08000000   0x08000000   0x00000104   Data   RO          381    RESET               startup_gd32f10x_md.o
    0x08000104   0x08000104   0x00000000   Code   RO         4934  * .ARM.Collect$$$$00000000  mc_w.l(entry.o)
    0x08000104   0x08000104   0x00000004   Code   RO         5263    .ARM.Collect$$$$00000001  mc_w.l(entry2.o)
    0x08000108   0x08000108   0x00000004   Code   RO         5266    .ARM.Collect$$$$00000004  mc_w.l(entry5.o)
    0x0800010c   0x0800010c   0x00000000   Code   RO         5268    .ARM.Collect$$$$00000008  mc_w.l(entry7b.o)
    0x0800010c   0x0800010c   0x00000000   Code   RO         5270    .ARM.Collect$$$$0000000A  mc_w.l(entry8b.o)
    0x0800010c   0x0800010c   0x00000008   Code   RO         5271    .ARM.Collect$$$$0000000B  mc_w.l(entry9a.o)
    0x08000114   0x08000114   0x00000000   Code   RO         5273    .ARM.Collect$$$$0000000D  mc_w.l(entry10a.o)
    0x08000114   0x08000114   0x00000000   Code   RO         5275    .ARM.Collect$$$$0000000F  mc_w.l(entry11a.o)
    0x08000114   0x08000114   0x00000004   Code   RO         5264    .ARM.Collect$$$$00002712  mc_w.l(entry2.o)
    0x08000118   0x08000118   0x00000024   Code   RO          382    .text               startup_gd32f10x_md.o
    0x0800013c   0x0800013c   0x0000001c   Code   RO         4941    .text               mc_w.l(strcmp.o)
    0x08000158   0x08000158   0x0000014e   Code   RO         5210    .text               mf_w.l(dadd.o)
    0x080002a6   0x080002a6   0x000000e4   Code   RO         5212    .text               mf_w.l(dmul.o)
    0x0800038a   0x0800038a   0x000000de   Code   RO         5214    .text               mf_w.l(ddiv.o)
    0x08000468   0x08000468   0x00000030   Code   RO         5232    .text               mf_w.l(cdrcmple.o)
    0x08000498   0x08000498   0x0000002c   Code   RO         5278    .text               mc_w.l(uidiv.o)
    0x080004c4   0x080004c4   0x00000062   Code   RO         5280    .text               mc_w.l(uldiv.o)
    0x08000526   0x08000526   0x0000001e   Code   RO         5282    .text               mc_w.l(llshl.o)
    0x08000544   0x08000544   0x00000020   Code   RO         5284    .text               mc_w.l(llushr.o)
    0x08000564   0x08000564   0x00000024   Code   RO         5286    .text               mc_w.l(llsshr.o)
    0x08000588   0x08000588   0x00000000   Code   RO         5295    .text               mc_w.l(iusefp.o)
    0x08000588   0x08000588   0x000000ba   Code   RO         5298    .text               mf_w.l(depilogue.o)
    0x08000642   0x08000642   0x00000030   Code   RO         5302    .text               mf_w.l(dfixul.o)
    0x08000672   0x08000672   0x00000002   PAD
    0x08000674   0x08000674   0x00000024   Code   RO         5308    .text               mc_w.l(init.o)
    0x08000698   0x08000698   0x00000128   Code   RO         4587    i.ADC_DMA_MultiChannel_Init  driver_adc.o
    0x080007c0   0x080007c0   0x00000008   Code   RO         4610    i.AHT20_IIC_Init    driver_aht20.o
    0x080007c8   0x080007c8   0x00000068   Code   RO         4611    i.AHT20_IIC_ReadByte  driver_aht20.o
    0x08000830   0x08000830   0x00000068   Code   RO         4613    i.AHT20_IIC_SendByte  driver_aht20.o
    0x08000898   0x08000898   0x00000044   Code   RO         4614    i.AHT20_IIC_SendNack  driver_aht20.o
    0x080008dc   0x080008dc   0x00000050   Code   RO         4615    i.AHT20_IIC_Start   driver_aht20.o
    0x0800092c   0x0800092c   0x00000044   Code   RO         4616    i.AHT20_IIC_Stop    driver_aht20.o
    0x08000970   0x08000970   0x00000068   Code   RO         4617    i.AHT20_IIC_WaitAck  driver_aht20.o
    0x080009d8   0x080009d8   0x0000007e   Code   RO         4618    i.AHT20_Init        driver_aht20.o
    0x08000a56   0x08000a56   0x00000008   Code   RO         4689    i.BMP280_IIC_Init   driver_bmp280.o
    0x08000a5e   0x08000a5e   0x00000002   PAD
    0x08000a60   0x08000a60   0x0000005c   Code   RO         4690    i.BMP280_IIC_ReadByte  driver_bmp280.o
    0x08000abc   0x08000abc   0x00000044   Code   RO         4691    i.BMP280_IIC_SendAck  driver_bmp280.o
    0x08000b00   0x08000b00   0x0000005c   Code   RO         4692    i.BMP280_IIC_SendByte  driver_bmp280.o
    0x08000b5c   0x08000b5c   0x00000038   Code   RO         4693    i.BMP280_IIC_SendNack  driver_bmp280.o
    0x08000b94   0x08000b94   0x00000044   Code   RO         4694    i.BMP280_IIC_Start  driver_bmp280.o
    0x08000bd8   0x08000bd8   0x00000038   Code   RO         4695    i.BMP280_IIC_Stop   driver_bmp280.o
    0x08000c10   0x08000c10   0x0000005c   Code   RO         4696    i.BMP280_IIC_WaitAck  driver_bmp280.o
    0x08000c6c   0x08000c6c   0x00000118   Code   RO         4697    i.BMP280_Init       driver_bmp280.o
    0x08000d84   0x08000d84   0x0000005a   Code   RO         4698    i.BMP280_ReadRegs   driver_bmp280.o
    0x08000dde   0x08000dde   0x0000002e   Code   RO         4700    i.BMP280_WriteReg   driver_bmp280.o
    0x08000e0c   0x08000e0c   0x00000004   Code   RO          225    i.BusFault_Handler  gd32f10x_it.o
    0x08000e10   0x08000e10   0x000000a0   Code   RO         4814    i.Buzzer_PWM_Init   driver_buzzer.o
    0x08000eb0   0x08000eb0   0x00000002   Code   RO          226    i.DebugMon_Handler  gd32f10x_it.o
    0x08000eb2   0x08000eb2   0x00000002   PAD
    0x08000eb4   0x08000eb4   0x0000003c   Code   RO          193    i.DelayInit         delay.o
    0x08000ef0   0x08000ef0   0x00000018   Code   RO          194    i.DelayNms          delay.o
    0x08000f08   0x08000f08   0x0000005c   Code   RO          195    i.DelayNus          delay.o
    0x08000f64   0x08000f64   0x0000003c   Code   RO         4256    i.EXTI0_IRQHandler  driver_encoder.o
    0x08000fa0   0x08000fa0   0x0000003c   Code   RO         4257    i.EXTI1_IRQHandler  driver_encoder.o
    0x08000fdc   0x08000fdc   0x00000068   Code   RO         4259    i.Encoder_Init      driver_encoder.o
    0x08001044   0x08001044   0x00000004   Code   RO          227    i.HardFault_Handler  gd32f10x_it.o
    0x08001048   0x08001048   0x0000002c   Code   RO         3972    i.IIC_GpioInit      driver_i2c.o
    0x08001074   0x08001074   0x00000034   Code   RO         4620    i.IIC_GpioInit      driver_aht20.o
    0x080010a8   0x080010a8   0x00000034   Code   RO         4701    i.IIC_GpioInit      driver_bmp280.o
    0x080010dc   0x080010dc   0x00000008   Code   RO         3973    i.IIC_Init          driver_i2c.o
    0x080010e4   0x080010e4   0x0000002c   Code   RO         4321    i.IIC_Light_GpioInit  iic_light.o
    0x08001110   0x08001110   0x00000008   Code   RO         4322    i.IIC_Light_Init    iic_light.o
    0x08001118   0x08001118   0x00000048   Code   RO         3978    i.IIC_Start         driver_i2c.o
    0x08001160   0x08001160   0x00000040   Code   RO         3979    i.IIC_Stop          driver_i2c.o
    0x080011a0   0x080011a0   0x0000006c   Code   RO         4781    i.Key_Init          driver_key.o
    0x0800120c   0x0800120c   0x00000080   Code   RO         4782    i.Key_Scan          driver_key.o
    0x0800128c   0x0800128c   0x00000004   Code   RO          228    i.MemManage_Handler  gd32f10x_it.o
    0x08001290   0x08001290   0x00000002   Code   RO          229    i.NMI_Handler       gd32f10x_it.o
    0x08001292   0x08001292   0x00000002   PAD
    0x08001294   0x08001294   0x00000028   Code   RO         4042    i.OLED_Clear        driver_oled.o
    0x080012bc   0x080012bc   0x00000090   Code   RO         4043    i.OLED_ClearArea    driver_oled.o
    0x0800134c   0x0800134c   0x00000094   Code   RO         4052    i.OLED_I2C_SendByte  driver_oled.o
    0x080013e0   0x080013e0   0x0000009a   Code   RO         4053    i.OLED_Init         driver_oled.o
    0x0800147a   0x0800147a   0x00000022   Code   RO         4059    i.OLED_SetCursor    driver_oled.o
    0x0800149c   0x0800149c   0x00000054   Code   RO         4061    i.OLED_ShowChar     driver_oled.o
    0x080014f0   0x080014f0   0x000000fc   Code   RO         4064    i.OLED_ShowImage    driver_oled.o
    0x080015ec   0x080015ec   0x00000110   Code   RO         4067    i.OLED_ShowString   driver_oled.o
    0x080016fc   0x080016fc   0x00000028   Code   RO         4068    i.OLED_Update       driver_oled.o
    0x08001724   0x08001724   0x00000020   Code   RO         4070    i.OLED_WriteCommand  driver_oled.o
    0x08001744   0x08001744   0x0000002e   Code   RO         4071    i.OLED_WriteData    driver_oled.o
    0x08001772   0x08001772   0x00000002   Code   RO          230    i.PendSV_Handler    gd32f10x_it.o
    0x08001774   0x08001774   0x00000064   Code   RO         4850    i.SPI_SwapByte      driver_w25q64.o
    0x080017d8   0x080017d8   0x00000002   Code   RO          231    i.SVC_Handler       gd32f10x_it.o
    0x080017da   0x080017da   0x00000008   Code   RO          232    i.SysTick_Handler   gd32f10x_it.o
    0x080017e2   0x080017e2   0x00000002   PAD
    0x080017e4   0x080017e4   0x00000084   Code   RO          340    i.SystemInit        system_gd32f10x.o
    0x08001868   0x08001868   0x00000030   Code   RO         4506    i.TIMER2_IRQHandler  driver_timer.o
    0x08001898   0x08001898   0x0000006c   Code   RO         3926    i.USART0_IRQHandler  driver_usart.o
    0x08001904   0x08001904   0x00000080   Code   RO         4400    i.USART1_IRQHandler  driver_bluetooth.o
    0x08001984   0x08001984   0x00000004   Code   RO          233    i.UsageFault_Handler  gd32f10x_it.o
    0x08001988   0x08001988   0x00000048   Code   RO         4851    i.W25Q64_EraseSector  driver_w25q64.o
    0x080019d0   0x080019d0   0x00000040   Code   RO         4852    i.W25Q64_Init       driver_w25q64.o
    0x08001a10   0x08001a10   0x00000060   Code   RO         4853    i.W25Q64_PageProgram  driver_w25q64.o
    0x08001a70   0x08001a70   0x0000005c   Code   RO         4854    i.W25Q64_ReadData   driver_w25q64.o
    0x08001acc   0x08001acc   0x0000003c   Code   RO         4855    i.W25Q64_ReadID     driver_w25q64.o
    0x08001b08   0x08001b08   0x00000234   Code   RO         4856    i.W25Q64_Test       driver_w25q64.o
    0x08001d3c   0x08001d3c   0x00000038   Code   RO         4857    i.W25Q64_WaitBusy   driver_w25q64.o
    0x08001d74   0x08001d74   0x00000024   Code   RO         4858    i.W25Q64_WriteEnable  driver_w25q64.o
    0x08001d98   0x08001d98   0x00000020   Code   RO         5176    i.__0printf         mc_w.l(printfa.o)
    0x08001db8   0x08001db8   0x0000000e   Code   RO         5314    i.__scatterload_copy  mc_w.l(handlers.o)
    0x08001dc6   0x08001dc6   0x00000002   Code   RO         5315    i.__scatterload_null  mc_w.l(handlers.o)
    0x08001dc8   0x08001dc8   0x0000000e   Code   RO         5316    i.__scatterload_zeroinit  mc_w.l(handlers.o)
    0x08001dd6   0x08001dd6   0x00000002   PAD
    0x08001dd8   0x08001dd8   0x00000184   Code   RO         5183    i._fp_digits        mc_w.l(printfa.o)
    0x08001f5c   0x08001f5c   0x000006dc   Code   RO         5184    i._printf_core      mc_w.l(printfa.o)
    0x08002638   0x08002638   0x00000024   Code   RO         5185    i._printf_post_padding  mc_w.l(printfa.o)
    0x0800265c   0x0800265c   0x0000002e   Code   RO         5186    i._printf_pre_padding  mc_w.l(printfa.o)
    0x0800268a   0x0800268a   0x0000002a   Code   RO          388    i.adc_calibration_enable  gd32f10x_adc.o
    0x080026b4   0x080026b4   0x00000046   Code   RO          389    i.adc_channel_length_config  gd32f10x_adc.o
    0x080026fa   0x080026fa   0x00000016   Code   RO          390    i.adc_data_alignment_config  gd32f10x_adc.o
    0x08002710   0x08002710   0x00000058   Code   RO          391    i.adc_deinit        gd32f10x_adc.o
    0x08002768   0x08002768   0x0000000a   Code   RO          395    i.adc_dma_mode_enable  gd32f10x_adc.o
    0x08002772   0x08002772   0x00000012   Code   RO          396    i.adc_enable        gd32f10x_adc.o
    0x08002784   0x08002784   0x0000003e   Code   RO          397    i.adc_external_trigger_config  gd32f10x_adc.o
    0x080027c2   0x080027c2   0x00000030   Code   RO          398    i.adc_external_trigger_source_config  gd32f10x_adc.o
    0x080027f2   0x080027f2   0x00000002   PAD
    0x080027f4   0x080027f4   0x0000001c   Code   RO          409    i.adc_mode_config   gd32f10x_adc.o
    0x08002810   0x08002810   0x000000ac   Code   RO          410    i.adc_regular_channel_config  gd32f10x_adc.o
    0x080028bc   0x080028bc   0x0000001e   Code   RO          413    i.adc_software_trigger_enable  gd32f10x_adc.o
    0x080028da   0x080028da   0x0000005a   Code   RO          414    i.adc_special_function_config  gd32f10x_adc.o
    0x08002934   0x08002934   0x00000098   Code   RO         4401    i.blt_config        driver_bluetooth.o
    0x080029cc   0x080029cc   0x00000018   Code   RO          298    i.delay_decrement   systick.o
    0x080029e4   0x080029e4   0x00000032   Code   RO         1181    i.dma_channel_enable  gd32f10x_dma.o
    0x08002a16   0x08002a16   0x00000032   Code   RO         1183    i.dma_circulation_enable  gd32f10x_dma.o
    0x08002a48   0x08002a48   0x00000070   Code   RO         1184    i.dma_deinit        gd32f10x_dma.o
    0x08002ab8   0x08002ab8   0x0000012e   Code   RO         1187    i.dma_init          gd32f10x_dma.o
    0x08002be6   0x08002be6   0x00000002   PAD
    0x08002be8   0x08002be8   0x00000018   Code   RO         1199    i.dma_periph_and_channel_check  gd32f10x_dma.o
    0x08002c00   0x08002c00   0x000000bc   Code   RO         1532    i.exti_init         gd32f10x_exti.o
    0x08002cbc   0x08002cbc   0x0000000c   Code   RO         1535    i.exti_interrupt_flag_clear  gd32f10x_exti.o
    0x08002cc8   0x08002cc8   0x00000018   Code   RO         1536    i.exti_interrupt_flag_get  gd32f10x_exti.o
    0x08002ce0   0x08002ce0   0x00000024   Code   RO         3927    i.fputc             driver_usart.o
    0x08002d04   0x08002d04   0x00000004   Code   RO         1882    i.gpio_bit_reset    gd32f10x_gpio.o
    0x08002d08   0x08002d08   0x00000004   Code   RO         1883    i.gpio_bit_set      gd32f10x_gpio.o
    0x08002d0c   0x08002d0c   0x0000000a   Code   RO         1884    i.gpio_bit_write    gd32f10x_gpio.o
    0x08002d16   0x08002d16   0x00000002   PAD
    0x08002d18   0x08002d18   0x00000098   Code   RO         1889    i.gpio_exti_source_select  gd32f10x_gpio.o
    0x08002db0   0x08002db0   0x000000ac   Code   RO         1890    i.gpio_init         gd32f10x_gpio.o
    0x08002e5c   0x08002e5c   0x00000010   Code   RO         1891    i.gpio_input_bit_get  gd32f10x_gpio.o
    0x08002e6c   0x08002e6c   0x0000006c   Code   RO         4466    i.led_init          driver_led.o
    0x08002ed8   0x08002ed8   0x00000078   Code   RO         4467    i.led_toggle        driver_led.o
    0x08002f50   0x08002f50   0x000000d0   Code   RO            3    i.main              main.o
    0x08003020   0x08003020   0x000000ac   Code   RO         2198    i.nvic_irq_enable   gd32f10x_misc.o
    0x080030cc   0x080030cc   0x00000014   Code   RO         2199    i.nvic_priority_group_set  gd32f10x_misc.o
    0x080030e0   0x080030e0   0x00000014   Code   RO         2200    i.nvic_vector_table_set  gd32f10x_misc.o
    0x080030f4   0x080030f4   0x00000048   Code   RO         2340    i.rcu_adc_clock_config  gd32f10x_rcu.o
    0x0800313c   0x0800313c   0x00000124   Code   RO         2348    i.rcu_clock_freq_get  gd32f10x_rcu.o
    0x08003260   0x08003260   0x00000020   Code   RO         2365    i.rcu_periph_clock_enable  gd32f10x_rcu.o
    0x08003280   0x08003280   0x00000020   Code   RO         2368    i.rcu_periph_reset_disable  gd32f10x_rcu.o
    0x080032a0   0x080032a0   0x00000020   Code   RO         2369    i.rcu_periph_reset_enable  gd32f10x_rcu.o
    0x080032c0   0x080032c0   0x000000c4   Code   RO          341    i.system_clock_108m_hxtal  system_gd32f10x.o
    0x08003384   0x08003384   0x00000008   Code   RO          342    i.system_clock_config  system_gd32f10x.o
    0x0800338c   0x0800338c   0x00000054   Code   RO         4507    i.timer2_config     driver_timer.o
    0x080033e0   0x080033e0   0x000001ec   Code   RO         3176    i.timer_channel_output_config  gd32f10x_timer.o
    0x080035cc   0x080035cc   0x0000005a   Code   RO         3178    i.timer_channel_output_mode_config  gd32f10x_timer.o
    0x08003626   0x08003626   0x00000026   Code   RO         3180    i.timer_channel_output_pulse_value_config  gd32f10x_timer.o
    0x0800364c   0x0800364c   0x0000005a   Code   RO         3181    i.timer_channel_output_shadow_config  gd32f10x_timer.o
    0x080036a6   0x080036a6   0x00000010   Code   RO         3183    i.timer_channel_output_struct_para_init  gd32f10x_timer.o
    0x080036b6   0x080036b6   0x00000002   PAD
    0x080036b8   0x080036b8   0x000000dc   Code   RO         3189    i.timer_deinit      gd32f10x_timer.o
    0x08003794   0x08003794   0x0000000a   Code   RO         3194    i.timer_enable      gd32f10x_timer.o
    0x0800379e   0x0800379e   0x00000002   PAD
    0x080037a0   0x080037a0   0x000000e0   Code   RO         3204    i.timer_init        gd32f10x_timer.o
    0x08003880   0x08003880   0x00000008   Code   RO         3211    i.timer_interrupt_enable  gd32f10x_timer.o
    0x08003888   0x08003888   0x00000006   Code   RO         3212    i.timer_interrupt_flag_clear  gd32f10x_timer.o
    0x0800388e   0x0800388e   0x00000018   Code   RO         3213    i.timer_interrupt_flag_get  gd32f10x_timer.o
    0x080038a6   0x080038a6   0x00000002   PAD
    0x080038a8   0x080038a8   0x00000090   Code   RO         3587    i.usart_baudrate_set  gd32f10x_usart.o
    0x08003938   0x08003938   0x0000009c   Code   RO         3929    i.usart_config      driver_usart.o
    0x080039d4   0x080039d4   0x0000000a   Code   RO         3588    i.usart_data_receive  gd32f10x_usart.o
    0x080039de   0x080039de   0x00000008   Code   RO         3589    i.usart_data_transmit  gd32f10x_usart.o
    0x080039e6   0x080039e6   0x00000002   PAD
    0x080039e8   0x080039e8   0x00000090   Code   RO         3590    i.usart_deinit      gd32f10x_usart.o
    0x08003a78   0x08003a78   0x0000000a   Code   RO         3594    i.usart_enable      gd32f10x_usart.o
    0x08003a82   0x08003a82   0x0000001e   Code   RO         3596    i.usart_flag_get    gd32f10x_usart.o
    0x08003aa0   0x08003aa0   0x00000010   Code   RO         3600    i.usart_hardware_flow_cts_config  gd32f10x_usart.o
    0x08003ab0   0x08003ab0   0x00000010   Code   RO         3601    i.usart_hardware_flow_rts_config  gd32f10x_usart.o
    0x08003ac0   0x08003ac0   0x0000001a   Code   RO         3603    i.usart_interrupt_enable  gd32f10x_usart.o
    0x08003ada   0x08003ada   0x00000038   Code   RO         3605    i.usart_interrupt_flag_get  gd32f10x_usart.o
    0x08003b12   0x08003b12   0x00000010   Code   RO         3615    i.usart_parity_config  gd32f10x_usart.o
    0x08003b22   0x08003b22   0x00000010   Code   RO         3617    i.usart_receive_config  gd32f10x_usart.o
    0x08003b32   0x08003b32   0x00000010   Code   RO         3623    i.usart_stop_bit_set  gd32f10x_usart.o
    0x08003b42   0x08003b42   0x00000010   Code   RO         3627    i.usart_transmit_config  gd32f10x_usart.o
    0x08003b52   0x08003b52   0x00000010   Code   RO         3628    i.usart_word_length_set  gd32f10x_usart.o
    0x08003b62   0x08003b62   0x0000093f   Data   RO         3912    .constdata          oled_data.o
    0x080044a1   0x080044a1   0x00000003   PAD
    0x080044a4   0x080044a4   0x00000020   Data   RO         5312    Region$$Table       anon$$obj.o


    Execution Region RW_IRAM1 (Exec base: 0x20000000, Load base: 0x080044c4, Size: 0x000025c8, Max: 0x00005000, ABSOLUTE)

    Exec Addr    Load Addr    Size         Type   Attr      Idx    E Section Name        Object

    0x20000000   0x080044c4   0x00000004   Data   RW          300    .data               systick.o
    0x20000004   0x080044c8   0x00000003   Data   RW         3931    .data               driver_usart.o
    0x20000007   0x080044cb   0x00000001   PAD
    0x20000008   0x080044cc   0x00000002   Data   RW         4260    .data               driver_encoder.o
    0x2000000a   0x080044ce   0x00000003   Data   RW         4408    .data               driver_bluetooth.o
    0x2000000d   0x080044d1   0x00000001   Data   RW         4469    .data               driver_led.o
    0x2000000e   0x080044d2   0x00000004   Data   RW         4588    .data               driver_adc.o
    0x20000012   0x080044d6   0x00000001   Data   RW         4783    .data               driver_key.o
    0x20000013   0x080044d7   0x00000035   Data   RW         4860    .data               driver_w25q64.o
    0x20000048   0x0800450c   0x00000004   Data   RW         5277    .data               mc_w.l(stdout.o)
    0x2000004c        -       0x00000080   Zero   RW         3930    .bss                driver_usart.o
    0x200000cc        -       0x00000400   Zero   RW         4073    .bss                driver_oled.o
    0x200004cc        -       0x00000080   Zero   RW         4407    .bss                driver_bluetooth.o
    0x2000054c        -       0x00000018   Zero   RW         4702    .bss                driver_bmp280.o
    0x20000564        -       0x00000064   Zero   RW         4859    .bss                driver_w25q64.o
    0x200005c8        -       0x00002000   Zero   RW          379    STACK               startup_gd32f10x_md.o


==============================================================================

Image component sizes


      Code (inc. data)   RO Data    RW Data    ZI Data      Debug   Object Name

       176         20          0          0          0       1578   delay.o
       296         16          0          4          0       1409   driver_adc.o
       714         32          0          0          0       4992   driver_aht20.o
       280         36          0          3        128       2421   driver_bluetooth.o
      1000         44          0          0         24       7925   driver_bmp280.o
       160          8          0          0          0        634   driver_buzzer.o
       224         20          0          2          0       1777   driver_encoder.o
       188         16          0          0          0       1842   driver_i2c.o
       236         50          0          1          0       1102   driver_key.o
       228         18          0          1          0       1253   driver_led.o
      1246         40          0          0       1024       8643   driver_oled.o
       132         14          0          0          0       1024   driver_timer.o
       300         36          0          3        128       3853   driver_usart.o
      1140        458          0         53        100       6065   driver_w25q64.o
       680         10          0          0          0       7791   gd32f10x_adc.o
       538          6          0          0          0       3910   gd32f10x_dma.o
       224         16          0          0          0       1894   gd32f10x_exti.o
       358          6          0          0          0       4024   gd32f10x_gpio.o
        32          0          0          0          0       3762   gd32f10x_it.o
       212         28          0          0          0       2008   gd32f10x_misc.o
       460         56          0          0          0       3479   gd32f10x_rcu.o
      1218         72          0          0          0       8156   gd32f10x_timer.o
       540         16          0          0          0       9603   gd32f10x_usart.o
        52          4          0          0          0        909   iic_light.o
       208         48          0          0          0      61383   main.o
         0          0       2367          0          0       1274   oled_data.o
        36          8        260          0       8192        920   startup_gd32f10x_md.o
       336         30          0          0          0       1617   system_gd32f10x.o
        24          6          0          4          0       1038   systick.o

    ----------------------------------------------------------------------
     11260       1114       2662         72       9596     156286   Object Totals
         0          0         32          0          0          0   (incl. Generated)
        22          0          3          1          0          0   (incl. Padding)

    ----------------------------------------------------------------------

      Code (inc. data)   RO Data    RW Data    ZI Data      Debug   Library Member Name

         0          0          0          0          0          0   entry.o
         0          0          0          0          0          0   entry10a.o
         0          0          0          0          0          0   entry11a.o
         8          4          0          0          0          0   entry2.o
         4          0          0          0          0          0   entry5.o
         0          0          0          0          0          0   entry7b.o
         0          0          0          0          0          0   entry8b.o
         8          4          0          0          0          0   entry9a.o
        30          0          0          0          0          0   handlers.o
        36          8          0          0          0         68   init.o
         0          0          0          0          0          0   iusefp.o
        30          0          0          0          0         68   llshl.o
        36          0          0          0          0         68   llsshr.o
        32          0          0          0          0         68   llushr.o
      2258         90          0          0          0        452   printfa.o
         0          0          0          4          0          0   stdout.o
        28          0          0          0          0         76   strcmp.o
        44          0          0          0          0         80   uidiv.o
        98          0          0          0          0         92   uldiv.o
        48          0          0          0          0         68   cdrcmple.o
       334          0          0          0          0        148   dadd.o
       222          0          0          0          0        100   ddiv.o
       186          0          0          0          0        176   depilogue.o
        48          0          0          0          0         68   dfixul.o
       228          0          0          0          0         96   dmul.o

    ----------------------------------------------------------------------
      3682        106          0          4          0       1628   Library Totals
         4          0          0          0          0          0   (incl. Padding)

    ----------------------------------------------------------------------

      Code (inc. data)   RO Data    RW Data    ZI Data      Debug   Library Name

      2612        106          0          4          0        972   mc_w.l
      1066          0          0          0          0        656   mf_w.l

    ----------------------------------------------------------------------
      3682        106          0          4          0       1628   Library Totals

    ----------------------------------------------------------------------

==============================================================================


      Code (inc. data)   RO Data    RW Data    ZI Data      Debug   

     14942       1220       2662         76       9596     150110   Grand Totals
     14942       1220       2662         76       9596     150110   ELF Image Totals
     14942       1220       2662         76          0          0   ROM Totals

==============================================================================

    Total RO  Size (Code + RO Data)                17604 (  17.19kB)
    Total RW  Size (RW Data + ZI Data)              9672 (   9.45kB)
    Total ROM Size (Code + RO Data + RW Data)      17680 (  17.27kB)

==============================================================================

