Component: ARM Compiler 5.06 update 5 (build 528) Tool: armlink [4d35e2]

==============================================================================

Section Cross References

    main.o(i.main) refers to driver_led.o(i.ledboard_init) for ledboard_init
    main.o(i.main) refers to delay.o(i.DelayInit) for DelayInit
    main.o(i.main) refers to driver_usart.o(i.usart_config) for usart_config
    main.o(i.main) refers to driver_bluetooth.o(i.blt_config) for blt_config
    main.o(i.main) refers to driver_timer.o(i.timer2_config) for timer2_config
    main.o(i.main) refers to driver_oled.o(i.OLED_Init) for OLED_Init
    main.o(i.main) refers to driver_encoder.o(i.Encoder_Init) for Encoder_Init
    main.o(i.main) refers to iic_light.o(i.IIC_Light_Init) for IIC_Light_Init
    main.o(i.main) refers to driver_adc.o(i.ADC_DMA_MultiChannel_Init) for ADC_DMA_MultiChannel_Init
    main.o(i.main) refers to driver_oled.o(i.OLED_ShowString) for OLED_ShowString
    main.o(i.main) refers to driver_oled.o(i.OLED_Update) for OLED_Update
    main.o(i.main) refers to printfa.o(i.__0printf) for __2printf
    main.o(i.main) refers to driver_encoder.o(i.Encoder_Get) for Encoder_Get
    main.o(i.main) refers to driver_light.o(i.Light_Get) for Light_Get
    main.o(i.main) refers to driver_oled.o(i.OLED_ShowNum) for OLED_ShowNum
    main.o(i.main) refers to driver_soil.o(i.Get_Soil_humidity) for Get_Soil_humidity
    main.o(i.main) refers to driver_rain.o(i.Get_Rain_size) for Get_Rain_size
    main.o(i.main) refers to driver_bluetooth.o(i.blt_forward_from_pc) for blt_forward_from_pc
    main.o(i.main) refers to driver_bluetooth.o(i.blt_forward_to_pc) for blt_forward_to_pc
    main.o(i.main) refers to main.o(.data) for Num
    delay.o(i.DelayNms) refers to delay.o(i.DelayNus) for DelayNus
    delay.o(i.DelayNus) refers to gd32f10x_rcu.o(i.rcu_clock_freq_get) for rcu_clock_freq_get
    gd32f10x_it.o(i.SysTick_Handler) refers to systick.o(i.delay_decrement) for delay_decrement
    systick.o(i.delay_1ms) refers to systick.o(.data) for delay
    systick.o(i.delay_decrement) refers to systick.o(.data) for delay
    systick.o(i.systick_config) refers to systick.o(i.NVIC_SetPriority) for NVIC_SetPriority
    systick.o(i.systick_config) refers to system_gd32f10x.o(.data) for SystemCoreClock
    system_gd32f10x.o(i.SystemCoreClockUpdate) refers to system_gd32f10x.o(.data) for SystemCoreClock
    system_gd32f10x.o(i.SystemInit) refers to system_gd32f10x.o(i.system_clock_config) for system_clock_config
    system_gd32f10x.o(i.SystemInit) refers to gd32f10x_misc.o(i.nvic_vector_table_set) for nvic_vector_table_set
    system_gd32f10x.o(i.system_clock_config) refers to system_gd32f10x.o(i.system_clock_108m_hxtal) for system_clock_108m_hxtal
    startup_gd32f10x_md.o(RESET) refers to startup_gd32f10x_md.o(STACK) for __initial_sp
    startup_gd32f10x_md.o(RESET) refers to startup_gd32f10x_md.o(.text) for Reset_Handler
    startup_gd32f10x_md.o(RESET) refers to gd32f10x_it.o(i.NMI_Handler) for NMI_Handler
    startup_gd32f10x_md.o(RESET) refers to gd32f10x_it.o(i.HardFault_Handler) for HardFault_Handler
    startup_gd32f10x_md.o(RESET) refers to gd32f10x_it.o(i.MemManage_Handler) for MemManage_Handler
    startup_gd32f10x_md.o(RESET) refers to gd32f10x_it.o(i.BusFault_Handler) for BusFault_Handler
    startup_gd32f10x_md.o(RESET) refers to gd32f10x_it.o(i.UsageFault_Handler) for UsageFault_Handler
    startup_gd32f10x_md.o(RESET) refers to gd32f10x_it.o(i.SVC_Handler) for SVC_Handler
    startup_gd32f10x_md.o(RESET) refers to gd32f10x_it.o(i.DebugMon_Handler) for DebugMon_Handler
    startup_gd32f10x_md.o(RESET) refers to gd32f10x_it.o(i.PendSV_Handler) for PendSV_Handler
    startup_gd32f10x_md.o(RESET) refers to gd32f10x_it.o(i.SysTick_Handler) for SysTick_Handler
    startup_gd32f10x_md.o(RESET) refers to driver_encoder.o(i.EXTI0_IRQHandler) for EXTI0_IRQHandler
    startup_gd32f10x_md.o(RESET) refers to driver_encoder.o(i.EXTI1_IRQHandler) for EXTI1_IRQHandler
    startup_gd32f10x_md.o(RESET) refers to driver_timer.o(i.TIMER2_IRQHandler) for TIMER2_IRQHandler
    startup_gd32f10x_md.o(RESET) refers to driver_usart.o(i.USART0_IRQHandler) for USART0_IRQHandler
    startup_gd32f10x_md.o(RESET) refers to driver_bluetooth.o(i.USART1_IRQHandler) for USART1_IRQHandler
    startup_gd32f10x_md.o(.text) refers to system_gd32f10x.o(i.SystemInit) for SystemInit
    startup_gd32f10x_md.o(.text) refers to entry.o(.ARM.Collect$$$$00000000) for __main
    gd32f10x_adc.o(i.adc_deinit) refers to gd32f10x_rcu.o(i.rcu_periph_reset_enable) for rcu_periph_reset_enable
    gd32f10x_adc.o(i.adc_deinit) refers to gd32f10x_rcu.o(i.rcu_periph_reset_disable) for rcu_periph_reset_disable
    gd32f10x_bkp.o(i.bkp_deinit) refers to gd32f10x_rcu.o(i.rcu_bkp_reset_enable) for rcu_bkp_reset_enable
    gd32f10x_bkp.o(i.bkp_deinit) refers to gd32f10x_rcu.o(i.rcu_bkp_reset_disable) for rcu_bkp_reset_disable
[...]
    Removing driver_oled.o(i.OLED_Printf), (50 bytes).
    Removing driver_oled.o(i.OLED_Reverse), (52 bytes).
    Removing driver_oled.o(i.OLED_ReverseArea), (144 bytes).
    Removing driver_oled.o(i.OLED_ShowBinNum), (70 bytes).
    Removing driver_oled.o(i.OLED_ShowFloatNum), (210 bytes).
    Removing driver_oled.o(i.OLED_ShowHexNum), (96 bytes).
    Removing driver_oled.o(i.OLED_ShowSignedNum), (112 bytes).
    Removing driver_oled.o(i.OLED_UpdateArea), (124 bytes).
    Removing driver_oled.o(i.OLED_pnpoly), (140 bytes).
    Removing driver_encoder.o(.rev16_text), (4 bytes).
    Removing driver_encoder.o(.revsh_text), (4 bytes).
    Removing driver_light.o(.rev16_text), (4 bytes).
    Removing driver_light.o(.revsh_text), (4 bytes).
    Removing iic_light.o(.rev16_text), (4 bytes).
    Removing iic_light.o(.revsh_text), (4 bytes).
    Removing iic_light.o(i.IIC_Light_ReadData), (82 bytes).
    Removing iic_light.o(i.IIC_Light_WriteData), (78 bytes).
    Removing driver_bluetooth.o(.rev16_text), (4 bytes).
    Removing driver_bluetooth.o(.revsh_text), (4 bytes).
    Removing driver_led.o(.rev16_text), (4 bytes).
    Removing driver_led.o(.revsh_text), (4 bytes).
    Removing driver_led.o(i.led_blink), (30 bytes).
    Removing driver_timer.o(.rev16_text), (4 bytes).
    Removing driver_timer.o(.revsh_text), (4 bytes).
    Removing driver_soil.o(.rev16_text), (4 bytes).
    Removing driver_soil.o(.revsh_text), (4 bytes).
    Removing driver_rain.o(.rev16_text), (4 bytes).
    Removing driver_rain.o(.revsh_text), (4 bytes).
    Removing driver_adc.o(.rev16_text), (4 bytes).
    Removing driver_adc.o(.revsh_text), (4 bytes).
    Removing fadd.o(.text), (176 bytes).
    Removing fflti.o(.text), (18 bytes).
    Removing dflti.o(.text), (34 bytes).
    Removing dfltui.o(.text), (26 bytes).
    Removing dfixi.o(.text), (62 bytes).
    Removing dfixui.o(.text), (50 bytes).
    Removing cdcmple.o(.text), (48 bytes).
    Removing d2f.o(.text), (56 bytes).
    Removing cfcmple.o(.text), (20 bytes).
    Removing drnd.o(.text), (136 bytes).
    Removing dscalb.o(.text), (46 bytes).

603 unused section(s) (total 32860 bytes) removed from the image.

==============================================================================

Image Symbol Table

    Local Symbols

    Symbol Name                              Value     Ov Type        Size  Object(Section)

    ../clib/microlib/division.c              0x00000000   Number         0  uldiv.o ABSOLUTE
    ../clib/microlib/division.c              0x00000000   Number         0  uidiv.o ABSOLUTE
    ../clib/microlib/errno.c                 0x00000000   Number         0  errno.o ABSOLUTE
    ../clib/microlib/init/entry.s            0x00000000   Number         0  entry11a.o ABSOLUTE
    ../clib/microlib/init/entry.s            0x00000000   Number         0  entry7b.o ABSOLUTE
    ../clib/microlib/init/entry.s            0x00000000   Number         0  entry7a.o ABSOLUTE
    ../clib/microlib/init/entry.s            0x00000000   Number         0  entry10a.o ABSOLUTE
    ../clib/microlib/init/entry.s            0x00000000   Number         0  entry.o ABSOLUTE
    ../clib/microlib/init/entry.s            0x00000000   Number         0  entry10b.o ABSOLUTE
    ../clib/microlib/init/entry.s            0x00000000   Number         0  entry11b.o ABSOLUTE
    ../clib/microlib/init/entry.s            0x00000000   Number         0  entry9b.o ABSOLUTE
    ../clib/microlib/init/entry.s            0x00000000   Number         0  entry5.o ABSOLUTE
    ../clib/microlib/init/entry.s            0x00000000   Number         0  entry9a.o ABSOLUTE
    ../clib/microlib/init/entry.s            0x00000000   Number         0  entry8a.o ABSOLUTE
    ../clib/microlib/init/entry.s            0x00000000   Number         0  entry8b.o ABSOLUTE
    ../clib/microlib/init/entry.s            0x00000000   Number         0  entry2.o ABSOLUTE
    ../clib/microlib/longlong.c              0x00000000   Number         0  llsshr.o ABSOLUTE
    ../clib/microlib/longlong.c              0x00000000   Number         0  llushr.o ABSOLUTE
    ../clib/microlib/longlong.c              0x00000000   Number         0  llshl.o ABSOLUTE
    ../clib/microlib/printf/printf.c         0x00000000   Number         0  printf5.o ABSOLUTE
    ../clib/microlib/printf/printf.c         0x00000000   Number         0  printf2.o ABSOLUTE
    ../clib/microlib/printf/printf.c         0x00000000   Number         0  printf1.o ABSOLUTE
    ../clib/microlib/printf/printf.c         0x00000000   Number         0  printf0.o ABSOLUTE
    ../clib/microlib/printf/printf.c         0x00000000   Number         0  printfb.o ABSOLUTE
    ../clib/microlib/printf/printf.c         0x00000000   Number         0  printf4.o ABSOLUTE
    ../clib/microlib/printf/printf.c         0x00000000   Number         0  printf3.o ABSOLUTE
    ../clib/microlib/printf/printf.c         0x00000000   Number         0  printfa.o ABSOLUTE
    ../clib/microlib/printf/printf.c         0x00000000   Number         0  printf6.o ABSOLUTE
    ../clib/microlib/printf/printf.c         0x00000000   Number         0  printf8.o ABSOLUTE
    ../clib/microlib/printf/printf.c         0x00000000   Number         0  printf7.o ABSOLUTE
    ../clib/microlib/printf/stubs.s          0x00000000   Number         0  stubs.o ABSOLUTE
    ../clib/microlib/stdio/streams.c         0x00000000   Number         0  stdout.o ABSOLUTE
    ../clib/microlib/string/memset.c         0x00000000   Number         0  memseta.o ABSOLUTE
    ../clib/microlib/string/strcmp.c         0x00000000   Number         0  strcmp.o ABSOLUTE
    ../clib/microlib/string/strstr.c         0x00000000   Number         0  strstr.o ABSOLUTE
    ../clib/microlib/stubs.s                 0x00000000   Number         0  iusefp.o ABSOLUTE
    ../fplib/microlib/d2f.c                  0x00000000   Number         0  d2f.o ABSOLUTE
    ../fplib/microlib/fpadd.c                0x00000000   Number         0  dadd.o ABSOLUTE
    ../fplib/microlib/fpadd.c                0x00000000   Number         0  fadd.o ABSOLUTE
    ../fplib/microlib/fpdiv.c                0x00000000   Number         0  fdiv.o ABSOLUTE
    ../fplib/microlib/fpdiv.c                0x00000000   Number         0  ddiv.o ABSOLUTE
    ../fplib/microlib/fpepilogue.c           0x00000000   Number         0  depilogue.o ABSOLUTE
    ../fplib/microlib/fpepilogue.c           0x00000000   Number         0  fepilogue.o ABSOLUTE
    ../fplib/microlib/fpfix.c                0x00000000   Number         0  dfixui.o ABSOLUTE
    ../fplib/microlib/fpfix.c                0x00000000   Number         0  dfixi.o ABSOLUTE
    ../fplib/microlib/fpfix.c                0x00000000   Number         0  ffixui.o ABSOLUTE
    ../fplib/microlib/fpfix.c                0x00000000   Number         0  dfixul.o ABSOLUTE
    ../fplib/microlib/fpflt.c                0x00000000   Number         0  dflti.o ABSOLUTE
    ../fplib/microlib/fpflt.c                0x00000000   Number         0  dfltui.o ABSOLUTE
    ../fplib/microlib/fpflt.c                0x00000000   Number         0  fflti.o ABSOLUTE
    ../fplib/microlib/fpflt.c                0x00000000   Number         0  ffltui.o ABSOLUTE
    ../fplib/microlib/fpmul.c                0x00000000   Number         0  dmul.o ABSOLUTE
    ../fplib/microlib/fprnd.c                0x00000000   Number         0  drnd.o ABSOLUTE
    ../fplib/microlib/fpscalb.c              0x00000000   Number         0  dscalb.o ABSOLUTE
    ../mathlib/atan.c                        0x00000000   Number         0  atan.o ABSOLUTE
    ../mathlib/atan.c                        0x00000000   Number         0  atan_x.o ABSOLUTE
    ../mathlib/atan2.c                       0x00000000   Number         0  atan2.o ABSOLUTE
    ../mathlib/atan2.c                       0x00000000   Number         0  atan2_x.o ABSOLUTE
    ../mathlib/dunder.c                      0x00000000   Number         0  dunder.o ABSOLUTE
    ../mathlib/fpclassify.c                  0x00000000   Number         0  fpclassify.o ABSOLUTE
    ../mathlib/poly.c                        0x00000000   Number         0  poly.o ABSOLUTE
    ../mathlib/qnan.c                        0x00000000   Number         0  qnan.o ABSOLUTE
    ../mathlib/round.c                       0x00000000   Number         0  round.o ABSOLUTE
    ..\..\GD32F10x_Firmware_Library_V2.2.1\Firmware\CMSIS\GD\GD32F10x\Source\ARM\startup_gd32f10x_md.s 0x00000000   Number         0  startup_gd32f10x_md.o ABSOLUTE
    ..\Driver\driver_adc\driver_adc.c        0x00000000   Number         0  driver_adc.o ABSOLUTE
    ..\Driver\driver_bluetooth\driver_bluetooth.c 0x00000000   Number         0  driver_bluetooth.o ABSOLUTE
    ..\Driver\driver_encoder\driver_encoder.c 0x00000000   Number         0  driver_encoder.o ABSOLUTE
    ..\Driver\driver_i2c\driver_i2c.c        0x00000000   Number         0  driver_i2c.o ABSOLUTE
    ..\Driver\driver_led\driver_led.c        0x00000000   Number         0  driver_led.o ABSOLUTE
    ..\Driver\driver_light\driver_light.c    0x00000000   Number         0  driver_light.o ABSOLUTE
    ..\Driver\driver_light\iic_light.c       0x00000000   Number         0  iic_light.o ABSOLUTE
    ..\Driver\driver_oled\OLED_Data.c        0x00000000   Number         0  oled_data.o ABSOLUTE
    ..\Driver\driver_oled\driver_oled.c      0x00000000   Number         0  driver_oled.o ABSOLUTE
    ..\Driver\driver_rain\driver_rain.c      0x00000000   Number         0  driver_rain.o ABSOLUTE
    ..\Driver\driver_soil\driver_soil.c      0x00000000   Number         0  driver_soil.o ABSOLUTE
    ..\Driver\driver_timer\driver_timer.c    0x00000000   Number         0  driver_timer.o ABSOLUTE
    ..\Driver\driver_usart\driver_usart.c    0x00000000   Number         0  driver_usart.o ABSOLUTE
    ..\Libraries\CMSIS\GD\GD32F10x\Source\system_gd32f10x.c 0x00000000   Number         0  system_gd32f10x.o ABSOLUTE
    ..\Libraries\GD32F10x_standard_peripheral\Source\gd32f10x_adc.c 0x00000000   Number         0  gd32f10x_adc.o ABSOLUTE
    ..\Libraries\GD32F10x_standard_peripheral\Source\gd32f10x_bkp.c 0x00000000   Number         0  gd32f10x_bkp.o ABSOLUTE
    ..\Libraries\GD32F10x_standard_peripheral\Source\gd32f10x_can.c 0x00000000   Number         0  gd32f10x_can.o ABSOLUTE
    ..\Libraries\GD32F10x_standard_peripheral\Source\gd32f10x_crc.c 0x00000000   Number         0  gd32f10x_crc.o ABSOLUTE
    ..\Libraries\GD32F10x_standard_peripheral\Source\gd32f10x_dac.c 0x00000000   Number         0  gd32f10x_dac.o ABSOLUTE
    ..\Libraries\GD32F10x_standard_peripheral\Source\gd32f10x_dbg.c 0x00000000   Number         0  gd32f10x_dbg.o ABSOLUTE
    ..\Libraries\GD32F10x_standard_peripheral\Source\gd32f10x_dma.c 0x00000000   Number         0  gd32f10x_dma.o ABSOLUTE
    ..\Libraries\GD32F10x_standard_peripheral\Source\gd32f10x_enet.c 0x00000000   Number         0  gd32f10x_enet.o ABSOLUTE
    ..\Libraries\GD32F10x_standard_peripheral\Source\gd32f10x_exmc.c 0x00000000   Number         0  gd32f10x_exmc.o ABSOLUTE
    ..\Libraries\GD32F10x_standard_peripheral\Source\gd32f10x_exti.c 0x00000000   Number         0  gd32f10x_exti.o ABSOLUTE
    ..\Libraries\GD32F10x_standard_peripheral\Source\gd32f10x_fmc.c 0x00000000   Number         0  gd32f10x_fmc.o ABSOLUTE
    ..\Libraries\GD32F10x_standard_peripheral\Source\gd32f10x_fwdgt.c 0x00000000   Number         0  gd32f10x_fwdgt.o ABSOLUTE
    ..\Libraries\GD32F10x_standard_peripheral\Source\gd32f10x_gpio.c 0x00000000   Number         0  gd32f10x_gpio.o ABSOLUTE
    ..\Libraries\GD32F10x_standard_peripheral\Source\gd32f10x_i2c.c 0x00000000   Number         0  gd32f10x_i2c.o ABSOLUTE
    ..\Libraries\GD32F10x_standard_peripheral\Source\gd32f10x_misc.c 0x00000000   Number         0  gd32f10x_misc.o ABSOLUTE
    ..\Libraries\GD32F10x_standard_peripheral\Source\gd32f10x_pmu.c 0x00000000   Number         0  gd32f10x_pmu.o ABSOLUTE
    ..\Libraries\GD32F10x_standard_peripheral\Source\gd32f10x_rcu.c 0x00000000   Number         0  gd32f10x_rcu.o ABSOLUTE
    ..\Libraries\GD32F10x_standard_peripheral\Source\gd32f10x_rtc.c 0x00000000   Number         0  gd32f10x_rtc.o ABSOLUTE
    ..\Libraries\GD32F10x_standard_peripheral\Source\gd32f10x_sdio.c 0x00000000   Number         0  gd32f10x_sdio.o ABSOLUTE
    ..\Libraries\GD32F10x_standard_peripheral\Source\gd32f10x_spi.c 0x00000000   Number         0  gd32f10x_spi.o ABSOLUTE
    ..\Libraries\GD32F10x_standard_peripheral\Source\gd32f10x_timer.c 0x00000000   Number         0  gd32f10x_timer.o ABSOLUTE
    ..\Libraries\GD32F10x_standard_peripheral\Source\gd32f10x_usart.c 0x00000000   Number         0  gd32f10x_usart.o ABSOLUTE
    ..\Libraries\GD32F10x_standard_peripheral\Source\gd32f10x_wwdgt.c 0x00000000   Number         0  gd32f10x_wwdgt.o ABSOLUTE
    ..\User\delay.c                          0x00000000   Number         0  delay.o ABSOLUTE
    ..\User\gd32f10x_it.c                    0x00000000   Number         0  gd32f10x_it.o ABSOLUTE
    ..\User\main.c                           0x00000000   Number         0  main.o ABSOLUTE
    ..\User\systick.c                        0x00000000   Number         0  systick.o ABSOLUTE
    ..\\Driver\\driver_adc\\driver_adc.c     0x00000000   Number         0  driver_adc.o ABSOLUTE
    ..\\Driver\\driver_bluetooth\\driver_bluetooth.c 0x00000000   Number         0  driver_bluetooth.o ABSOLUTE
    ..\\Driver\\driver_encoder\\driver_encoder.c 0x00000000   Number         0  driver_encoder.o ABSOLUTE
    ..\\Driver\\driver_i2c\\driver_i2c.c     0x00000000   Number         0  driver_i2c.o ABSOLUTE
    ..\\Driver\\driver_led\\driver_led.c     0x00000000   Number         0  driver_led.o ABSOLUTE
    ..\\Driver\\driver_light\\driver_light.c 0x00000000   Number         0  driver_light.o ABSOLUTE
    ..\\Driver\\driver_light\\iic_light.c    0x00000000   Number         0  iic_light.o ABSOLUTE
    ..\\Driver\\driver_oled\\driver_oled.c   0x00000000   Number         0  driver_oled.o ABSOLUTE
    ..\\Driver\\driver_rain\\driver_rain.c   0x00000000   Number         0  driver_rain.o ABSOLUTE
    ..\\Driver\\driver_soil\\driver_soil.c   0x00000000   Number         0  driver_soil.o ABSOLUTE
    ..\\Driver\\driver_timer\\driver_timer.c 0x00000000   Number         0  driver_timer.o ABSOLUTE
    ..\\Driver\\driver_usart\\driver_usart.c 0x00000000   Number         0  driver_usart.o ABSOLUTE
    ..\\Libraries\\CMSIS\\GD\\GD32F10x\\Source\\system_gd32f10x.c 0x00000000   Number         0  system_gd32f10x.o ABSOLUTE
    ..\\Libraries\\GD32F10x_standard_peripheral\\Source\\gd32f10x_adc.c 0x00000000   Number         0  gd32f10x_adc.o ABSOLUTE
    ..\\Libraries\\GD32F10x_standard_peripheral\\Source\\gd32f10x_bkp.c 0x00000000   Number         0  gd32f10x_bkp.o ABSOLUTE
    ..\\Libraries\\GD32F10x_standard_peripheral\\Source\\gd32f10x_can.c 0x00000000   Number         0  gd32f10x_can.o ABSOLUTE
    ..\\Libraries\\GD32F10x_standard_peripheral\\Source\\gd32f10x_crc.c 0x00000000   Number         0  gd32f10x_crc.o ABSOLUTE
    ..\\Libraries\\GD32F10x_standard_peripheral\\Source\\gd32f10x_dac.c 0x00000000   Number         0  gd32f10x_dac.o ABSOLUTE
    ..\\Libraries\\GD32F10x_standard_peripheral\\Source\\gd32f10x_dbg.c 0x00000000   Number         0  gd32f10x_dbg.o ABSOLUTE
    ..\\Libraries\\GD32F10x_standard_peripheral\\Source\\gd32f10x_dma.c 0x00000000   Number         0  gd32f10x_dma.o ABSOLUTE
    ..\\Libraries\\GD32F10x_standard_peripheral\\Source\\gd32f10x_enet.c 0x00000000   Number         0  gd32f10x_enet.o ABSOLUTE
    ..\\Libraries\\GD32F10x_standard_peripheral\\Source\\gd32f10x_exmc.c 0x00000000   Number         0  gd32f10x_exmc.o ABSOLUTE
    ..\\Libraries\\GD32F10x_standard_peripheral\\Source\\gd32f10x_exti.c 0x00000000   Number         0  gd32f10x_exti.o ABSOLUTE
    ..\\Libraries\\GD32F10x_standard_peripheral\\Source\\gd32f10x_fmc.c 0x00000000   Number         0  gd32f10x_fmc.o ABSOLUTE
    ..\\Libraries\\GD32F10x_standard_peripheral\\Source\\gd32f10x_fwdgt.c 0x00000000   Number         0  gd32f10x_fwdgt.o ABSOLUTE
    ..\\Libraries\\GD32F10x_standard_peripheral\\Source\\gd32f10x_gpio.c 0x00000000   Number         0  gd32f10x_gpio.o ABSOLUTE
    ..\\Libraries\\GD32F10x_standard_peripheral\\Source\\gd32f10x_i2c.c 0x00000000   Number         0  gd32f10x_i2c.o ABSOLUTE
    ..\\Libraries\\GD32F10x_standard_peripheral\\Source\\gd32f10x_misc.c 0x00000000   Number         0  gd32f10x_misc.o ABSOLUTE
    ..\\Libraries\\GD32F10x_standard_peripheral\\Source\\gd32f10x_pmu.c 0x00000000   Number         0  gd32f10x_pmu.o ABSOLUTE
    ..\\Libraries\\GD32F10x_standard_peripheral\\Source\\gd32f10x_rcu.c 0x00000000   Number         0  gd32f10x_rcu.o ABSOLUTE
    ..\\Libraries\\GD32F10x_standard_peripheral\\Source\\gd32f10x_rtc.c 0x00000000   Number         0  gd32f10x_rtc.o ABSOLUTE
    ..\\Libraries\\GD32F10x_standard_peripheral\\Source\\gd32f10x_sdio.c 0x00000000   Number         0  gd32f10x_sdio.o ABSOLUTE
    ..\\Libraries\\GD32F10x_standard_peripheral\\Source\\gd32f10x_spi.c 0x00000000   Number         0  gd32f10x_spi.o ABSOLUTE
    ..\\Libraries\\GD32F10x_standard_peripheral\\Source\\gd32f10x_timer.c 0x00000000   Number         0  gd32f10x_timer.o ABSOLUTE
    ..\\Libraries\\GD32F10x_standard_peripheral\\Source\\gd32f10x_usart.c 0x00000000   Number         0  gd32f10x_usart.o ABSOLUTE
    ..\\Libraries\\GD32F10x_standard_peripheral\\Source\\gd32f10x_wwdgt.c 0x00000000   Number         0  gd32f10x_wwdgt.o ABSOLUTE
    ..\\User\\delay.c                        0x00000000   Number         0  delay.o ABSOLUTE
    ..\\User\\gd32f10x_it.c                  0x00000000   Number         0  gd32f10x_it.o ABSOLUTE
    ..\\User\\main.c                         0x00000000   Number         0  main.o ABSOLUTE
    ..\\User\\systick.c                      0x00000000   Number         0  systick.o ABSOLUTE
    cdcmple.s                                0x00000000   Number         0  cdcmple.o ABSOLUTE
    cdrcmple.s                               0x00000000   Number         0  cdrcmple.o ABSOLUTE
    cfcmple.s                                0x00000000   Number         0  cfcmple.o ABSOLUTE
    dc.s                                     0x00000000   Number         0  dc.o ABSOLUTE
    handlers.s                               0x00000000   Number         0  handlers.o ABSOLUTE
    init.s                                   0x00000000   Number         0  init.o ABSOLUTE
    RESET                                    0x08000000   Section      260  startup_gd32f10x_md.o(RESET)
    .ARM.Collect$$$$00000000                 0x08000104   Section        0  entry.o(.ARM.Collect$$$$00000000)
    .ARM.Collect$$$$00000001                 0x08000104   Section        4  entry2.o(.ARM.Collect$$$$00000001)
    .ARM.Collect$$$$00000004                 0x08000108   Section        4  entry5.o(.ARM.Collect$$$$00000004)
    .ARM.Collect$$$$00000008                 0x0800010c   Section        0  entry7b.o(.ARM.Collect$$$$00000008)
    .ARM.Collect$$$$0000000A                 0x0800010c   Section        0  entry8b.o(.ARM.Collect$$$$0000000A)
    .ARM.Collect$$$$0000000B                 0x0800010c   Section        8  entry9a.o(.ARM.Collect$$$$0000000B)
    .ARM.Collect$$$$0000000D                 0x08000114   Section        0  entry10a.o(.ARM.Collect$$$$0000000D)
    .ARM.Collect$$$$0000000F                 0x08000114   Section        0  entry11a.o(.ARM.Collect$$$$0000000F)
    .ARM.Collect$$$$00002712                 0x08000114   Section        4  entry2.o(.ARM.Collect$$$$00002712)
    __lit__00000000                          0x08000114   Data           4  entry2.o(.ARM.Collect$$$$00002712)
    .text                                    0x08000118   Section       36  startup_gd32f10x_md.o(.text)
    .text                                    0x0800013c   Section        0  memseta.o(.text)
    .text                                    0x08000160   Section        0  strstr.o(.text)
    .text                                    0x08000184   Section        0  strcmp.o(.text)
    .text                                    0x080001a0   Section        0  fdiv.o(.text)
    .text                                    0x0800021c   Section        0  dadd.o(.text)
    .text                                    0x0800036a   Section        0  dmul.o(.text)
    .text                                    0x0800044e   Section        0  ddiv.o(.text)
    .text                                    0x0800052c   Section        0  ffltui.o(.text)
    .text                                    0x08000536   Section        0  ffixui.o(.text)
    .text                                    0x08000560   Section       48  cdrcmple.o(.text)
    .text                                    0x08000590   Section        0  uidiv.o(.text)
    .text                                    0x080005bc   Section        0  uldiv.o(.text)
    .text                                    0x0800061e   Section        0  llshl.o(.text)
    .text                                    0x0800063c   Section        0  llushr.o(.text)
    .text                                    0x0800065c   Section        0  llsshr.o(.text)
    .text                                    0x08000680   Section        0  iusefp.o(.text)
    .text                                    0x08000680   Section        0  fepilogue.o(.text)
    .text                                    0x080006ee   Section        0  depilogue.o(.text)
    .text                                    0x080007a8   Section        0  dfixul.o(.text)
    .text                                    0x080007d8   Section       36  init.o(.text)
    i.ADC_DMA_MultiChannel_Init              0x080007fc   Section        0  driver_adc.o(i.ADC_DMA_MultiChannel_Init)
    i.BusFault_Handler                       0x08000924   Section        0  gd32f10x_it.o(i.BusFault_Handler)
    i.DebugMon_Handler                       0x08000928   Section        0  gd32f10x_it.o(i.DebugMon_Handler)
    i.DelayInit                              0x0800092c   Section        0  delay.o(i.DelayInit)
    i.DelayNms                               0x08000968   Section        0  delay.o(i.DelayNms)
    i.DelayNus                               0x08000980   Section        0  delay.o(i.DelayNus)
    i.EXTI0_IRQHandler                       0x080009dc   Section        0  driver_encoder.o(i.EXTI0_IRQHandler)
    i.EXTI1_IRQHandler                       0x08000a18   Section        0  driver_encoder.o(i.EXTI1_IRQHandler)
    i.Encoder_Get                            0x08000a54   Section        0  driver_encoder.o(i.Encoder_Get)
    i.Encoder_Init                           0x08000a68   Section        0  driver_encoder.o(i.Encoder_Init)
    i.Get_Rain_Raw                           0x08000ad8   Section        0  driver_rain.o(i.Get_Rain_Raw)
    i.Get_Rain_size                          0x08000ae4   Section        0  driver_rain.o(i.Get_Rain_size)
    i.Get_Soil_Raw                           0x08000b04   Section        0  driver_soil.o(i.Get_Soil_Raw)
    i.Get_Soil_humidity                      0x08000b10   Section        0  driver_soil.o(i.Get_Soil_humidity)
    i.HardFault_Handler                      0x08000b46   Section        0  gd32f10x_it.o(i.HardFault_Handler)
    i.IIC_GpioInit                           0x08000b4c   Section        0  driver_i2c.o(i.IIC_GpioInit)
    IIC_GpioInit                             0x08000b4d   Thumb Code    40  driver_i2c.o(i.IIC_GpioInit)
    i.IIC_Init                               0x08000b78   Section        0  driver_i2c.o(i.IIC_Init)
    i.IIC_Light_GpioInit                     0x08000b80   Section        0  iic_light.o(i.IIC_Light_GpioInit)
    IIC_Light_GpioInit                       0x08000b81   Thumb Code    40  iic_light.o(i.IIC_Light_GpioInit)
    i.IIC_Light_Init                         0x08000bac   Section        0  iic_light.o(i.IIC_Light_Init)
    i.IIC_Light_ReadByte                     0x08000bb4   Section        0  iic_light.o(i.IIC_Light_ReadByte)
    i.IIC_Light_SendAck                      0x08000c14   Section        0  iic_light.o(i.IIC_Light_SendAck)
    i.IIC_Light_SendByte                     0x08000c5c   Section        0  iic_light.o(i.IIC_Light_SendByte)
    i.IIC_Light_SendNack                     0x08000cbc   Section        0  iic_light.o(i.IIC_Light_SendNack)
    i.IIC_Light_Start                        0x08000cfc   Section        0  iic_light.o(i.IIC_Light_Start)
    i.IIC_Light_Stop                         0x08000d44   Section        0  iic_light.o(i.IIC_Light_Stop)
    i.IIC_Light_WaitAck                      0x08000d84   Section        0  iic_light.o(i.IIC_Light_WaitAck)
    i.IIC_Start                              0x08000de4   Section        0  driver_i2c.o(i.IIC_Start)
    i.IIC_Stop                               0x08000e2c   Section        0  driver_i2c.o(i.IIC_Stop)
    i.Light_Get                              0x08000e6c   Section        0  driver_light.o(i.Light_Get)
    i.MemManage_Handler                      0x08000f08   Section        0  gd32f10x_it.o(i.MemManage_Handler)
    i.NMI_Handler                            0x08000f0c   Section        0  gd32f10x_it.o(i.NMI_Handler)
    i.OLED_Clear                             0x08000f10   Section        0  driver_oled.o(i.OLED_Clear)
    i.OLED_ClearArea                         0x08000f38   Section        0  driver_oled.o(i.OLED_ClearArea)
    i.OLED_I2C_SendByte                      0x08000fc8   Section        0  driver_oled.o(i.OLED_I2C_SendByte)
    i.OLED_Init                              0x0800105c   Section        0  driver_oled.o(i.OLED_Init)
    i.OLED_Pow                               0x080010f6   Section        0  driver_oled.o(i.OLED_Pow)
    i.OLED_SetCursor                         0x0800110a   Section        0  driver_oled.o(i.OLED_SetCursor)
    i.OLED_ShowChar                          0x0800112c   Section        0  driver_oled.o(i.OLED_ShowChar)
    i.OLED_ShowImage                         0x08001180   Section        0  driver_oled.o(i.OLED_ShowImage)
    i.OLED_ShowNum                           0x0800127c   Section        0  driver_oled.o(i.OLED_ShowNum)
    i.OLED_ShowString                        0x080012c8   Section        0  driver_oled.o(i.OLED_ShowString)
    i.OLED_Update                            0x080013d8   Section        0  driver_oled.o(i.OLED_Update)
    i.OLED_WriteCommand                      0x08001400   Section        0  driver_oled.o(i.OLED_WriteCommand)
    i.OLED_WriteData                         0x08001420   Section        0  driver_oled.o(i.OLED_WriteData)
    i.PendSV_Handler                         0x0800144e   Section        0  gd32f10x_it.o(i.PendSV_Handler)
    i.SVC_Handler                            0x08001450   Section        0  gd32f10x_it.o(i.SVC_Handler)
    i.SysTick_Handler                        0x08001452   Section        0  gd32f10x_it.o(i.SysTick_Handler)
    i.SystemInit                             0x0800145c   Section        0  system_gd32f10x.o(i.SystemInit)
    i.TIMER2_IRQHandler                      0x080014e0   Section        0  driver_timer.o(i.TIMER2_IRQHandler)
    i.USART0_IRQHandler                      0x0800150c   Section        0  driver_usart.o(i.USART0_IRQHandler)
    i.USART1_IRQHandler                      0x08001578   Section        0  driver_bluetooth.o(i.USART1_IRQHandler)
    i.UsageFault_Handler                     0x080015f8   Section        0  gd32f10x_it.o(i.UsageFault_Handler)
    i.__0printf                              0x080015fc   Section        0  printfa.o(i.__0printf)
    i.__scatterload_copy                     0x0800161c   Section       14  handlers.o(i.__scatterload_copy)
    i.__scatterload_null                     0x0800162a   Section        2  handlers.o(i.__scatterload_null)
    i.__scatterload_zeroinit                 0x0800162c   Section       14  handlers.o(i.__scatterload_zeroinit)
    i._fp_digits                             0x0800163c   Section        0  printfa.o(i._fp_digits)
    _fp_digits                               0x0800163d   Thumb Code   366  printfa.o(i._fp_digits)
    i._printf_core                           0x080017c0   Section        0  printfa.o(i._printf_core)
    _printf_core                             0x080017c1   Thumb Code  1744  printfa.o(i._printf_core)
    i._printf_post_padding                   0x08001e9c   Section        0  printfa.o(i._printf_post_padding)
    _printf_post_padding                     0x08001e9d   Thumb Code    36  printfa.o(i._printf_post_padding)
    i._printf_pre_padding                    0x08001ec0   Section        0  printfa.o(i._printf_pre_padding)
    _printf_pre_padding                      0x08001ec1   Thumb Code    46  printfa.o(i._printf_pre_padding)
    i.adc_calibration_enable                 0x08001eee   Section        0  gd32f10x_adc.o(i.adc_calibration_enable)
    i.adc_channel_length_config              0x08001f18   Section        0  gd32f10x_adc.o(i.adc_channel_length_config)
    i.adc_data_alignment_config              0x08001f5e   Section        0  gd32f10x_adc.o(i.adc_data_alignment_config)
    i.adc_deinit                             0x08001f74   Section        0  gd32f10x_adc.o(i.adc_deinit)
    i.adc_dma_mode_enable                    0x08001fcc   Section        0  gd32f10x_adc.o(i.adc_dma_mode_enable)
    i.adc_enable                             0x08001fd6   Section        0  gd32f10x_adc.o(i.adc_enable)
    i.adc_external_trigger_config            0x08001fe8   Section        0  gd32f10x_adc.o(i.adc_external_trigger_config)
    i.adc_external_trigger_source_config     0x08002026   Section        0  gd32f10x_adc.o(i.adc_external_trigger_source_config)
    i.adc_mode_config                        0x08002058   Section        0  gd32f10x_adc.o(i.adc_mode_config)
    i.adc_regular_channel_config             0x08002074   Section        0  gd32f10x_adc.o(i.adc_regular_channel_config)
    i.adc_software_trigger_enable            0x08002120   Section        0  gd32f10x_adc.o(i.adc_software_trigger_enable)
    i.adc_special_function_config            0x0800213e   Section        0  gd32f10x_adc.o(i.adc_special_function_config)
    i.blt_config                             0x08002198   Section        0  driver_bluetooth.o(i.blt_config)
    i.blt_forward_from_pc                    0x08002230   Section        0  driver_bluetooth.o(i.blt_forward_from_pc)
    i.blt_forward_to_pc                      0x08002314   Section        0  driver_bluetooth.o(i.blt_forward_to_pc)
    i.blt_led_control                        0x080023a0   Section        0  driver_bluetooth.o(i.blt_led_control)
    i.blt_send_byte                          0x08002604   Section        0  driver_bluetooth.o(i.blt_send_byte)
    i.blt_send_string                        0x08002624   Section        0  driver_bluetooth.o(i.blt_send_string)
    i.delay_decrement                        0x0800264c   Section        0  systick.o(i.delay_decrement)
    i.dma_channel_enable                     0x08002664   Section        0  gd32f10x_dma.o(i.dma_channel_enable)
    i.dma_circulation_enable                 0x08002696   Section        0  gd32f10x_dma.o(i.dma_circulation_enable)
    i.dma_deinit                             0x080026c8   Section        0  gd32f10x_dma.o(i.dma_deinit)
    i.dma_init                               0x08002738   Section        0  gd32f10x_dma.o(i.dma_init)
    i.dma_periph_and_channel_check           0x08002868   Section        0  gd32f10x_dma.o(i.dma_periph_and_channel_check)
    dma_periph_and_channel_check             0x08002869   Thumb Code    18  gd32f10x_dma.o(i.dma_periph_and_channel_check)
    i.exti_init                              0x08002880   Section        0  gd32f10x_exti.o(i.exti_init)
    i.exti_interrupt_flag_clear              0x0800293c   Section        0  gd32f10x_exti.o(i.exti_interrupt_flag_clear)
    i.exti_interrupt_flag_get                0x08002948   Section        0  gd32f10x_exti.o(i.exti_interrupt_flag_get)
    i.fputc                                  0x08002960   Section        0  driver_usart.o(i.fputc)
    i.gpio_bit_reset                         0x08002984   Section        0  gd32f10x_gpio.o(i.gpio_bit_reset)
    i.gpio_bit_set                           0x08002988   Section        0  gd32f10x_gpio.o(i.gpio_bit_set)
    i.gpio_bit_write                         0x0800298c   Section        0  gd32f10x_gpio.o(i.gpio_bit_write)
    i.gpio_exti_source_select                0x08002998   Section        0  gd32f10x_gpio.o(i.gpio_exti_source_select)
    i.gpio_init                              0x08002a30   Section        0  gd32f10x_gpio.o(i.gpio_init)
    i.gpio_input_bit_get                     0x08002adc   Section        0  gd32f10x_gpio.o(i.gpio_input_bit_get)
    i.led_toggle                             0x08002aec   Section        0  driver_led.o(i.led_toggle)
    i.ledboard_init                          0x08002b10   Section        0  driver_led.o(i.ledboard_init)
    i.ledstate_set                           0x08002b30   Section        0  driver_led.o(i.ledstate_set)
    i.main                                   0x08002b54   Section        0  main.o(i.main)
    i.nvic_irq_enable                        0x08002c58   Section        0  gd32f10x_misc.o(i.nvic_irq_enable)
    i.nvic_priority_group_set                0x08002d04   Section        0  gd32f10x_misc.o(i.nvic_priority_group_set)
    i.nvic_vector_table_set                  0x08002d18   Section        0  gd32f10x_misc.o(i.nvic_vector_table_set)
    i.rcu_adc_clock_config                   0x08002d2c   Section        0  gd32f10x_rcu.o(i.rcu_adc_clock_config)
    i.rcu_clock_freq_get                     0x08002d74   Section        0  gd32f10x_rcu.o(i.rcu_clock_freq_get)
    i.rcu_periph_clock_enable                0x08002e98   Section        0  gd32f10x_rcu.o(i.rcu_periph_clock_enable)
    i.rcu_periph_reset_disable               0x08002eb8   Section        0  gd32f10x_rcu.o(i.rcu_periph_reset_disable)
    i.rcu_periph_reset_enable                0x08002ed8   Section        0  gd32f10x_rcu.o(i.rcu_periph_reset_enable)
    i.system_clock_108m_hxtal                0x08002ef8   Section        0  system_gd32f10x.o(i.system_clock_108m_hxtal)
    system_clock_108m_hxtal                  0x08002ef9   Thumb Code   182  system_gd32f10x.o(i.system_clock_108m_hxtal)
    i.system_clock_config                    0x08002fbc   Section        0  system_gd32f10x.o(i.system_clock_config)
    system_clock_config                      0x08002fbd   Thumb Code     8  system_gd32f10x.o(i.system_clock_config)
    i.timer2_config                          0x08002fc4   Section        0  driver_timer.o(i.timer2_config)
    i.timer_deinit                           0x08003018   Section        0  gd32f10x_timer.o(i.timer_deinit)
    i.timer_enable                           0x080030f4   Section        0  gd32f10x_timer.o(i.timer_enable)
    i.timer_init                             0x08003100   Section        0  gd32f10x_timer.o(i.timer_init)
    i.timer_interrupt_enable                 0x080031e0   Section        0  gd32f10x_timer.o(i.timer_interrupt_enable)
    i.timer_interrupt_flag_clear             0x080031e8   Section        0  gd32f10x_timer.o(i.timer_interrupt_flag_clear)
    i.timer_interrupt_flag_get               0x080031ee   Section        0  gd32f10x_timer.o(i.timer_interrupt_flag_get)
    i.uart_send_string                       0x08003206   Section        0  driver_usart.o(i.uart_send_string)
    i.usart_baudrate_set                     0x0800323c   Section        0  gd32f10x_usart.o(i.usart_baudrate_set)
    i.usart_config                           0x080032cc   Section        0  driver_usart.o(i.usart_config)
    i.usart_data_receive                     0x08003368   Section        0  gd32f10x_usart.o(i.usart_data_receive)
    i.usart_data_transmit                    0x08003372   Section        0  gd32f10x_usart.o(i.usart_data_transmit)
    i.usart_deinit                           0x0800337c   Section        0  gd32f10x_usart.o(i.usart_deinit)
    i.usart_enable                           0x0800340c   Section        0  gd32f10x_usart.o(i.usart_enable)
    i.usart_flag_get                         0x08003416   Section        0  gd32f10x_usart.o(i.usart_flag_get)
    i.usart_hardware_flow_cts_config         0x08003434   Section        0  gd32f10x_usart.o(i.usart_hardware_flow_cts_config)
    i.usart_hardware_flow_rts_config         0x08003444   Section        0  gd32f10x_usart.o(i.usart_hardware_flow_rts_config)
    i.usart_interrupt_enable                 0x08003454   Section        0  gd32f10x_usart.o(i.usart_interrupt_enable)
    i.usart_interrupt_flag_get               0x0800346e   Section        0  gd32f10x_usart.o(i.usart_interrupt_flag_get)
    i.usart_parity_config                    0x080034a6   Section        0  gd32f10x_usart.o(i.usart_parity_config)
    i.usart_receive_config                   0x080034b6   Section        0  gd32f10x_usart.o(i.usart_receive_config)
    i.usart_stop_bit_set                     0x080034c6   Section        0  gd32f10x_usart.o(i.usart_stop_bit_set)
    i.usart_transmit_config                  0x080034d6   Section        0  gd32f10x_usart.o(i.usart_transmit_config)
    i.usart_word_length_set                  0x080034e6   Section        0  gd32f10x_usart.o(i.usart_word_length_set)
    .constdata                               0x080034f6   Section     2367  oled_data.o(.constdata)
    .data                                    0x20000000   Section        7  main.o(.data)
    .data                                    0x20000008   Section        4  systick.o(.data)
    delay                                    0x20000008   Data           4  systick.o(.data)
    .data                                    0x2000000c   Section        3  driver_usart.o(.data)
    .data                                    0x20000010   Section        2  driver_encoder.o(.data)
    .data                                    0x20000012   Section        4  driver_bluetooth.o(.data)
    .data                                    0x20000016   Section        4  driver_adc.o(.data)
    .data                                    0x2000001c   Section        4  stdout.o(.data)
    .bss                                     0x20000020   Section      128  driver_usart.o(.bss)
    .bss                                     0x200000a0   Section     1024  driver_oled.o(.bss)
    .bss                                     0x200004a0   Section      128  driver_bluetooth.o(.bss)
    STACK                                    0x20000520   Section     8192  startup_gd32f10x_md.o(STACK)

    Global Symbols

    Symbol Name                              Value     Ov Type        Size  Object(Section)

    BuildAttributes$$THM_ISAv4$P$D$K$B$S$PE$A:L22UL41UL21$X:L11$S22US41US21$IEEE1$IW$USESV6$~STKCKD$USESV7$~SHL$OTIME$ROPI$IEEEX$EBA8$MICROLIB$REQ8$PRES8$EABIv2 0x00000000   Number         0  anon$$obj.o ABSOLUTE
    __ARM_use_no_argv                        0x00000000   Number         0  main.o ABSOLUTE
    _printf_a                                0x00000000   Number         0  stubs.o ABSOLUTE
    _printf_c                                0x00000000   Number         0  stubs.o ABSOLUTE
    _printf_charcount                        0x00000000   Number         0  stubs.o ABSOLUTE
    _printf_d                                0x00000000   Number         0  stubs.o ABSOLUTE
    _printf_e                                0x00000000   Number         0  stubs.o ABSOLUTE
    _printf_f                                0x00000000   Number         0  stubs.o ABSOLUTE
    _printf_flags                            0x00000000   Number         0  stubs.o ABSOLUTE
    _printf_fp_dec                           0x00000000   Number         0  stubs.o ABSOLUTE
    _printf_fp_hex                           0x00000000   Number         0  stubs.o ABSOLUTE
    _printf_g                                0x00000000   Number         0  stubs.o ABSOLUTE
    _printf_i                                0x00000000   Number         0  stubs.o ABSOLUTE
    _printf_int_dec                          0x00000000   Number         0  stubs.o ABSOLUTE
    _printf_l                                0x00000000   Number         0  stubs.o ABSOLUTE
    _printf_lc                               0x00000000   Number         0  stubs.o ABSOLUTE
    _printf_ll                               0x00000000   Number         0  stubs.o ABSOLUTE
    _printf_lld                              0x00000000   Number         0  stubs.o ABSOLUTE
    _printf_lli                              0x00000000   Number         0  stubs.o ABSOLUTE
    _printf_llo                              0x00000000   Number         0  stubs.o ABSOLUTE
    _printf_llu                              0x00000000   Number         0  stubs.o ABSOLUTE
    _printf_llx                              0x00000000   Number         0  stubs.o ABSOLUTE
    _printf_longlong_dec                     0x00000000   Number         0  stubs.o ABSOLUTE
    _printf_longlong_hex                     0x00000000   Number         0  stubs.o ABSOLUTE
    _printf_longlong_oct                     0x00000000   Number         0  stubs.o ABSOLUTE
    _printf_ls                               0x00000000   Number         0  stubs.o ABSOLUTE
    _printf_mbtowc                           0x00000000   Number         0  stubs.o ABSOLUTE
    _printf_n                                0x00000000   Number         0  stubs.o ABSOLUTE
    _printf_o                                0x00000000   Number         0  stubs.o ABSOLUTE
    _printf_p                                0x00000000   Number         0  stubs.o ABSOLUTE
    _printf_percent                          0x00000000   Number         0  stubs.o ABSOLUTE
    _printf_pre_padding                      0x00000000   Number         0  stubs.o ABSOLUTE
    _printf_return_value                     0x00000000   Number         0  stubs.o ABSOLUTE
    _printf_s                                0x00000000   Number         0  stubs.o ABSOLUTE
    _printf_sizespec                         0x00000000   Number         0  stubs.o ABSOLUTE
    _printf_str                              0x00000000   Number         0  stubs.o ABSOLUTE
    _printf_truncate_signed                  0x00000000   Number         0  stubs.o ABSOLUTE
    _printf_truncate_unsigned                0x00000000   Number         0  stubs.o ABSOLUTE
    _printf_u                                0x00000000   Number         0  stubs.o ABSOLUTE
    _printf_wc                               0x00000000   Number         0  stubs.o ABSOLUTE
    _printf_wctomb                           0x00000000   Number         0  stubs.o ABSOLUTE
    _printf_widthprec                        0x00000000   Number         0  stubs.o ABSOLUTE
    _printf_x                                0x00000000   Number         0  stubs.o ABSOLUTE
    __cpp_initialize__aeabi_                  - Undefined Weak Reference
    __cxa_finalize                            - Undefined Weak Reference
    __decompress                              - Undefined Weak Reference
    _clock_init                               - Undefined Weak Reference
    _microlib_exit                            - Undefined Weak Reference
    __Vectors_Size                           0x00000104   Number         0  startup_gd32f10x_md.o ABSOLUTE
    __Vectors                                0x08000000   Data           4  startup_gd32f10x_md.o(RESET)
    __Vectors_End                            0x08000104   Data           0  startup_gd32f10x_md.o(RESET)
    __main                                   0x08000105   Thumb Code     0  entry.o(.ARM.Collect$$$$00000000)
    _main_stk                                0x08000105   Thumb Code     0  entry2.o(.ARM.Collect$$$$00000001)
    _main_scatterload                        0x08000109   Thumb Code     0  entry5.o(.ARM.Collect$$$$00000004)
    __main_after_scatterload                 0x0800010d   Thumb Code     0  entry5.o(.ARM.Collect$$$$00000004)
    _main_clock                              0x0800010d   Thumb Code     0  entry7b.o(.ARM.Collect$$$$00000008)
    _main_cpp_init                           0x0800010d   Thumb Code     0  entry8b.o(.ARM.Collect$$$$0000000A)
    _main_init                               0x0800010d   Thumb Code     0  entry9a.o(.ARM.Collect$$$$0000000B)
    __rt_final_cpp                           0x08000115   Thumb Code     0  entry10a.o(.ARM.Collect$$$$0000000D)
    __rt_final_exit                          0x08000115   Thumb Code     0  entry11a.o(.ARM.Collect$$$$0000000F)
    Reset_Handler                            0x08000119   Thumb Code     8  startup_gd32f10x_md.o(.text)
    ADC0_1_IRQHandler                        0x08000133   Thumb Code     0  startup_gd32f10x_md.o(.text)
    CAN0_EWMC_IRQHandler                     0x08000133   Thumb Code     0  startup_gd32f10x_md.o(.text)
    CAN0_RX1_IRQHandler                      0x08000133   Thumb Code     0  startup_gd32f10x_md.o(.text)
    DMA0_Channel0_IRQHandler                 0x08000133   Thumb Code     0  startup_gd32f10x_md.o(.text)
    DMA0_Channel1_IRQHandler                 0x08000133   Thumb Code     0  startup_gd32f10x_md.o(.text)
    DMA0_Channel2_IRQHandler                 0x08000133   Thumb Code     0  startup_gd32f10x_md.o(.text)
    DMA0_Channel3_IRQHandler                 0x08000133   Thumb Code     0  startup_gd32f10x_md.o(.text)
    DMA0_Channel4_IRQHandler                 0x08000133   Thumb Code     0  startup_gd32f10x_md.o(.text)
    DMA0_Channel5_IRQHandler                 0x08000133   Thumb Code     0  startup_gd32f10x_md.o(.text)
    DMA0_Channel6_IRQHandler                 0x08000133   Thumb Code     0  startup_gd32f10x_md.o(.text)
    EXMC_IRQHandler                          0x08000133   Thumb Code     0  startup_gd32f10x_md.o(.text)
    EXTI10_15_IRQHandler                     0x08000133   Thumb Code     0  startup_gd32f10x_md.o(.text)
    EXTI2_IRQHandler                         0x08000133   Thumb Code     0  startup_gd32f10x_md.o(.text)
    EXTI3_IRQHandler                         0x08000133   Thumb Code     0  startup_gd32f10x_md.o(.text)
    EXTI4_IRQHandler                         0x08000133   Thumb Code     0  startup_gd32f10x_md.o(.text)
    EXTI5_9_IRQHandler                       0x08000133   Thumb Code     0  startup_gd32f10x_md.o(.text)
    FMC_IRQHandler                           0x08000133   Thumb Code     0  startup_gd32f10x_md.o(.text)
    I2C0_ER_IRQHandler                       0x08000133   Thumb Code     0  startup_gd32f10x_md.o(.text)
    I2C0_EV_IRQHandler                       0x08000133   Thumb Code     0  startup_gd32f10x_md.o(.text)
    I2C1_ER_IRQHandler                       0x08000133   Thumb Code     0  startup_gd32f10x_md.o(.text)
    I2C1_EV_IRQHandler                       0x08000133   Thumb Code     0  startup_gd32f10x_md.o(.text)
    LVD_IRQHandler                           0x08000133   Thumb Code     0  startup_gd32f10x_md.o(.text)
    RCU_IRQHandler                           0x08000133   Thumb Code     0  startup_gd32f10x_md.o(.text)
    RTC_Alarm_IRQHandler                     0x08000133   Thumb Code     0  startup_gd32f10x_md.o(.text)
    RTC_IRQHandler                           0x08000133   Thumb Code     0  startup_gd32f10x_md.o(.text)
    SPI0_IRQHandler                          0x08000133   Thumb Code     0  startup_gd32f10x_md.o(.text)
    SPI1_IRQHandler                          0x08000133   Thumb Code     0  startup_gd32f10x_md.o(.text)
    TAMPER_IRQHandler                        0x08000133   Thumb Code     0  startup_gd32f10x_md.o(.text)
    TIMER0_BRK_IRQHandler                    0x08000133   Thumb Code     0  startup_gd32f10x_md.o(.text)
    TIMER0_Channel_IRQHandler                0x08000133   Thumb Code     0  startup_gd32f10x_md.o(.text)
    TIMER0_TRG_CMT_IRQHandler                0x08000133   Thumb Code     0  startup_gd32f10x_md.o(.text)
    TIMER0_UP_IRQHandler                     0x08000133   Thumb Code     0  startup_gd32f10x_md.o(.text)
    TIMER1_IRQHandler                        0x08000133   Thumb Code     0  startup_gd32f10x_md.o(.text)
    TIMER3_IRQHandler                        0x08000133   Thumb Code     0  startup_gd32f10x_md.o(.text)
    USART2_IRQHandler                        0x08000133   Thumb Code     0  startup_gd32f10x_md.o(.text)
    USBD_HP_CAN0_TX_IRQHandler               0x08000133   Thumb Code     0  startup_gd32f10x_md.o(.text)
    USBD_LP_CAN0_RX0_IRQHandler              0x08000133   Thumb Code     0  startup_gd32f10x_md.o(.text)
    USBD_WKUP_IRQHandler                     0x08000133   Thumb Code     0  startup_gd32f10x_md.o(.text)
    WWDGT_IRQHandler                         0x08000133   Thumb Code     0  startup_gd32f10x_md.o(.text)
    __aeabi_memset                           0x0800013d   Thumb Code    14  memseta.o(.text)
    __aeabi_memset4                          0x0800013d   Thumb Code     0  memseta.o(.text)
    __aeabi_memset8                          0x0800013d   Thumb Code     0  memseta.o(.text)
    __aeabi_memclr                           0x0800014b   Thumb Code     4  memseta.o(.text)
    __aeabi_memclr4                          0x0800014b   Thumb Code     0  memseta.o(.text)
    __aeabi_memclr8                          0x0800014b   Thumb Code     0  memseta.o(.text)
    _memset$wrapper                          0x0800014f   Thumb Code    18  memseta.o(.text)
    strstr                                   0x08000161   Thumb Code    36  strstr.o(.text)
    strcmp                                   0x08000185   Thumb Code    28  strcmp.o(.text)
    __aeabi_fdiv                             0x080001a1   Thumb Code   124  fdiv.o(.text)
    __aeabi_dadd                             0x0800021d   Thumb Code   322  dadd.o(.text)
    __aeabi_dsub                             0x0800035f   Thumb Code     6  dadd.o(.text)
    __aeabi_drsub                            0x08000365   Thumb Code     6  dadd.o(.text)
    __aeabi_dmul                             0x0800036b   Thumb Code   228  dmul.o(.text)
    __aeabi_ddiv                             0x0800044f   Thumb Code   222  ddiv.o(.text)
    __aeabi_ui2f                             0x0800052d   Thumb Code    10  ffltui.o(.text)
    __aeabi_f2uiz                            0x08000537   Thumb Code    40  ffixui.o(.text)
    __aeabi_cdrcmple                         0x08000561   Thumb Code    48  cdrcmple.o(.text)
    __aeabi_uidiv                            0x08000591   Thumb Code     0  uidiv.o(.text)
    __aeabi_uidivmod                         0x08000591   Thumb Code    44  uidiv.o(.text)
    __aeabi_uldivmod                         0x080005bd   Thumb Code    98  uldiv.o(.text)
    __aeabi_llsl                             0x0800061f   Thumb Code    30  llshl.o(.text)
    _ll_shift_l                              0x0800061f   Thumb Code     0  llshl.o(.text)
    __aeabi_llsr                             0x0800063d   Thumb Code    32  llushr.o(.text)
    _ll_ushift_r                             0x0800063d   Thumb Code     0  llushr.o(.text)
    __aeabi_lasr                             0x0800065d   Thumb Code    36  llsshr.o(.text)
    _ll_sshift_r                             0x0800065d   Thumb Code     0  llsshr.o(.text)
    __I$use$fp                               0x08000681   Thumb Code     0  iusefp.o(.text)
    _float_round                             0x08000681   Thumb Code    18  fepilogue.o(.text)
    _float_epilogue                          0x08000693   Thumb Code    92  fepilogue.o(.text)
    _double_round                            0x080006ef   Thumb Code    30  depilogue.o(.text)
    _double_epilogue                         0x0800070d   Thumb Code   156  depilogue.o(.text)
    __aeabi_d2ulz                            0x080007a9   Thumb Code    48  dfixul.o(.text)
    __scatterload                            0x080007d9   Thumb Code    28  init.o(.text)
    __scatterload_rt2                        0x080007d9   Thumb Code     0  init.o(.text)
    ADC_DMA_MultiChannel_Init                0x080007fd   Thumb Code   280  driver_adc.o(i.ADC_DMA_MultiChannel_Init)
    BusFault_Handler                         0x08000925   Thumb Code     4  gd32f10x_it.o(i.BusFault_Handler)
    DebugMon_Handler                         0x08000929   Thumb Code     2  gd32f10x_it.o(i.DebugMon_Handler)
    DelayInit                                0x0800092d   Thumb Code    50  delay.o(i.DelayInit)
    DelayNms                                 0x08000969   Thumb Code    24  delay.o(i.DelayNms)
    DelayNus                                 0x08000981   Thumb Code    82  delay.o(i.DelayNus)
    EXTI0_IRQHandler                         0x080009dd   Thumb Code    52  driver_encoder.o(i.EXTI0_IRQHandler)
    EXTI1_IRQHandler                         0x08000a19   Thumb Code    52  driver_encoder.o(i.EXTI1_IRQHandler)
    Encoder_Get                              0x08000a55   Thumb Code    14  driver_encoder.o(i.Encoder_Get)
    Encoder_Init                             0x08000a69   Thumb Code   108  driver_encoder.o(i.Encoder_Init)
    Get_Rain_Raw                             0x08000ad9   Thumb Code     6  driver_rain.o(i.Get_Rain_Raw)
    Get_Rain_size                            0x08000ae5   Thumb Code    32  driver_rain.o(i.Get_Rain_size)
    Get_Soil_Raw                             0x08000b05   Thumb Code     6  driver_soil.o(i.Get_Soil_Raw)
    Get_Soil_humidity                        0x08000b11   Thumb Code    54  driver_soil.o(i.Get_Soil_humidity)
    HardFault_Handler                        0x08000b47   Thumb Code     4  gd32f10x_it.o(i.HardFault_Handler)
    IIC_Init                                 0x08000b79   Thumb Code     8  driver_i2c.o(i.IIC_Init)
    IIC_Light_Init                           0x08000bad   Thumb Code     8  iic_light.o(i.IIC_Light_Init)
    IIC_Light_ReadByte                       0x08000bb5   Thumb Code    92  iic_light.o(i.IIC_Light_ReadByte)
    IIC_Light_SendAck                        0x08000c15   Thumb Code    66  iic_light.o(i.IIC_Light_SendAck)
    IIC_Light_SendByte                       0x08000c5d   Thumb Code    92  iic_light.o(i.IIC_Light_SendByte)
    IIC_Light_SendNack                       0x08000cbd   Thumb Code    58  iic_light.o(i.IIC_Light_SendNack)
    IIC_Light_Start                          0x08000cfd   Thumb Code    66  iic_light.o(i.IIC_Light_Start)
    IIC_Light_Stop                           0x08000d45   Thumb Code    58  iic_light.o(i.IIC_Light_Stop)
    IIC_Light_WaitAck                        0x08000d85   Thumb Code    92  iic_light.o(i.IIC_Light_WaitAck)
    IIC_Start                                0x08000de5   Thumb Code    66  driver_i2c.o(i.IIC_Start)
    IIC_Stop                                 0x08000e2d   Thumb Code    58  driver_i2c.o(i.IIC_Stop)
    Light_Get                                0x08000e6d   Thumb Code   152  driver_light.o(i.Light_Get)
    MemManage_Handler                        0x08000f09   Thumb Code     4  gd32f10x_it.o(i.MemManage_Handler)
    NMI_Handler                              0x08000f0d   Thumb Code     2  gd32f10x_it.o(i.NMI_Handler)
    OLED_Clear                               0x08000f11   Thumb Code    36  driver_oled.o(i.OLED_Clear)
    OLED_ClearArea                           0x08000f39   Thumb Code   140  driver_oled.o(i.OLED_ClearArea)
    OLED_I2C_SendByte                        0x08000fc9   Thumb Code   144  driver_oled.o(i.OLED_I2C_SendByte)
    OLED_Init                                0x0800105d   Thumb Code   154  driver_oled.o(i.OLED_Init)
    OLED_Pow                                 0x080010f7   Thumb Code    20  driver_oled.o(i.OLED_Pow)
    OLED_SetCursor                           0x0800110b   Thumb Code    34  driver_oled.o(i.OLED_SetCursor)
    OLED_ShowChar                            0x0800112d   Thumb Code    74  driver_oled.o(i.OLED_ShowChar)
    OLED_ShowImage                           0x08001181   Thumb Code   248  driver_oled.o(i.OLED_ShowImage)
    OLED_ShowNum                             0x0800127d   Thumb Code    76  driver_oled.o(i.OLED_ShowNum)
    OLED_ShowString                          0x080012c9   Thumb Code   262  driver_oled.o(i.OLED_ShowString)
    OLED_Update                              0x080013d9   Thumb Code    36  driver_oled.o(i.OLED_Update)
    OLED_WriteCommand                        0x08001401   Thumb Code    32  driver_oled.o(i.OLED_WriteCommand)
    OLED_WriteData                           0x08001421   Thumb Code    46  driver_oled.o(i.OLED_WriteData)
    PendSV_Handler                           0x0800144f   Thumb Code     2  gd32f10x_it.o(i.PendSV_Handler)
    SVC_Handler                              0x08001451   Thumb Code     2  gd32f10x_it.o(i.SVC_Handler)
    SysTick_Handler                          0x08001453   Thumb Code     8  gd32f10x_it.o(i.SysTick_Handler)
    SystemInit                               0x0800145d   Thumb Code   116  system_gd32f10x.o(i.SystemInit)
    TIMER2_IRQHandler                        0x080014e1   Thumb Code    36  driver_timer.o(i.TIMER2_IRQHandler)
    USART0_IRQHandler                        0x0800150d   Thumb Code    86  driver_usart.o(i.USART0_IRQHandler)
    USART1_IRQHandler                        0x08001579   Thumb Code   102  driver_bluetooth.o(i.USART1_IRQHandler)
    UsageFault_Handler                       0x080015f9   Thumb Code     4  gd32f10x_it.o(i.UsageFault_Handler)
    __0printf                                0x080015fd   Thumb Code    22  printfa.o(i.__0printf)
    __1printf                                0x080015fd   Thumb Code     0  printfa.o(i.__0printf)
    __2printf                                0x080015fd   Thumb Code     0  printfa.o(i.__0printf)
    __c89printf                              0x080015fd   Thumb Code     0  printfa.o(i.__0printf)
    printf                                   0x080015fd   Thumb Code     0  printfa.o(i.__0printf)
    __scatterload_copy                       0x0800161d   Thumb Code    14  handlers.o(i.__scatterload_copy)
    __scatterload_null                       0x0800162b   Thumb Code     2  handlers.o(i.__scatterload_null)
    __scatterload_zeroinit                   0x0800162d   Thumb Code    14  handlers.o(i.__scatterload_zeroinit)
    adc_calibration_enable                   0x08001eef   Thumb Code    42  gd32f10x_adc.o(i.adc_calibration_enable)
    adc_channel_length_config                0x08001f19   Thumb Code    70  gd32f10x_adc.o(i.adc_channel_length_config)
    adc_data_alignment_config                0x08001f5f   Thumb Code    22  gd32f10x_adc.o(i.adc_data_alignment_config)
    adc_deinit                               0x08001f75   Thumb Code    84  gd32f10x_adc.o(i.adc_deinit)
    adc_dma_mode_enable                      0x08001fcd   Thumb Code    10  gd32f10x_adc.o(i.adc_dma_mode_enable)
    adc_enable                               0x08001fd7   Thumb Code    18  gd32f10x_adc.o(i.adc_enable)
    adc_external_trigger_config              0x08001fe9   Thumb Code    62  gd32f10x_adc.o(i.adc_external_trigger_config)
    adc_external_trigger_source_config       0x08002027   Thumb Code    48  gd32f10x_adc.o(i.adc_external_trigger_source_config)
    adc_mode_config                          0x08002059   Thumb Code    22  gd32f10x_adc.o(i.adc_mode_config)
    adc_regular_channel_config               0x08002075   Thumb Code   172  gd32f10x_adc.o(i.adc_regular_channel_config)
    adc_software_trigger_enable              0x08002121   Thumb Code    30  gd32f10x_adc.o(i.adc_software_trigger_enable)
    adc_special_function_config              0x0800213f   Thumb Code    90  gd32f10x_adc.o(i.adc_special_function_config)
    blt_config                               0x08002199   Thumb Code   142  driver_bluetooth.o(i.blt_config)
    blt_forward_from_pc                      0x08002231   Thumb Code    96  driver_bluetooth.o(i.blt_forward_from_pc)
    blt_forward_to_pc                        0x08002315   Thumb Code    60  driver_bluetooth.o(i.blt_forward_to_pc)
    blt_led_control                          0x080023a1   Thumb Code   242  driver_bluetooth.o(i.blt_led_control)
    blt_send_byte                            0x08002605   Thumb Code    28  driver_bluetooth.o(i.blt_send_byte)
    blt_send_string                          0x08002625   Thumb Code    36  driver_bluetooth.o(i.blt_send_string)
    delay_decrement                          0x0800264d   Thumb Code    18  systick.o(i.delay_decrement)
    dma_channel_enable                       0x08002665   Thumb Code    50  gd32f10x_dma.o(i.dma_channel_enable)
    dma_circulation_enable                   0x08002697   Thumb Code    50  gd32f10x_dma.o(i.dma_circulation_enable)
    dma_deinit                               0x080026c9   Thumb Code   112  gd32f10x_dma.o(i.dma_deinit)
    dma_init                                 0x08002739   Thumb Code   302  gd32f10x_dma.o(i.dma_init)
    exti_init                                0x08002881   Thumb Code   184  gd32f10x_exti.o(i.exti_init)
    exti_interrupt_flag_clear                0x0800293d   Thumb Code     6  gd32f10x_exti.o(i.exti_interrupt_flag_clear)
    exti_interrupt_flag_get                  0x08002949   Thumb Code    18  gd32f10x_exti.o(i.exti_interrupt_flag_get)
    fputc                                    0x08002961   Thumb Code    32  driver_usart.o(i.fputc)
    gpio_bit_reset                           0x08002985   Thumb Code     4  gd32f10x_gpio.o(i.gpio_bit_reset)
    gpio_bit_set                             0x08002989   Thumb Code     4  gd32f10x_gpio.o(i.gpio_bit_set)
    gpio_bit_write                           0x0800298d   Thumb Code    10  gd32f10x_gpio.o(i.gpio_bit_write)
    gpio_exti_source_select                  0x08002999   Thumb Code   146  gd32f10x_gpio.o(i.gpio_exti_source_select)
    gpio_init                                0x08002a31   Thumb Code   172  gd32f10x_gpio.o(i.gpio_init)
    gpio_input_bit_get                       0x08002add   Thumb Code    16  gd32f10x_gpio.o(i.gpio_input_bit_get)
    led_toggle                               0x08002aed   Thumb Code    32  driver_led.o(i.led_toggle)
    ledboard_init                            0x08002b11   Thumb Code    26  driver_led.o(i.ledboard_init)
    ledstate_set                             0x08002b31   Thumb Code    30  driver_led.o(i.ledstate_set)
    main                                     0x08002b55   Thumb Code   178  main.o(i.main)
    nvic_irq_enable                          0x08002c59   Thumb Code   162  gd32f10x_misc.o(i.nvic_irq_enable)
    nvic_priority_group_set                  0x08002d05   Thumb Code    10  gd32f10x_misc.o(i.nvic_priority_group_set)
    nvic_vector_table_set                    0x08002d19   Thumb Code    12  gd32f10x_misc.o(i.nvic_vector_table_set)
    rcu_adc_clock_config                     0x08002d2d   Thumb Code    64  gd32f10x_rcu.o(i.rcu_adc_clock_config)
    rcu_clock_freq_get                       0x08002d75   Thumb Code   264  gd32f10x_rcu.o(i.rcu_clock_freq_get)
    rcu_periph_clock_enable                  0x08002e99   Thumb Code    28  gd32f10x_rcu.o(i.rcu_periph_clock_enable)
    rcu_periph_reset_disable                 0x08002eb9   Thumb Code    28  gd32f10x_rcu.o(i.rcu_periph_reset_disable)
    rcu_periph_reset_enable                  0x08002ed9   Thumb Code    28  gd32f10x_rcu.o(i.rcu_periph_reset_enable)
    timer2_config                            0x08002fc5   Thumb Code    80  driver_timer.o(i.timer2_config)
    timer_deinit                             0x08003019   Thumb Code   210  gd32f10x_timer.o(i.timer_deinit)
    timer_enable                             0x080030f5   Thumb Code    10  gd32f10x_timer.o(i.timer_enable)
    timer_init                               0x08003101   Thumb Code   170  gd32f10x_timer.o(i.timer_init)
    timer_interrupt_enable                   0x080031e1   Thumb Code     8  gd32f10x_timer.o(i.timer_interrupt_enable)
    timer_interrupt_flag_clear               0x080031e9   Thumb Code     6  gd32f10x_timer.o(i.timer_interrupt_flag_clear)
    timer_interrupt_flag_get                 0x080031ef   Thumb Code    24  gd32f10x_timer.o(i.timer_interrupt_flag_get)
    uart_send_string                         0x08003207   Thumb Code    54  driver_usart.o(i.uart_send_string)
    usart_baudrate_set                       0x0800323d   Thumb Code   136  gd32f10x_usart.o(i.usart_baudrate_set)
    usart_config                             0x080032cd   Thumb Code   146  driver_usart.o(i.usart_config)
    usart_data_receive                       0x08003369   Thumb Code    10  gd32f10x_usart.o(i.usart_data_receive)
    usart_data_transmit                      0x08003373   Thumb Code     8  gd32f10x_usart.o(i.usart_data_transmit)
    usart_deinit                             0x0800337d   Thumb Code   136  gd32f10x_usart.o(i.usart_deinit)
    usart_enable                             0x0800340d   Thumb Code    10  gd32f10x_usart.o(i.usart_enable)
    usart_flag_get                           0x08003417   Thumb Code    30  gd32f10x_usart.o(i.usart_flag_get)
    usart_hardware_flow_cts_config           0x08003435   Thumb Code    16  gd32f10x_usart.o(i.usart_hardware_flow_cts_config)
    usart_hardware_flow_rts_config           0x08003445   Thumb Code    16  gd32f10x_usart.o(i.usart_hardware_flow_rts_config)
    usart_interrupt_enable                   0x08003455   Thumb Code    26  gd32f10x_usart.o(i.usart_interrupt_enable)
    usart_interrupt_flag_get                 0x0800346f   Thumb Code    56  gd32f10x_usart.o(i.usart_interrupt_flag_get)
    usart_parity_config                      0x080034a7   Thumb Code    16  gd32f10x_usart.o(i.usart_parity_config)
    usart_receive_config                     0x080034b7   Thumb Code    16  gd32f10x_usart.o(i.usart_receive_config)
    usart_stop_bit_set                       0x080034c7   Thumb Code    16  gd32f10x_usart.o(i.usart_stop_bit_set)
    usart_transmit_config                    0x080034d7   Thumb Code    16  gd32f10x_usart.o(i.usart_transmit_config)
    usart_word_length_set                    0x080034e7   Thumb Code    16  gd32f10x_usart.o(i.usart_word_length_set)
    OLED_F8x16                               0x080034f6   Data        1520  oled_data.o(.constdata)
    OLED_F6x8                                0x08003ae6   Data         570  oled_data.o(.constdata)
    OLED_CF16x16                             0x08003d20   Data         245  oled_data.o(.constdata)
    Diode                                    0x08003e15   Data          32  oled_data.o(.constdata)
    Region$$Table$$Base                      0x08003e38   Number         0  anon$$obj.o(Region$$Table)
    Region$$Table$$Limit                     0x08003e58   Number         0  anon$$obj.o(Region$$Table)
    Num                                      0x20000000   Data           2  main.o(.data)
    Light                                    0x20000002   Data           2  main.o(.data)
    rain                                     0x20000004   Data           2  main.o(.data)
    soil_humidity                            0x20000006   Data           1  main.o(.data)
    usart0_rx_count                          0x2000000c   Data           2  driver_usart.o(.data)
    usart0_rx_flag                           0x2000000e   Data           1  driver_usart.o(.data)
    Encoder_Count                            0x20000010   Data           2  driver_encoder.o(.data)
    blt_rx_count                             0x20000012   Data           2  driver_bluetooth.o(.data)
    blt_rx_complete_flag                     0x20000014   Data           1  driver_bluetooth.o(.data)
    led_blink_mode                           0x20000015   Data           1  driver_bluetooth.o(.data)
    adc_buffer                               0x20000016   Data           4  driver_adc.o(.data)
    __stdout                                 0x2000001c   Data           4  stdout.o(.data)
    usart0_rx_buffer                         0x20000020   Data         128  driver_usart.o(.bss)
    OLED_DisplayBuf                          0x200000a0   Data        1024  driver_oled.o(.bss)
    blt_rx_buffer                            0x200004a0   Data         128  driver_bluetooth.o(.bss)
    __initial_sp                             0x20002520   Data           0  startup_gd32f10x_md.o(STACK)



==============================================================================

Memory Map of the image

  Image Entry point : 0x08000105

  Load Region LR_IROM1 (Base: 0x08000000, Size: 0x00003e78, Max: 0x00010000, ABSOLUTE)

    Execution Region ER_IROM1 (Exec base: 0x08000000, Load base: 0x08000000, Size: 0x00003e58, Max: 0x00010000, ABSOLUTE)

    Exec Addr    Load Addr    Size         Type   Attr      Idx    E Section Name        Object

    0x08000000   0x08000000   0x00000104   Data   RO          365    RESET               startup_gd32f10x_md.o
    0x08000104   0x08000104   0x00000000   Code   RO         4599  * .ARM.Collect$$$$00000000  mc_w.l(entry.o)
    0x08000104   0x08000104   0x00000004   Code   RO         4926    .ARM.Collect$$$$00000001  mc_w.l(entry2.o)
    0x08000108   0x08000108   0x00000004   Code   RO         4929    .ARM.Collect$$$$00000004  mc_w.l(entry5.o)
    0x0800010c   0x0800010c   0x00000000   Code   RO         4931    .ARM.Collect$$$$00000008  mc_w.l(entry7b.o)
    0x0800010c   0x0800010c   0x00000000   Code   RO         4933    .ARM.Collect$$$$0000000A  mc_w.l(entry8b.o)
    0x0800010c   0x0800010c   0x00000008   Code   RO         4934    .ARM.Collect$$$$0000000B  mc_w.l(entry9a.o)
    0x08000114   0x08000114   0x00000000   Code   RO         4936    .ARM.Collect$$$$0000000D  mc_w.l(entry10a.o)
    0x08000114   0x08000114   0x00000000   Code   RO         4938    .ARM.Collect$$$$0000000F  mc_w.l(entry11a.o)
    0x08000114   0x08000114   0x00000004   Code   RO         4927    .ARM.Collect$$$$00002712  mc_w.l(entry2.o)
    0x08000118   0x08000118   0x00000024   Code   RO          366    .text               startup_gd32f10x_md.o
    0x0800013c   0x0800013c   0x00000024   Code   RO         4602    .text               mc_w.l(memseta.o)
    0x08000160   0x08000160   0x00000024   Code   RO         4604    .text               mc_w.l(strstr.o)
    0x08000184   0x08000184   0x0000001c   Code   RO         4606    .text               mc_w.l(strcmp.o)
    0x080001a0   0x080001a0   0x0000007c   Code   RO         4871    .text               mf_w.l(fdiv.o)
    0x0800021c   0x0800021c   0x0000014e   Code   RO         4873    .text               mf_w.l(dadd.o)
    0x0800036a   0x0800036a   0x000000e4   Code   RO         4875    .text               mf_w.l(dmul.o)
    0x0800044e   0x0800044e   0x000000de   Code   RO         4877    .text               mf_w.l(ddiv.o)
    0x0800052c   0x0800052c   0x0000000a   Code   RO         4881    .text               mf_w.l(ffltui.o)
    0x08000536   0x08000536   0x00000028   Code   RO         4887    .text               mf_w.l(ffixui.o)
    0x0800055e   0x0800055e   0x00000002   PAD
    0x08000560   0x08000560   0x00000030   Code   RO         4895    .text               mf_w.l(cdrcmple.o)
    0x08000590   0x08000590   0x0000002c   Code   RO         4941    .text               mc_w.l(uidiv.o)
    0x080005bc   0x080005bc   0x00000062   Code   RO         4943    .text               mc_w.l(uldiv.o)
    0x0800061e   0x0800061e   0x0000001e   Code   RO         4945    .text               mc_w.l(llshl.o)
    0x0800063c   0x0800063c   0x00000020   Code   RO         4947    .text               mc_w.l(llushr.o)
    0x0800065c   0x0800065c   0x00000024   Code   RO         4949    .text               mc_w.l(llsshr.o)
    0x08000680   0x08000680   0x00000000   Code   RO         4958    .text               mc_w.l(iusefp.o)
    0x08000680   0x08000680   0x0000006e   Code   RO         4959    .text               mf_w.l(fepilogue.o)
    0x080006ee   0x080006ee   0x000000ba   Code   RO         4961    .text               mf_w.l(depilogue.o)
    0x080007a8   0x080007a8   0x00000030   Code   RO         4965    .text               mf_w.l(dfixul.o)
    0x080007d8   0x080007d8   0x00000024   Code   RO         4971    .text               mc_w.l(init.o)
    0x080007fc   0x080007fc   0x00000128   Code   RO         4568    i.ADC_DMA_MultiChannel_Init  driver_adc.o
    0x08000924   0x08000924   0x00000004   Code   RO          209    i.BusFault_Handler  gd32f10x_it.o
    0x08000928   0x08000928   0x00000002   Code   RO          210    i.DebugMon_Handler  gd32f10x_it.o
    0x0800092a   0x0800092a   0x00000002   PAD
    0x0800092c   0x0800092c   0x0000003c   Code   RO          177    i.DelayInit         delay.o
    0x08000968   0x08000968   0x00000018   Code   RO          178    i.DelayNms          delay.o
    0x08000980   0x08000980   0x0000005c   Code   RO          179    i.DelayNus          delay.o
    0x080009dc   0x080009dc   0x0000003c   Code   RO         4240    i.EXTI0_IRQHandler  driver_encoder.o
    0x08000a18   0x08000a18   0x0000003c   Code   RO         4241    i.EXTI1_IRQHandler  driver_encoder.o
    0x08000a54   0x08000a54   0x00000014   Code   RO         4242    i.Encoder_Get       driver_encoder.o
    0x08000a68   0x08000a68   0x00000070   Code   RO         4243    i.Encoder_Init      driver_encoder.o
    0x08000ad8   0x08000ad8   0x0000000c   Code   RO         4541    i.Get_Rain_Raw      driver_rain.o
    0x08000ae4   0x08000ae4   0x00000020   Code   RO         4542    i.Get_Rain_size     driver_rain.o
    0x08000b04   0x08000b04   0x0000000c   Code   RO         4514    i.Get_Soil_Raw      driver_soil.o
    0x08000b10   0x08000b10   0x00000036   Code   RO         4515    i.Get_Soil_humidity  driver_soil.o
    0x08000b46   0x08000b46   0x00000004   Code   RO          211    i.HardFault_Handler  gd32f10x_it.o
    0x08000b4a   0x08000b4a   0x00000002   PAD
    0x08000b4c   0x08000b4c   0x0000002c   Code   RO         3956    i.IIC_GpioInit      driver_i2c.o
    0x08000b78   0x08000b78   0x00000008   Code   RO         3957    i.IIC_Init          driver_i2c.o
    0x08000b80   0x08000b80   0x0000002c   Code   RO         4305    i.IIC_Light_GpioInit  iic_light.o
    0x08000bac   0x08000bac   0x00000008   Code   RO         4306    i.IIC_Light_Init    iic_light.o
    0x08000bb4   0x08000bb4   0x00000060   Code   RO         4307    i.IIC_Light_ReadByte  iic_light.o
    0x08000c14   0x08000c14   0x00000048   Code   RO         4309    i.IIC_Light_SendAck  iic_light.o
    0x08000c5c   0x08000c5c   0x00000060   Code   RO         4310    i.IIC_Light_SendByte  iic_light.o
    0x08000cbc   0x08000cbc   0x00000040   Code   RO         4311    i.IIC_Light_SendNack  iic_light.o
    0x08000cfc   0x08000cfc   0x00000048   Code   RO         4312    i.IIC_Light_Start   iic_light.o
    0x08000d44   0x08000d44   0x00000040   Code   RO         4313    i.IIC_Light_Stop    iic_light.o
    0x08000d84   0x08000d84   0x00000060   Code   RO         4314    i.IIC_Light_WaitAck  iic_light.o
    0x08000de4   0x08000de4   0x00000048   Code   RO         3962    i.IIC_Start         driver_i2c.o
    0x08000e2c   0x08000e2c   0x00000040   Code   RO         3963    i.IIC_Stop          driver_i2c.o
    0x08000e6c   0x08000e6c   0x0000009c   Code   RO         4281    i.Light_Get         driver_light.o
    0x08000f08   0x08000f08   0x00000004   Code   RO          212    i.MemManage_Handler  gd32f10x_it.o
    0x08000f0c   0x08000f0c   0x00000002   Code   RO          213    i.NMI_Handler       gd32f10x_it.o
    0x08000f0e   0x08000f0e   0x00000002   PAD
    0x08000f10   0x08000f10   0x00000028   Code   RO         4026    i.OLED_Clear        driver_oled.o
    0x08000f38   0x08000f38   0x00000090   Code   RO         4027    i.OLED_ClearArea    driver_oled.o
    0x08000fc8   0x08000fc8   0x00000094   Code   RO         4036    i.OLED_I2C_SendByte  driver_oled.o
    0x0800105c   0x0800105c   0x0000009a   Code   RO         4037    i.OLED_Init         driver_oled.o
    0x080010f6   0x080010f6   0x00000014   Code   RO         4039    i.OLED_Pow          driver_oled.o
    0x0800110a   0x0800110a   0x00000022   Code   RO         4043    i.OLED_SetCursor    driver_oled.o
    0x0800112c   0x0800112c   0x00000054   Code   RO         4045    i.OLED_ShowChar     driver_oled.o
    0x08001180   0x08001180   0x000000fc   Code   RO         4048    i.OLED_ShowImage    driver_oled.o
    0x0800127c   0x0800127c   0x0000004c   Code   RO         4049    i.OLED_ShowNum      driver_oled.o
    0x080012c8   0x080012c8   0x00000110   Code   RO         4051    i.OLED_ShowString   driver_oled.o
    0x080013d8   0x080013d8   0x00000028   Code   RO         4052    i.OLED_Update       driver_oled.o
    0x08001400   0x08001400   0x00000020   Code   RO         4054    i.OLED_WriteCommand  driver_oled.o
    0x08001420   0x08001420   0x0000002e   Code   RO         4055    i.OLED_WriteData    driver_oled.o
    0x0800144e   0x0800144e   0x00000002   Code   RO          214    i.PendSV_Handler    gd32f10x_it.o
    0x08001450   0x08001450   0x00000002   Code   RO          215    i.SVC_Handler       gd32f10x_it.o
    0x08001452   0x08001452   0x00000008   Code   RO          216    i.SysTick_Handler   gd32f10x_it.o
    0x0800145a   0x0800145a   0x00000002   PAD
    0x0800145c   0x0800145c   0x00000084   Code   RO          324    i.SystemInit        system_gd32f10x.o
    0x080014e0   0x080014e0   0x0000002c   Code   RO         4487    i.TIMER2_IRQHandler  driver_timer.o
    0x0800150c   0x0800150c   0x0000006c   Code   RO         3910    i.USART0_IRQHandler  driver_usart.o
    0x08001578   0x08001578   0x00000080   Code   RO         4384    i.USART1_IRQHandler  driver_bluetooth.o
    0x080015f8   0x080015f8   0x00000004   Code   RO          217    i.UsageFault_Handler  gd32f10x_it.o
    0x080015fc   0x080015fc   0x00000020   Code   RO         4841    i.__0printf         mc_w.l(printfa.o)
    0x0800161c   0x0800161c   0x0000000e   Code   RO         4977    i.__scatterload_copy  mc_w.l(handlers.o)
    0x0800162a   0x0800162a   0x00000002   Code   RO         4978    i.__scatterload_null  mc_w.l(handlers.o)
    0x0800162c   0x0800162c   0x0000000e   Code   RO         4979    i.__scatterload_zeroinit  mc_w.l(handlers.o)
    0x0800163a   0x0800163a   0x00000002   PAD
    0x0800163c   0x0800163c   0x00000184   Code   RO         4848    i._fp_digits        mc_w.l(printfa.o)
    0x080017c0   0x080017c0   0x000006dc   Code   RO         4849    i._printf_core      mc_w.l(printfa.o)
    0x08001e9c   0x08001e9c   0x00000024   Code   RO         4850    i._printf_post_padding  mc_w.l(printfa.o)
    0x08001ec0   0x08001ec0   0x0000002e   Code   RO         4851    i._printf_pre_padding  mc_w.l(printfa.o)
    0x08001eee   0x08001eee   0x0000002a   Code   RO          372    i.adc_calibration_enable  gd32f10x_adc.o
    0x08001f18   0x08001f18   0x00000046   Code   RO          373    i.adc_channel_length_config  gd32f10x_adc.o
    0x08001f5e   0x08001f5e   0x00000016   Code   RO          374    i.adc_data_alignment_config  gd32f10x_adc.o
    0x08001f74   0x08001f74   0x00000058   Code   RO          375    i.adc_deinit        gd32f10x_adc.o
    0x08001fcc   0x08001fcc   0x0000000a   Code   RO          379    i.adc_dma_mode_enable  gd32f10x_adc.o
    0x08001fd6   0x08001fd6   0x00000012   Code   RO          380    i.adc_enable        gd32f10x_adc.o
    0x08001fe8   0x08001fe8   0x0000003e   Code   RO          381    i.adc_external_trigger_config  gd32f10x_adc.o
    0x08002026   0x08002026   0x00000030   Code   RO          382    i.adc_external_trigger_source_config  gd32f10x_adc.o
    0x08002056   0x08002056   0x00000002   PAD
    0x08002058   0x08002058   0x0000001c   Code   RO          393    i.adc_mode_config   gd32f10x_adc.o
    0x08002074   0x08002074   0x000000ac   Code   RO          394    i.adc_regular_channel_config  gd32f10x_adc.o
    0x08002120   0x08002120   0x0000001e   Code   RO          397    i.adc_software_trigger_enable  gd32f10x_adc.o
    0x0800213e   0x0800213e   0x0000005a   Code   RO          398    i.adc_special_function_config  gd32f10x_adc.o
    0x08002198   0x08002198   0x00000098   Code   RO         4385    i.blt_config        driver_bluetooth.o
    0x08002230   0x08002230   0x000000e4   Code   RO         4386    i.blt_forward_from_pc  driver_bluetooth.o
    0x08002314   0x08002314   0x0000008c   Code   RO         4387    i.blt_forward_to_pc  driver_bluetooth.o
    0x080023a0   0x080023a0   0x00000264   Code   RO         4388    i.blt_led_control   driver_bluetooth.o
    0x08002604   0x08002604   0x00000020   Code   RO         4389    i.blt_send_byte     driver_bluetooth.o
    0x08002624   0x08002624   0x00000028   Code   RO         4390    i.blt_send_string   driver_bluetooth.o
    0x0800264c   0x0800264c   0x00000018   Code   RO          282    i.delay_decrement   systick.o
    0x08002664   0x08002664   0x00000032   Code   RO         1165    i.dma_channel_enable  gd32f10x_dma.o
    0x08002696   0x08002696   0x00000032   Code   RO         1167    i.dma_circulation_enable  gd32f10x_dma.o
    0x080026c8   0x080026c8   0x00000070   Code   RO         1168    i.dma_deinit        gd32f10x_dma.o
    0x08002738   0x08002738   0x0000012e   Code   RO         1171    i.dma_init          gd32f10x_dma.o
    0x08002866   0x08002866   0x00000002   PAD
    0x08002868   0x08002868   0x00000018   Code   RO         1183    i.dma_periph_and_channel_check  gd32f10x_dma.o
    0x08002880   0x08002880   0x000000bc   Code   RO         1516    i.exti_init         gd32f10x_exti.o
    0x0800293c   0x0800293c   0x0000000c   Code   RO         1519    i.exti_interrupt_flag_clear  gd32f10x_exti.o
    0x08002948   0x08002948   0x00000018   Code   RO         1520    i.exti_interrupt_flag_get  gd32f10x_exti.o
    0x08002960   0x08002960   0x00000024   Code   RO         3911    i.fputc             driver_usart.o
    0x08002984   0x08002984   0x00000004   Code   RO         1866    i.gpio_bit_reset    gd32f10x_gpio.o
    0x08002988   0x08002988   0x00000004   Code   RO         1867    i.gpio_bit_set      gd32f10x_gpio.o
    0x0800298c   0x0800298c   0x0000000a   Code   RO         1868    i.gpio_bit_write    gd32f10x_gpio.o
    0x08002996   0x08002996   0x00000002   PAD
    0x08002998   0x08002998   0x00000098   Code   RO         1873    i.gpio_exti_source_select  gd32f10x_gpio.o
    0x08002a30   0x08002a30   0x000000ac   Code   RO         1874    i.gpio_init         gd32f10x_gpio.o
    0x08002adc   0x08002adc   0x00000010   Code   RO         1875    i.gpio_input_bit_get  gd32f10x_gpio.o
    0x08002aec   0x08002aec   0x00000024   Code   RO         4450    i.led_toggle        driver_led.o
    0x08002b10   0x08002b10   0x00000020   Code   RO         4451    i.ledboard_init     driver_led.o
    0x08002b30   0x08002b30   0x00000024   Code   RO         4452    i.ledstate_set      driver_led.o
    0x08002b54   0x08002b54   0x00000104   Code   RO            3    i.main              main.o
    0x08002c58   0x08002c58   0x000000ac   Code   RO         2182    i.nvic_irq_enable   gd32f10x_misc.o
    0x08002d04   0x08002d04   0x00000014   Code   RO         2183    i.nvic_priority_group_set  gd32f10x_misc.o
    0x08002d18   0x08002d18   0x00000014   Code   RO         2184    i.nvic_vector_table_set  gd32f10x_misc.o
    0x08002d2c   0x08002d2c   0x00000048   Code   RO         2324    i.rcu_adc_clock_config  gd32f10x_rcu.o
    0x08002d74   0x08002d74   0x00000124   Code   RO         2332    i.rcu_clock_freq_get  gd32f10x_rcu.o
    0x08002e98   0x08002e98   0x00000020   Code   RO         2349    i.rcu_periph_clock_enable  gd32f10x_rcu.o
    0x08002eb8   0x08002eb8   0x00000020   Code   RO         2352    i.rcu_periph_reset_disable  gd32f10x_rcu.o
    0x08002ed8   0x08002ed8   0x00000020   Code   RO         2353    i.rcu_periph_reset_enable  gd32f10x_rcu.o
    0x08002ef8   0x08002ef8   0x000000c4   Code   RO          325    i.system_clock_108m_hxtal  system_gd32f10x.o
    0x08002fbc   0x08002fbc   0x00000008   Code   RO          326    i.system_clock_config  system_gd32f10x.o
    0x08002fc4   0x08002fc4   0x00000054   Code   RO         4488    i.timer2_config     driver_timer.o
    0x08003018   0x08003018   0x000000dc   Code   RO         3173    i.timer_deinit      gd32f10x_timer.o
    0x080030f4   0x080030f4   0x0000000a   Code   RO         3178    i.timer_enable      gd32f10x_timer.o
    0x080030fe   0x080030fe   0x00000002   PAD
    0x08003100   0x08003100   0x000000e0   Code   RO         3188    i.timer_init        gd32f10x_timer.o
    0x080031e0   0x080031e0   0x00000008   Code   RO         3195    i.timer_interrupt_enable  gd32f10x_timer.o
    0x080031e8   0x080031e8   0x00000006   Code   RO         3196    i.timer_interrupt_flag_clear  gd32f10x_timer.o
    0x080031ee   0x080031ee   0x00000018   Code   RO         3197    i.timer_interrupt_flag_get  gd32f10x_timer.o
    0x08003206   0x08003206   0x00000036   Code   RO         3912    i.uart_send_string  driver_usart.o
    0x0800323c   0x0800323c   0x00000090   Code   RO         3571    i.usart_baudrate_set  gd32f10x_usart.o
    0x080032cc   0x080032cc   0x0000009c   Code   RO         3913    i.usart_config      driver_usart.o
    0x08003368   0x08003368   0x0000000a   Code   RO         3572    i.usart_data_receive  gd32f10x_usart.o
    0x08003372   0x08003372   0x00000008   Code   RO         3573    i.usart_data_transmit  gd32f10x_usart.o
    0x0800337a   0x0800337a   0x00000002   PAD
    0x0800337c   0x0800337c   0x00000090   Code   RO         3574    i.usart_deinit      gd32f10x_usart.o
    0x0800340c   0x0800340c   0x0000000a   Code   RO         3578    i.usart_enable      gd32f10x_usart.o
    0x08003416   0x08003416   0x0000001e   Code   RO         3580    i.usart_flag_get    gd32f10x_usart.o
    0x08003434   0x08003434   0x00000010   Code   RO         3584    i.usart_hardware_flow_cts_config  gd32f10x_usart.o
    0x08003444   0x08003444   0x00000010   Code   RO         3585    i.usart_hardware_flow_rts_config  gd32f10x_usart.o
    0x08003454   0x08003454   0x0000001a   Code   RO         3587    i.usart_interrupt_enable  gd32f10x_usart.o
    0x0800346e   0x0800346e   0x00000038   Code   RO         3589    i.usart_interrupt_flag_get  gd32f10x_usart.o
    0x080034a6   0x080034a6   0x00000010   Code   RO         3599    i.usart_parity_config  gd32f10x_usart.o
    0x080034b6   0x080034b6   0x00000010   Code   RO         3601    i.usart_receive_config  gd32f10x_usart.o
    0x080034c6   0x080034c6   0x00000010   Code   RO         3607    i.usart_stop_bit_set  gd32f10x_usart.o
    0x080034d6   0x080034d6   0x00000010   Code   RO         3611    i.usart_transmit_config  gd32f10x_usart.o
    0x080034e6   0x080034e6   0x00000010   Code   RO         3612    i.usart_word_length_set  gd32f10x_usart.o
    0x080034f6   0x080034f6   0x0000093f   Data   RO         3896    .constdata          oled_data.o
    0x08003e35   0x08003e35   0x00000003   PAD
    0x08003e38   0x08003e38   0x00000020   Data   RO         4975    Region$$Table       anon$$obj.o


    Execution Region RW_IRAM1 (Exec base: 0x20000000, Load base: 0x08003e58, Size: 0x00002520, Max: 0x00005000, ABSOLUTE)

    Exec Addr    Load Addr    Size         Type   Attr      Idx    E Section Name        Object

    0x20000000   0x08003e58   0x00000007   Data   RW            4    .data               main.o
    0x20000007   0x08003e5f   0x00000001   PAD
    0x20000008   0x08003e60   0x00000004   Data   RW          284    .data               systick.o
    0x2000000c   0x08003e64   0x00000003   Data   RW         3915    .data               driver_usart.o
    0x2000000f   0x08003e67   0x00000001   PAD
    0x20000010   0x08003e68   0x00000002   Data   RW         4244    .data               driver_encoder.o
    0x20000012   0x08003e6a   0x00000004   Data   RW         4392    .data               driver_bluetooth.o
    0x20000016   0x08003e6e   0x00000004   Data   RW         4569    .data               driver_adc.o
    0x2000001a   0x08003e72   0x00000002   PAD
    0x2000001c   0x08003e74   0x00000004   Data   RW         4940    .data               mc_w.l(stdout.o)
    0x20000020        -       0x00000080   Zero   RW         3914    .bss                driver_usart.o
    0x200000a0        -       0x00000400   Zero   RW         4057    .bss                driver_oled.o
    0x200004a0        -       0x00000080   Zero   RW         4391    .bss                driver_bluetooth.o
    0x20000520        -       0x00002000   Zero   RW          363    STACK               startup_gd32f10x_md.o


==============================================================================

Image component sizes


      Code (inc. data)   RO Data    RW Data    ZI Data      Debug   Object Name

       176         20          0          0          0       1578   delay.o
       296         16          0          4          0       1409   driver_adc.o
      1332        626          0          4        128       5386   driver_bluetooth.o
       252         26          0          2          0       2271   driver_encoder.o
       188         16          0          0          0       1842   driver_i2c.o
       104         16          0          0          0       1432   driver_led.o
       156          4          0          0          0        708   driver_light.o
      1342         40          0          0       1024       9961   driver_oled.o
        44          6          0          0          0        987   driver_rain.o
        66          6          0          0          0       1031   driver_soil.o
       128         12          0          0          0       1024   driver_timer.o
       354         36          0          3        128       4476   driver_usart.o
       680         10          0          0          0       7791   gd32f10x_adc.o
       538          6          0          0          0       3910   gd32f10x_dma.o
       224         16          0          0          0       1894   gd32f10x_exti.o
       358          6          0          0          0       4024   gd32f10x_gpio.o
        32          0          0          0          0       3762   gd32f10x_it.o
       212         28          0          0          0       2008   gd32f10x_misc.o
       460         56          0          0          0       3479   gd32f10x_rcu.o
       492         64          0          0          0       4536   gd32f10x_timer.o
       540         16          0          0          0       9603   gd32f10x_usart.o
       612         40          0          0          0       4791   iic_light.o
       260         82          0          7          0      61618   main.o
         0          0       2367          0          0       1274   oled_data.o
        36          8        260          0       8192        920   startup_gd32f10x_md.o
       336         30          0          0          0       1617   system_gd32f10x.o
        24          6          0          4          0       1038   systick.o

    ----------------------------------------------------------------------
      9260       1192       2662         28       9472     144370   Object Totals
         0          0         32          0          0          0   (incl. Generated)
        18          0          3          4          0          0   (incl. Padding)

    ----------------------------------------------------------------------

      Code (inc. data)   RO Data    RW Data    ZI Data      Debug   Library Member Name

         0          0          0          0          0          0   entry.o
         0          0          0          0          0          0   entry10a.o
         0          0          0          0          0          0   entry11a.o
         8          4          0          0          0          0   entry2.o
         4          0          0          0          0          0   entry5.o
         0          0          0          0          0          0   entry7b.o
         0          0          0          0          0          0   entry8b.o
         8          4          0          0          0          0   entry9a.o
        30          0          0          0          0          0   handlers.o
        36          8          0          0          0         68   init.o
         0          0          0          0          0          0   iusefp.o
        30          0          0          0          0         68   llshl.o
        36          0          0          0          0         68   llsshr.o
        32          0          0          0          0         68   llushr.o
        36          0          0          0          0        108   memseta.o
      2258         90          0          0          0        452   printfa.o
         0          0          0          4          0          0   stdout.o
        28          0          0          0          0         76   strcmp.o
        36          0          0          0          0         80   strstr.o
        44          0          0          0          0         80   uidiv.o
        98          0          0          0          0         92   uldiv.o
        48          0          0          0          0         68   cdrcmple.o
       334          0          0          0          0        148   dadd.o
       222          0          0          0          0        100   ddiv.o
       186          0          0          0          0        176   depilogue.o
        48          0          0          0          0         68   dfixul.o
       228          0          0          0          0         96   dmul.o
       124          0          0          0          0         88   fdiv.o
       110          0          0          0          0        168   fepilogue.o
        40          0          0          0          0         68   ffixui.o
        10          0          0          0          0         68   ffltui.o

    ----------------------------------------------------------------------
      4038        106          0          4          0       2208   Library Totals
         4          0          0          0          0          0   (incl. Padding)

    ----------------------------------------------------------------------

      Code (inc. data)   RO Data    RW Data    ZI Data      Debug   Library Name

      2684        106          0          4          0       1160   mc_w.l
      1350          0          0          0          0       1048   mf_w.l

    ----------------------------------------------------------------------
      4038        106          0          4          0       2208   Library Totals

    ----------------------------------------------------------------------

==============================================================================


      Code (inc. data)   RO Data    RW Data    ZI Data      Debug   

     13298       1298       2662         32       9472     139346   Grand Totals
     13298       1298       2662         32       9472     139346   ELF Image Totals
     13298       1298       2662         32          0          0   ROM Totals

==============================================================================

    Total RO  Size (Code + RO Data)                15960 (  15.59kB)
    Total RW  Size (RW Data + ZI Data)              9504 (   9.28kB)
    Total ROM Size (Code + RO Data + RW Data)      15992 (  15.62kB)

==============================================================================

